<html>
<body>
<pre>
<h1>µVision Build Log</h1>
<h2>Project:</h2>
C:\Users\philipp\Desktop\stm3210c-skeleton\stm3210c-skeleton.uvproj
Project File Date:  04/18/2011

<h2>Output:</h2>
Build target 'Target 1'
assembling STM32F10x.s...
compiling system_stm32f10x_cl.c...
compiling GLCD.c...
compiling main.c...
compiling setup.c...
compiling heap_2.c...
compiling list.c...
compiling port.c...
compiling queue.c...
compiling tasks.c...
linking...
Program Size: Code=9644 RO-data=268 RW-data=5500 ZI-data=57036  
".\bin\stm3210c-skeleton.axf" - 0 Error(s), 0 Warning(s).
Load "C:\\Users\\philipp\\Desktop\\stm3210c-skeleton\\bin\\stm3210c-skeleton.AXF" 
Build target 'Target 1'
compiling main.c...
C:\Keil\ARM\INC\ST\STM32F10x\cortexm3_macro.h(30): error:  #55: too many arguments in macro invocation
C:\Keil\ARM\INC\ST\STM32F10x\cortexm3_macro.h(30): error:  #79: expected a type specifier
C:\Keil\ARM\INC\ST\STM32F10x\cortexm3_macro.h(31): error:  #55: too many arguments in macro invocation
C:\Keil\ARM\INC\ST\STM32F10x\cortexm3_macro.h(31): error:  #79: expected a type specifier
C:\Keil\ARM\INC\ST\STM32F10x\cortexm3_macro.h(32): error:  #55: too many arguments in macro invocation
C:\Keil\ARM\INC\ST\STM32F10x\cortexm3_macro.h(32): error:  #79: expected a type specifier
C:\Keil\ARM\INC\ST\STM32F10x\stm32f10x_map.h(58): error:  #256: invalid redeclaration of type name "ADC_TypeDef" (declared at line 153 of "C:\Keil\ARM\INC\ST\STM32F10x\stm32f10x_cl.h")
C:\Keil\ARM\INC\ST\STM32F10x\stm32f10x_map.h(154): error:  #256: invalid redeclaration of type name "BKP_TypeDef" (declared at line 267 of "C:\Keil\ARM\INC\ST\STM32F10x\stm32f10x_cl.h")
C:\Keil\ARM\INC\ST\STM32F10x\stm32f10x_map.h(163): error:  #256: invalid redeclaration of type name "CAN_TxMailBox_TypeDef" (declared at line 276 of "C:\Keil\ARM\INC\ST\STM32F10x\stm32f10x_cl.h")
C:\Keil\ARM\INC\ST\STM32F10x\stm32f10x_map.h(171): error:  #256: invalid redeclaration of type name "CAN_FIFOMailBox_TypeDef" (declared at line 284 of "C:\Keil\ARM\INC\ST\STM32F10x\stm32f10x_cl.h")
C:\Keil\ARM\INC\ST\STM32F10x\stm32f10x_map.h(177): error:  #256: invalid redeclaration of type name "CAN_FilterRegister_TypeDef" (declared at line 290 of "C:\Keil\ARM\INC\ST\STM32F10x\stm32f10x_cl.h")
C:\Keil\ARM\INC\ST\STM32F10x\stm32f10x_map.h(203): error:  #256: invalid redeclaration of type name "CAN_TypeDef" (declared at line 316 of "C:\Keil\ARM\INC\ST\STM32F10x\stm32f10x_cl.h")
C:\Keil\ARM\INC\ST\STM32F10x\stm32f10x_map.h(213): error:  #256: invalid redeclaration of type name "CRC_TypeDef" (declared at line 636 of "C:\Keil\ARM\INC\ST\STM32F10x\stm32f10x_cl.h")
C:\Keil\ARM\INC\ST\STM32F10x\stm32f10x_map.h(232): error:  #256: invalid redeclaration of type name "DAC_TypeDef" (declared at line 171 of "C:\Keil\ARM\INC\ST\STM32F10x\stm32f10x_cl.h")
C:\Keil\ARM\INC\ST\STM32F10x\stm32f10x_map.h(254): error:  #256: invalid redeclaration of type name "DMA_TypeDef" (declared at line 331 of "C:\Keil\ARM\INC\ST\STM32F10x\stm32f10x_cl.h")
C:\Keil\ARM\INC\ST\STM32F10x\stm32f10x_map.h(265): error:  #256: invalid redeclaration of type name "EXTI_TypeDef" (declared at line 342 of "C:\Keil\ARM\INC\ST\STM32F10x\stm32f10x_cl.h")
C:\Keil\ARM\INC\ST\STM32F10x\stm32f10x_map.h(279): error:  #256: invalid redeclaration of type name "FLASH_TypeDef" (declared at line 356 of "C:\Keil\ARM\INC\ST\STM32F10x\stm32f10x_cl.h")
C:\Keil\ARM\INC\ST\STM32F10x\stm32f10x_map.h(291): error:  #256: invalid redeclaration of type name "OB_TypeDef" (declared at line 368 of "C:\Keil\ARM\INC\ST\STM32F10x\stm32f10x_cl.h")
C:\Keil\ARM\INC\ST\STM32F10x\stm32f10x_map.h(343): error:  #256: invalid redeclaration of type name "GPIO_TypeDef" (declared at line 380 of "C:\Keil\ARM\INC\ST\STM32F10x\stm32f10x_cl.h")
C:\Keil\ARM\INC\ST\STM32F10x\stm32f10x_map.h(350): error:  #256: invalid redeclaration of type name "AFIO_TypeDef" (declared at line 387 of "C:\Keil\ARM\INC\ST\STM32F10x\stm32f10x_cl.h")
C:\Keil\ARM\INC\ST\STM32F10x\stm32f10x_map.h(373): error:  #256: invalid redeclaration of type name "I2C_TypeDef" (declared at line 410 of "C:\Keil\ARM\INC\ST\STM32F10x\stm32f10x_cl.h")
C:\Keil\ARM\INC\ST\STM32F10x\stm32f10x_map.h(382): error:  #256: invalid redeclaration of type name "IWDG_TypeDef" (declared at line 419 of "C:\Keil\ARM\INC\ST\STM32F10x\stm32f10x_cl.h")
C:\Keil\ARM\INC\ST\STM32F10x\stm32f10x_map.h(423): error:  #256: invalid redeclaration of type name "PWR_TypeDef" (declared at line 428 of "C:\Keil\ARM\INC\ST\STM32F10x\stm32f10x_cl.h")
C:\Keil\ARM\INC\ST\STM32F10x\stm32f10x_map.h(438): error:  #256: invalid redeclaration of type name "RCC_TypeDef" (declared at line 445 of "C:\Keil\ARM\INC\ST\STM32F10x\stm32f10x_cl.h")
C:\Keil\ARM\INC\ST\STM32F10x\stm32f10x_map.h(463): error:  #256: invalid redeclaration of type name "RTC_TypeDef" (declared at line 470 of "C:\Keil\ARM\INC\ST\STM32F10x\stm32f10x_cl.h")
C:\Keil\ARM\INC\ST\STM32F10x\stm32f10x_map.h(511): error:  #256: invalid redeclaration of type name "SPI_TypeDef" (declared at line 493 of "C:\Keil\ARM\INC\ST\STM32F10x\stm32f10x_cl.h")
C:\Keil\ARM\INC\ST\STM32F10x\stm32f10x_map.h(584): error:  #256: invalid redeclaration of type name "USART_TypeDef" (declared at line 620 of "C:\Keil\ARM\INC\ST\STM32F10x\stm32f10x_cl.h")
C:\Keil\ARM\INC\ST\STM32F10x\stm32f10x_map.h(592): error:  #256: invalid redeclaration of type name "WWDG_TypeDef" (declared at line 628 of "C:\Keil\ARM\INC\ST\STM32F10x\stm32f10x_cl.h")
C:\Keil\ARM\INC\ST\STM32F10x\stm32f10x_map.h(598): warning:  #47-D: incompatible redefinition of macro "PERIPH_BB_BASE" (declared at line 1082 of "C:\Keil\ARM\INC\ST\STM32F10x\stm32f10x_cl.h")
C:\Keil\ARM\INC\ST\STM32F10x\stm32f10x_map.h(599): warning:  #47-D: incompatible redefinition of macro "SRAM_BB_BASE" (declared at line 1083 of "C:\Keil\ARM\INC\ST\STM32F10x\stm32f10x_cl.h")
C:\Keil\ARM\INC\ST\STM32F10x\stm32f10x_map.h(602): warning:  #47-D: incompatible redefinition of macro "SRAM_BASE" (declared at line 1086 of "C:\Keil\ARM\INC\ST\STM32F10x\stm32f10x_cl.h")
C:\Keil\ARM\INC\ST\STM32F10x\stm32f10x_map.h(603): warning:  #47-D: incompatible redefinition of macro "PERIPH_BASE" (declared at line 1087 of "C:\Keil\ARM\INC\ST\STM32F10x\stm32f10x_cl.h")
C:\Keil\ARM\INC\ST\STM32F10x\stm32f10x_map.h(674): warning:  #47-D: incompatible redefinition of macro "OB_BASE" (declared at line 1090 of "C:\Keil\ARM\INC\ST\STM32F10x\stm32f10x_cl.h")
C:\Keil\ARM\INC\ST\STM32F10x\stm32f10x_map.h(687): warning:  #47-D: incompatible redefinition of macro "SCS_BASE" (declared at line 842 of "C:\Keil\ARM\CMSIS\Include\core_cm3.h")
C:\Keil\ARM\INC\ST\STM32F10x\stm32f10x_map.h(689): warning:  #47-D: incompatible redefinition of macro "SysTick_BASE" (declared at line 845 of "C:\Keil\ARM\CMSIS\Include\core_cm3.h")
C:\Keil\ARM\INC\ST\STM32F10x\stm32f10x_map.h(690): warning:  #47-D: incompatible redefinition of macro "NVIC_BASE" (declared at line 846 of "C:\Keil\ARM\CMSIS\Include\core_cm3.h")
C:\Keil\ARM\INC\ST\STM32F10x\stm32f10x_map.h(691): warning:  #47-D: incompatible redefinition of macro "SCB_BASE" (declared at line 847 of "C:\Keil\ARM\CMSIS\Include\core_cm3.h")
C:\Keil\ARM\INC\ST\STM32F10x\stm32f10x_map.h(700): warning:  #47-D: incompatible redefinition of macro "TIM2" (declared at line 1167 of "C:\Keil\ARM\INC\ST\STM32F10x\stm32f10x_cl.h")
C:\Keil\ARM\INC\ST\STM32F10x\stm32f10x_map.h(704): warning:  #47-D: incompatible redefinition of macro "TIM3" (declared at line 1168 of "C:\Keil\ARM\INC\ST\STM32F10x\stm32f10x_cl.h")
C:\Keil\ARM\INC\ST\STM32F10x\stm32f10x_map.h(724): warning:  #47-D: incompatible redefinition of macro "RTC" (declared at line 1173 of "C:\Keil\ARM\INC\ST\STM32F10x\stm32f10x_cl.h")
C:\Keil\ARM\INC\ST\STM32F10x\stm32f10x_map.h(744): warning:  #47-D: incompatible redefinition of macro "USART2" (declared at line 1178 of "C:\Keil\ARM\INC\ST\STM32F10x\stm32f10x_cl.h")
C:\Keil\ARM\INC\ST\STM32F10x\stm32f10x_map.h(776): warning:  #47-D: incompatible redefinition of macro "PWR" (declared at line 1188 of "C:\Keil\ARM\INC\ST\STM32F10x\stm32f10x_cl.h")
C:\Keil\ARM\INC\ST\STM32F10x\stm32f10x_map.h(784): warning:  #47-D: incompatible redefinition of macro "AFIO" (declared at line 1190 of "C:\Keil\ARM\INC\ST\STM32F10x\stm32f10x_cl.h")
C:\Keil\ARM\INC\ST\STM32F10x\stm32f10x_map.h(788): warning:  #47-D: incompatible redefinition of macro "EXTI" (declared at line 1191 of "C:\Keil\ARM\INC\ST\STM32F10x\stm32f10x_cl.h")
C:\Keil\ARM\INC\ST\STM32F10x\stm32f10x_map.h(792): warning:  #47-D: incompatible redefinition of macro "GPIOA" (declared at line 1192 of "C:\Keil\ARM\INC\ST\STM32F10x\stm32f10x_cl.h")
C:\Keil\ARM\INC\ST\STM32F10x\stm32f10x_map.h(796): warning:  #47-D: incompatible redefinition of macro "GPIOB" (declared at line 1193 of "C:\Keil\ARM\INC\ST\STM32F10x\stm32f10x_cl.h")
C:\Keil\ARM\INC\ST\STM32F10x\stm32f10x_map.h(800): warning:  #47-D: incompatible redefinition of macro "GPIOC" (declared at line 1194 of "C:\Keil\ARM\INC\ST\STM32F10x\stm32f10x_cl.h")
C:\Keil\ARM\INC\ST\STM32F10x\stm32f10x_map.h(828): warning:  #47-D: incompatible redefinition of macro "TIM1" (declared at line 1199 of "C:\Keil\ARM\INC\ST\STM32F10x\stm32f10x_cl.h")
C:\Keil\ARM\INC\ST\STM32F10x\stm32f10x_map.h(840): warning:  #47-D: incompatible redefinition of macro "USART1" (declared at line 1201 of "C:\Keil\ARM\INC\ST\STM32F10x\stm32f10x_cl.h")
C:\Keil\ARM\INC\ST\STM32F10x\stm32f10x_map.h(905): warning:  #47-D: incompatible redefinition of macro "RCC" (declared at line 1218 of "C:\Keil\ARM\INC\ST\STM32F10x\stm32f10x_cl.h")
C:\Keil\ARM\INC\ST\STM32F10x\stm32f10x_map.h(913): warning:  #47-D: incompatible redefinition of macro "FLASH" (declared at line 1219 of "C:\Keil\ARM\INC\ST\STM32F10x\stm32f10x_cl.h")
C:\Keil\ARM\INC\ST\STM32F10x\stm32f10x_map.h(914): warning:  #47-D: incompatible redefinition of macro "OB" (declared at line 1231 of "C:\Keil\ARM\INC\ST\STM32F10x\stm32f10x_cl.h")
C:\Keil\ARM\INC\ST\STM32F10x\stm32f10x_map.h(930): warning:  #47-D: incompatible redefinition of macro "SysTick" (declared at line 851 of "C:\Keil\ARM\CMSIS\Include\core_cm3.h")
C:\Keil\ARM\INC\ST\STM32F10x\stm32f10x_map.h(934): warning:  #47-D: incompatible redefinition of macro "NVIC" (declared at line 852 of "C:\Keil\ARM\CMSIS\Include\core_cm3.h")
C:\Keil\ARM\INC\ST\STM32F10x\stm32f10x_map.h(935): warning:  #47-D: incompatible redefinition of macro "SCB" (declared at line 850 of "C:\Keil\ARM\CMSIS\Include\core_cm3.h")
Target not created
Clean started: Project: 'stm3210c-skeleton'
   deleting intermediate output files for target 'Target 1'
Build target 'Target 1'
assembling STM32F10x.s...
compiling system_stm32f10x_cl.c...
compiling GLCD.c...
compiling main.c...
C:\Keil\ARM\INC\ST\STM32F10x\stm32f10x.h(80): error:  #35: #error directive: "Please select first the target STM32F10x device used in your application (in stm32f10x.h file)"
compiling setup.c...
compiling heap_2.c...
compiling list.c...
compiling port.c...
compiling queue.c...
compiling tasks.c...
Target not created
Clean started: Project: 'stm3210c-skeleton'
   deleting intermediate output files for target 'Target 1'
Build target 'Target 1'
assembling STM32F10x.s...
compiling system_stm32f10x_cl.c...
compiling GLCD.c...
compiling main.c...
Firmware\stm32f10x.h(127): error:  #101: "IRQn" has already been declared in the current scope
Firmware\stm32f10x.h(130): error:  #101: "NonMaskableInt_IRQn" has already been declared in the current scope
Firmware\stm32f10x.h(131): error:  #101: "MemoryManagement_IRQn" has already been declared in the current scope
Firmware\stm32f10x.h(132): error:  #101: "BusFault_IRQn" has already been declared in the current scope
Firmware\stm32f10x.h(133): error:  #101: "UsageFault_IRQn" has already been declared in the current scope
Firmware\stm32f10x.h(134): error:  #101: "SVCall_IRQn" has already been declared in the current scope
Firmware\stm32f10x.h(135): error:  #101: "DebugMonitor_IRQn" has already been declared in the current scope
Firmware\stm32f10x.h(136): error:  #101: "PendSV_IRQn" has already been declared in the current scope
Firmware\stm32f10x.h(137): error:  #101: "SysTick_IRQn" has already been declared in the current scope
Firmware\stm32f10x.h(140): error:  #101: "WWDG_IRQn" has already been declared in the current scope
Firmware\stm32f10x.h(141): error:  #101: "PVD_IRQn" has already been declared in the current scope
Firmware\stm32f10x.h(142): error:  #101: "TAMPER_IRQn" has already been declared in the current scope
Firmware\stm32f10x.h(143): error:  #101: "RTC_IRQn" has already been declared in the current scope
Firmware\stm32f10x.h(144): error:  #101: "FLASH_IRQn" has already been declared in the current scope
Firmware\stm32f10x.h(145): error:  #101: "RCC_IRQn" has already been declared in the current scope
Firmware\stm32f10x.h(146): error:  #101: "EXTI0_IRQn" has already been declared in the current scope
Firmware\stm32f10x.h(147): error:  #101: "EXTI1_IRQn" has already been declared in the current scope
Firmware\stm32f10x.h(148): error:  #101: "EXTI2_IRQn" has already been declared in the current scope
Firmware\stm32f10x.h(149): error:  #101: "EXTI3_IRQn" has already been declared in the current scope
Firmware\stm32f10x.h(150): error:  #101: "EXTI4_IRQn" has already been declared in the current scope
Firmware\stm32f10x.h(151): error:  #101: "DMA1_Channel1_IRQn" has already been declared in the current scope
Firmware\stm32f10x.h(152): error:  #101: "DMA1_Channel2_IRQn" has already been declared in the current scope
Firmware\stm32f10x.h(153): error:  #101: "DMA1_Channel3_IRQn" has already been declared in the current scope
Firmware\stm32f10x.h(154): error:  #101: "DMA1_Channel4_IRQn" has already been declared in the current scope
Firmware\stm32f10x.h(155): error:  #101: "DMA1_Channel5_IRQn" has already been declared in the current scope
Firmware\stm32f10x.h(156): error:  #101: "DMA1_Channel6_IRQn" has already been declared in the current scope
Firmware\stm32f10x.h(157): error:  #101: "DMA1_Channel7_IRQn" has already been declared in the current scope
Firmware\stm32f10x.h(254): error:  #101: "CAN1_TX_IRQn" has already been declared in the current scope
Firmware\stm32f10x.h(255): error:  #101: "CAN1_RX0_IRQn" has already been declared in the current scope
Firmware\stm32f10x.h(256): error:  #101: "CAN1_RX1_IRQn" has already been declared in the current scope
compiling setup.c...
compiling heap_2.c...
compiling list.c...
compiling port.c...
compiling queue.c...
compiling tasks.c...
Target not created
Build target 'Target 1'
compiling main.c...
Firmware\stm32f10x.h(312): error:  #256: invalid redeclaration of type name "s32" (declared at line 23 of "C:\Keil\ARM\INC\ST\STM32F10x\stm32f10x_type.h")
Firmware\stm32f10x.h(316): error:  #256: invalid redeclaration of type name "sc32" (declared at line 27 of "C:\Keil\ARM\INC\ST\STM32F10x\stm32f10x_type.h")
Firmware\stm32f10x.h(320): error:  #256: invalid redeclaration of type name "vs32" (declared at line 31 of "C:\Keil\ARM\INC\ST\STM32F10x\stm32f10x_type.h")
Firmware\stm32f10x.h(324): error:  #256: invalid redeclaration of type name "vsc32" (declared at line 35 of "C:\Keil\ARM\INC\ST\STM32F10x\stm32f10x_type.h")
Firmware\stm32f10x.h(328): error:  #256: invalid redeclaration of type name "u32" (declared at line 39 of "C:\Keil\ARM\INC\ST\STM32F10x\stm32f10x_type.h")
Firmware\stm32f10x.h(332): error:  #256: invalid redeclaration of type name "uc32" (declared at line 43 of "C:\Keil\ARM\INC\ST\STM32F10x\stm32f10x_type.h")
Firmware\stm32f10x.h(336): error:  #256: invalid redeclaration of type name "vu32" (declared at line 47 of "C:\Keil\ARM\INC\ST\STM32F10x\stm32f10x_type.h")
Firmware\stm32f10x.h(340): error:  #256: invalid redeclaration of type name "vuc32" (declared at line 51 of "C:\Keil\ARM\INC\ST\STM32F10x\stm32f10x_type.h")
Firmware\stm32f10x.h(345): error:  #101: "FALSE" has already been declared in the current scope
Firmware\stm32f10x.h(345): error:  #101: "TRUE" has already been declared in the current scope
Firmware\stm32f10x.h(345): error:  #256: invalid redeclaration of type name "bool" (declared at line 55 of "C:\Keil\ARM\INC\ST\STM32F10x\stm32f10x_type.h")
Firmware\stm32f10x.h(348): error:  #101: "RESET" has already been declared in the current scope
Firmware\stm32f10x.h(348): error:  #101: "SET" has already been declared in the current scope
Firmware\stm32f10x.h(348): error:  #256: invalid redeclaration of type name "FlagStatus" (declared at line 57 of "C:\Keil\ARM\INC\ST\STM32F10x\stm32f10x_type.h")
Firmware\stm32f10x.h(348): error:  #256: invalid redeclaration of type name "ITStatus" (declared at line 57 of "C:\Keil\ARM\INC\ST\STM32F10x\stm32f10x_type.h")
Firmware\stm32f10x.h(350): error:  #101: "DISABLE" has already been declared in the current scope
Firmware\stm32f10x.h(350): error:  #101: "ENABLE" has already been declared in the current scope
Firmware\stm32f10x.h(350): error:  #256: invalid redeclaration of type name "FunctionalState" (declared at line 59 of "C:\Keil\ARM\INC\ST\STM32F10x\stm32f10x_type.h")
Firmware\stm32f10x.h(353): error:  #101: "ERROR" has already been declared in the current scope
Firmware\stm32f10x.h(353): error:  #101: "SUCCESS" has already been declared in the current scope
Firmware\stm32f10x.h(353): error:  #256: invalid redeclaration of type name "ErrorStatus" (declared at line 62 of "C:\Keil\ARM\INC\ST\STM32F10x\stm32f10x_type.h")
Target not created
Build target 'Target 1'
compiling main.c...
Firmware\stm32f10x_conf.h(21): error:  #5: cannot open source input file "stm32f10x_type.h": No such file or directory
compiling setup.c...
Firmware\setup.h(6): error:  #5: cannot open source input file "stm32f10x_type.h": No such file or directory
Target not created
Build target 'Target 1'
compiling main.c...
Firmware\setup.h(6): error:  #5: cannot open source input file "stm32f10x_type.h": No such file or directory
compiling setup.c...
Firmware\setup.h(6): error:  #5: cannot open source input file "stm32f10x_type.h": No such file or directory
Target not created
Build target 'Target 1'
compiling main.c...
Firmware\setup.h(13): error:  #20: identifier "u32" is undefined
Firmware\assert.h(8): error:  #20: identifier "u8" is undefined
Firmware\assert.h(8): error:  #20: identifier "u32" is undefined
compiling setup.c...
Firmware\setup.h(13): error:  #20: identifier "u32" is undefined
Firmware\setup.c(8): error:  #5: cannot open source input file "stm32f10x_type.h": No such file or directory
Target not created
Build target 'Target 1'
compiling main.c...
compiling setup.c...
C:\Keil\ARM\INC\ST\STM32F10x\stm32f10x_cl.h(33): error:  #101: "IRQn" has already been declared in the current scope
C:\Keil\ARM\INC\ST\STM32F10x\stm32f10x_cl.h(36): error:  #101: "NonMaskableInt_IRQn" has already been declared in the current scope
C:\Keil\ARM\INC\ST\STM32F10x\stm32f10x_cl.h(37): error:  #101: "MemoryManagement_IRQn" has already been declared in the current scope
C:\Keil\ARM\INC\ST\STM32F10x\stm32f10x_cl.h(38): error:  #101: "BusFault_IRQn" has already been declared in the current scope
C:\Keil\ARM\INC\ST\STM32F10x\stm32f10x_cl.h(39): error:  #101: "UsageFault_IRQn" has already been declared in the current scope
C:\Keil\ARM\INC\ST\STM32F10x\stm32f10x_cl.h(40): error:  #101: "SVCall_IRQn" has already been declared in the current scope
C:\Keil\ARM\INC\ST\STM32F10x\stm32f10x_cl.h(41): error:  #101: "DebugMonitor_IRQn" has already been declared in the current scope
C:\Keil\ARM\INC\ST\STM32F10x\stm32f10x_cl.h(42): error:  #101: "PendSV_IRQn" has already been declared in the current scope
C:\Keil\ARM\INC\ST\STM32F10x\stm32f10x_cl.h(43): error:  #101: "SysTick_IRQn" has already been declared in the current scope
C:\Keil\ARM\INC\ST\STM32F10x\stm32f10x_cl.h(46): error:  #101: "WWDG_IRQn" has already been declared in the current scope
C:\Keil\ARM\INC\ST\STM32F10x\stm32f10x_cl.h(47): error:  #101: "PVD_IRQn" has already been declared in the current scope
C:\Keil\ARM\INC\ST\STM32F10x\stm32f10x_cl.h(48): error:  #101: "TAMPER_IRQn" has already been declared in the current scope
C:\Keil\ARM\INC\ST\STM32F10x\stm32f10x_cl.h(49): error:  #101: "RTC_IRQn" has already been declared in the current scope
C:\Keil\ARM\INC\ST\STM32F10x\stm32f10x_cl.h(50): error:  #101: "FLASH_IRQn" has already been declared in the current scope
C:\Keil\ARM\INC\ST\STM32F10x\stm32f10x_cl.h(51): error:  #101: "RCC_IRQn" has already been declared in the current scope
C:\Keil\ARM\INC\ST\STM32F10x\stm32f10x_cl.h(52): error:  #101: "EXTI0_IRQn" has already been declared in the current scope
C:\Keil\ARM\INC\ST\STM32F10x\stm32f10x_cl.h(53): error:  #101: "EXTI1_IRQn" has already been declared in the current scope
C:\Keil\ARM\INC\ST\STM32F10x\stm32f10x_cl.h(54): error:  #101: "EXTI2_IRQn" has already been declared in the current scope
C:\Keil\ARM\INC\ST\STM32F10x\stm32f10x_cl.h(55): error:  #101: "EXTI3_IRQn" has already been declared in the current scope
C:\Keil\ARM\INC\ST\STM32F10x\stm32f10x_cl.h(56): error:  #101: "EXTI4_IRQn" has already been declared in the current scope
C:\Keil\ARM\INC\ST\STM32F10x\stm32f10x_cl.h(57): error:  #101: "DMA1_Channel1_IRQn" has already been declared in the current scope
C:\Keil\ARM\INC\ST\STM32F10x\stm32f10x_cl.h(58): error:  #101: "DMA1_Channel2_IRQn" has already been declared in the current scope
C:\Keil\ARM\INC\ST\STM32F10x\stm32f10x_cl.h(59): error:  #101: "DMA1_Channel3_IRQn" has already been declared in the current scope
C:\Keil\ARM\INC\ST\STM32F10x\stm32f10x_cl.h(60): error:  #101: "DMA1_Channel4_IRQn" has already been declared in the current scope
C:\Keil\ARM\INC\ST\STM32F10x\stm32f10x_cl.h(61): error:  #101: "DMA1_Channel5_IRQn" has already been declared in the current scope
C:\Keil\ARM\INC\ST\STM32F10x\stm32f10x_cl.h(62): error:  #101: "DMA1_Channel6_IRQn" has already been declared in the current scope
C:\Keil\ARM\INC\ST\STM32F10x\stm32f10x_cl.h(63): error:  #101: "DMA1_Channel7_IRQn" has already been declared in the current scope
C:\Keil\ARM\INC\ST\STM32F10x\stm32f10x_cl.h(65): error:  #101: "CAN1_TX_IRQn" has already been declared in the current scope
C:\Keil\ARM\INC\ST\STM32F10x\stm32f10x_cl.h(66): error:  #101: "CAN1_RX0_IRQn" has already been declared in the current scope
C:\Keil\ARM\INC\ST\STM32F10x\stm32f10x_cl.h(67): error:  #101: "CAN1_RX1_IRQn" has already been declared in the current scope
Target not created
Build target 'Target 1'
compiling system_stm32f10x_cl.c...
Firmware\system_stm32f10x_cl.c(24): error:  #5: cannot open source input file "stm32f10x_cl.h": No such file or directory
compiling GLCD.c...
Firmware\GLCD.c(22): error:  #5: cannot open source input file "stm32f10x_cl.h": No such file or directory
compiling setup.c...
Firmware\setup.c(7): error:  #5: cannot open source input file "stm32f10x_cl.h": No such file or directory
Target not created
Build target 'Target 1'
compiling system_stm32f10x_cl.c...
Firmware\system_stm32f10x_cl.c(246): error:  #20: identifier "uint32_t" is undefined
Firmware\system_stm32f10x_cl.c(247): error:  #20: identifier "uint32_t" is undefined
Firmware\system_stm32f10x_cl.c(248): error:  #20: identifier "uint32_t" is undefined
Firmware\system_stm32f10x_cl.c(249): error:  #20: identifier "uint32_t" is undefined
Firmware\system_stm32f10x_cl.c(250): error:  #20: identifier "uint32_t" is undefined
Firmware\system_stm32f10x_cl.c(263): error:  #20: identifier "uint32_t" is undefined
Firmware\system_stm32f10x_cl.c(264): error:  #20: identifier "int32_t" is undefined
Firmware\system_stm32f10x_cl.c(267): error:  #20: identifier "FLASH" is undefined
Firmware\system_stm32f10x_cl.c(272): error:  #20: identifier "RCC" is undefined
Firmware\system_stm32f10x_cl.c(309): error:  #20: identifier "uint32_t" is undefined
Firmware\system_stm32f10x_cl.c(317): error:  #20: identifier "int32_t" is undefined
Firmware\system_stm32f10x_cl.c(325): error:  #20: identifier "int32_t" is undefined
Firmware\system_stm32f10x_cl.c(329): error:  #20: identifier "int32_t" is undefined
compiling GLCD.c...
Firmware\GLCD.c(22): error:  #5: cannot open source input file "stm32f10x_cl.h": No such file or directory
compiling setup.c...
Firmware\setup.c(7): error:  #5: cannot open source input file "stm32f10x_cl.h": No such file or directory
Target not created
Build target 'Target 1'
compiling system_stm32f10x_cl.c...
Firmware\system_stm32f10x_cl.c(227): warning:  #47-D: incompatible redefinition of macro "RCC_CR_HSION" (declared at line 1451 of "Firmware\stm32f10x.h")
Firmware\system_stm32f10x_cl.c(228): warning:  #47-D: incompatible redefinition of macro "RCC_CR_HSIRDY" (declared at line 1452 of "Firmware\stm32f10x.h")
Firmware\system_stm32f10x_cl.c(229): warning:  #47-D: incompatible redefinition of macro "RCC_CR_HSEON" (declared at line 1455 of "Firmware\stm32f10x.h")
Firmware\system_stm32f10x_cl.c(230): warning:  #47-D: incompatible redefinition of macro "RCC_CR_HSERDY" (declared at line 1456 of "Firmware\stm32f10x.h")
Firmware\system_stm32f10x_cl.c(233): warning:  #47-D: incompatible redefinition of macro "RCC_CR_PLL2ON" (declared at line 1463 of "Firmware\stm32f10x.h")
Firmware\system_stm32f10x_cl.c(234): warning:  #47-D: incompatible redefinition of macro "RCC_CR_PLL2RDY" (declared at line 1464 of "Firmware\stm32f10x.h")
Firmware\system_stm32f10x_cl.c(235): warning:  #47-D: incompatible redefinition of macro "RCC_CR_PLL3ON" (declared at line 1465 of "Firmware\stm32f10x.h")
Firmware\system_stm32f10x_cl.c(236): warning:  #47-D: incompatible redefinition of macro "RCC_CR_PLL3RDY" (declared at line 1466 of "Firmware\stm32f10x.h")
Firmware\system_stm32f10x_cl.c(239): warning:  #47-D: incompatible redefinition of macro "RCC_CFGR_SWS" (declared at line 1480 of "Firmware\stm32f10x.h")
compiling GLCD.c...
Firmware\GLCD.c(22): error:  #5: cannot open source input file "stm32f10x_cl.h": No such file or directory
compiling setup.c...
Firmware\setup.c(7): error:  #5: cannot open source input file "stm32f10x_cl.h": No such file or directory
Target not created
Build target 'Target 1'
compiling system_stm32f10x_cl.c...
Firmware\system_stm32f10x_cl.c(240): warning:  #47-D: incompatible redefinition of macro "RCC_CFGR_SWS" (declared at line 1480 of "Firmware\stm32f10x.h")
Firmware\system_stm32f10x_cl.c(295): error:  #20: identifier "RCC_CR_PLL1ON" is undefined
Firmware\system_stm32f10x_cl.c(297): error:  #20: identifier "RCC_CR_PLL1RDY" is undefined
compiling GLCD.c...
Firmware\GLCD.c(22): error:  #5: cannot open source input file "stm32f10x_cl.h": No such file or directory
compiling setup.c...
Firmware\setup.c(7): error:  #5: cannot open source input file "stm32f10x_cl.h": No such file or directory
Target not created
Build target 'Target 1'
compiling system_stm32f10x_cl.c...
Firmware\system_stm32f10x_cl.c(295): error:  #20: identifier "RCC_CR_PLL1ON" is undefined
Firmware\system_stm32f10x_cl.c(297): error:  #20: identifier "RCC_CR_PLL1RDY" is undefined
compiling GLCD.c...
Firmware\GLCD.c(22): error:  #5: cannot open source input file "stm32f10x_cl.h": No such file or directory
compiling setup.c...
Firmware\setup.c(7): error:  #5: cannot open source input file "stm32f10x_cl.h": No such file or directory
Target not created
Build target 'Target 1'
compiling system_stm32f10x_cl.c...
compiling GLCD.c...
Firmware\GLCD.c(22): error:  #5: cannot open source input file "stm32f10x_cl.h": No such file or directory
compiling setup.c...
Firmware\setup.c(7): error:  #5: cannot open source input file "stm32f10x_cl.h": No such file or directory
Target not created
Build target 'Target 1'
compiling GLCD.c...
compiling setup.c...
Firmware\setup.c(7): error:  #5: cannot open source input file "stm32f10x_cl.h": No such file or directory
Target not created
Build target 'Target 1'
compiling setup.c...
Firmware\setup.c(56): error:  #20: identifier "SystemFrequency" is undefined
Target not created
Build target 'Target 1'
compiling setup.c...
Firmware\setup.c(56): error:  #20: identifier "SystemFrequency" is undefined
Target not created
Build target 'Target 1'
compiling setup.c...
Firmware\setup.c(8): error:  #5: cannot open source input file "stm32f10x_cl.h": No such file or directory
Target not created
Build target 'Target 1'
compiling setup.c...
linking...
Program Size: Code=9644 RO-data=268 RW-data=5500 ZI-data=57036  
".\bin\stm3210c-skeleton.axf" - 0 Error(s), 0 Warning(s).
Clean started: Project: 'stm3210c-skeleton'
   deleting intermediate output files for target 'Target 1'
Build target 'Target 1'
assembling STM32F10x.s...
compiling system_stm32f10x_cl.c...
compiling GLCD.c...
compiling main.c...
compiling setup.c...
compiling heap_2.c...
compiling list.c...
compiling port.c...
compiling queue.c...
compiling tasks.c...
linking...
Program Size: Code=9644 RO-data=268 RW-data=5500 ZI-data=57036  
".\bin\stm3210c-skeleton.axf" - 0 Error(s), 0 Warning(s).
Load "C:\\Users\\philipp\\Desktop\\stm3210c-skeleton\\bin\\stm3210c-skeleton.AXF" 
Build target 'Target 1'
compiling stm3210c_eval_lcd.c...
Firmware\stm3210c_eval_lcd.h(282): error:  #20: identifier "BitAction" is undefined
Firmware\stm3210c_eval_lcd.c(237): error:  #20: identifier "GPIO_Pin_2" is undefined
Firmware\stm3210c_eval_lcd.c(237): error:  #20: identifier "Bit_SET" is undefined
Firmware\stm3210c_eval_lcd.c(285): error:  #20: identifier "GPIO_Pin_2" is undefined
Firmware\stm3210c_eval_lcd.c(285): error:  #20: identifier "Bit_SET" is undefined
Firmware\stm3210c_eval_lcd.c(404): error:  #20: identifier "GPIO_Pin_2" is undefined
Firmware\stm3210c_eval_lcd.c(404): error:  #20: identifier "Bit_SET" is undefined
Firmware\stm3210c_eval_lcd.c(508): error:  #20: identifier "GPIO_Pin_2" is undefined
Firmware\stm3210c_eval_lcd.c(508): error:  #20: identifier "Bit_SET" is undefined
Firmware\stm3210c_eval_lcd.c(611): error:  #20: identifier "GPIO_Pin_2" is undefined
Firmware\stm3210c_eval_lcd.c(611): error:  #20: identifier "Bit_RESET" is undefined
Firmware\stm3210c_eval_lcd.c(612): warning:  #223-D: function "SPI_I2S_SendData" declared implicitly
Firmware\stm3210c_eval_lcd.c(613): warning:  #223-D: function "SPI_I2S_GetFlagStatus" declared implicitly
Firmware\stm3210c_eval_lcd.c(613): error:  #20: identifier "SPI_I2S_FLAG_BSY" is undefined
Firmware\stm3210c_eval_lcd.c(628): warning:  #223-D: function "SPI_I2S_SendData" declared implicitly
Firmware\stm3210c_eval_lcd.c(629): warning:  #223-D: function "SPI_I2S_GetFlagStatus" declared implicitly
Firmware\stm3210c_eval_lcd.c(629): error:  #20: identifier "SPI_I2S_FLAG_BSY" is undefined
Firmware\stm3210c_eval_lcd.c(636): error:  #20: identifier "GPIO_Pin_2" is undefined
Firmware\stm3210c_eval_lcd.c(636): error:  #20: identifier "Bit_SET" is undefined
Firmware\stm3210c_eval_lcd.c(661): warning:  #223-D: function "SPI_I2S_SendData" declared implicitly
Firmware\stm3210c_eval_lcd.c(662): warning:  #223-D: function "SPI_I2S_GetFlagStatus" declared implicitly
Firmware\stm3210c_eval_lcd.c(662): error:  #20: identifier "SPI_I2S_FLAG_BSY" is undefined
Firmware\stm3210c_eval_lcd.c(666): error:  #20: identifier "SPI_I2S_FLAG_RXNE" is undefined
Firmware\stm3210c_eval_lcd.c(669): warning:  #223-D: function "SPI_I2S_ReceiveData" declared implicitly
Firmware\stm3210c_eval_lcd.c(671): warning:  #223-D: function "SPI_I2S_SendData" declared implicitly
Firmware\stm3210c_eval_lcd.c(673): warning:  #223-D: function "SPI_I2S_GetFlagStatus" declared implicitly
Firmware\stm3210c_eval_lcd.c(673): error:  #20: identifier "SPI_I2S_FLAG_BSY" is undefined
Firmware\stm3210c_eval_lcd.c(677): error:  #20: identifier "SPI_I2S_FLAG_RXNE" is undefined
Firmware\stm3210c_eval_lcd.c(680): warning:  #223-D: function "SPI_I2S_ReceiveData" declared implicitly
Firmware\stm3210c_eval_lcd.c(692): error:  #20: identifier "GPIO_Pin_2" is undefined
Firmware\stm3210c_eval_lcd.c(692): error:  #20: identifier "Bit_SET" is undefined
Firmware\stm3210c_eval_lcd.c(721): error:  #20: identifier "GPIO_Pin_2" is undefined
Firmware\stm3210c_eval_lcd.c(721): error:  #20: identifier "Bit_SET" is undefined
Firmware\stm3210c_eval_lcd.c(738): warning:  #223-D: function "SPI_I2S_SendData" declared implicitly
Firmware\stm3210c_eval_lcd.c(739): warning:  #223-D: function "SPI_I2S_GetFlagStatus" declared implicitly
Firmware\stm3210c_eval_lcd.c(739): error:  #20: identifier "SPI_I2S_FLAG_BSY" is undefined
Firmware\stm3210c_eval_lcd.c(746): error:  #20: identifier "GPIO_Pin_2" is undefined
Firmware\stm3210c_eval_lcd.c(746): error:  #20: identifier "Bit_SET" is undefined
Firmware\stm3210c_eval_lcd.c(757): warning:  #223-D: function "SPI_I2S_SendData" declared implicitly
Firmware\stm3210c_eval_lcd.c(758): warning:  #223-D: function "SPI_I2S_GetFlagStatus" declared implicitly
Firmware\stm3210c_eval_lcd.c(758): error:  #20: identifier "SPI_I2S_FLAG_BSY" is undefined
Firmware\stm3210c_eval_lcd.c(822): error:  #20: identifier "GPIO_InitTypeDef" is undefined
Firmware\stm3210c_eval_lcd.c(825): warning:  #223-D: function "RCC_APB2PeriphClockCmd" declared implicitly
Firmware\stm3210c_eval_lcd.c(825): error:  #20: identifier "RCC_APB2Periph_GPIOB" is undefined
Firmware\stm3210c_eval_lcd.c(828): error:  #20: identifier "GPIO_Pin_2" is undefined
Target not created
Build target 'Target 1'
compiling stm3210c_eval_lcd.c...
Firmware\stm3210c_eval_lcd.c(612): warning:  #223-D: function "SPI_I2S_SendData" declared implicitly
Firmware\stm3210c_eval_lcd.c(613): warning:  #223-D: function "SPI_I2S_GetFlagStatus" declared implicitly
Firmware\stm3210c_eval_lcd.c(613): error:  #20: identifier "SPI_I2S_FLAG_BSY" is undefined
Firmware\stm3210c_eval_lcd.c(628): warning:  #223-D: function "SPI_I2S_SendData" declared implicitly
Firmware\stm3210c_eval_lcd.c(629): warning:  #223-D: function "SPI_I2S_GetFlagStatus" declared implicitly
Firmware\stm3210c_eval_lcd.c(629): error:  #20: identifier "SPI_I2S_FLAG_BSY" is undefined
Firmware\stm3210c_eval_lcd.c(661): warning:  #223-D: function "SPI_I2S_SendData" declared implicitly
Firmware\stm3210c_eval_lcd.c(662): warning:  #223-D: function "SPI_I2S_GetFlagStatus" declared implicitly
Firmware\stm3210c_eval_lcd.c(662): error:  #20: identifier "SPI_I2S_FLAG_BSY" is undefined
Firmware\stm3210c_eval_lcd.c(666): error:  #20: identifier "SPI_I2S_FLAG_RXNE" is undefined
Firmware\stm3210c_eval_lcd.c(669): warning:  #223-D: function "SPI_I2S_ReceiveData" declared implicitly
Firmware\stm3210c_eval_lcd.c(671): warning:  #223-D: function "SPI_I2S_SendData" declared implicitly
Firmware\stm3210c_eval_lcd.c(673): warning:  #223-D: function "SPI_I2S_GetFlagStatus" declared implicitly
Firmware\stm3210c_eval_lcd.c(673): error:  #20: identifier "SPI_I2S_FLAG_BSY" is undefined
Firmware\stm3210c_eval_lcd.c(677): error:  #20: identifier "SPI_I2S_FLAG_RXNE" is undefined
Firmware\stm3210c_eval_lcd.c(680): warning:  #223-D: function "SPI_I2S_ReceiveData" declared implicitly
Firmware\stm3210c_eval_lcd.c(738): warning:  #223-D: function "SPI_I2S_SendData" declared implicitly
Firmware\stm3210c_eval_lcd.c(739): warning:  #223-D: function "SPI_I2S_GetFlagStatus" declared implicitly
Firmware\stm3210c_eval_lcd.c(739): error:  #20: identifier "SPI_I2S_FLAG_BSY" is undefined
Firmware\stm3210c_eval_lcd.c(757): warning:  #223-D: function "SPI_I2S_SendData" declared implicitly
Firmware\stm3210c_eval_lcd.c(758): warning:  #223-D: function "SPI_I2S_GetFlagStatus" declared implicitly
Firmware\stm3210c_eval_lcd.c(758): error:  #20: identifier "SPI_I2S_FLAG_BSY" is undefined
Firmware\stm3210c_eval_lcd.c(825): warning:  #223-D: function "RCC_APB2PeriphClockCmd" declared implicitly
Firmware\stm3210c_eval_lcd.c(825): error:  #20: identifier "RCC_APB2Periph_GPIOB" is undefined
Firmware\stm3210c_eval_lcd.c(859): error:  #20: identifier "SPI_InitTypeDef" is undefined
Firmware\stm3210c_eval_lcd.c(863): warning:  #223-D: function "RCC_APB2PeriphClockCmd" declared implicitly
Firmware\stm3210c_eval_lcd.c(863): error:  #20: identifier "RCC_APB2Periph_GPIOC" is undefined
Firmware\stm3210c_eval_lcd.c(863): error:  #20: identifier "RCC_APB2Periph_AFIO" is undefined
Firmware\stm3210c_eval_lcd.c(867): warning:  #223-D: function "RCC_APB1PeriphClockCmd" declared implicitly
Firmware\stm3210c_eval_lcd.c(867): error:  #20: identifier "RCC_APB1Periph_SPI3" is undefined
Firmware\stm3210c_eval_lcd.c(875): warning:  #223-D: function "SPI_I2S_DeInit" declared implicitly
Firmware\stm3210c_eval_lcd.c(878): error:  #20: identifier "SPI_Direction_2Lines_FullDuplex" is undefined
Firmware\stm3210c_eval_lcd.c(879): error:  #20: identifier "SPI_Mode_Master" is undefined
Firmware\stm3210c_eval_lcd.c(880): error:  #20: identifier "SPI_DataSize_8b" is undefined
Firmware\stm3210c_eval_lcd.c(881): error:  #20: identifier "SPI_CPOL_High" is undefined
Firmware\stm3210c_eval_lcd.c(882): error:  #20: identifier "SPI_CPHA_2Edge" is undefined
Firmware\stm3210c_eval_lcd.c(883): error:  #20: identifier "SPI_NSS_Soft" is undefined
Firmware\stm3210c_eval_lcd.c(884): error:  #20: identifier "SPI_BaudRatePrescaler_2" is undefined
Firmware\stm3210c_eval_lcd.c(885): error:  #20: identifier "SPI_FirstBit_MSB" is undefined
Firmware\stm3210c_eval_lcd.c(886): warning:  #223-D: function "SPI_Init" declared implicitly
Firmware\stm3210c_eval_lcd.c(889): warning:  #223-D: function "SPI_Cmd" declared implicitly
Target not created
Build target 'Target 1'
compiling stm3210c_eval_lcd.c...
Firmware\stm3210c_eval_lcd.c(825): warning:  #223-D: function "RCC_APB2PeriphClockCmd" declared implicitly
Firmware\stm3210c_eval_lcd.c(825): error:  #20: identifier "RCC_APB2Periph_GPIOB" is undefined
Firmware\stm3210c_eval_lcd.c(863): warning:  #223-D: function "RCC_APB2PeriphClockCmd" declared implicitly
Firmware\stm3210c_eval_lcd.c(863): error:  #20: identifier "RCC_APB2Periph_GPIOC" is undefined
Firmware\stm3210c_eval_lcd.c(863): error:  #20: identifier "RCC_APB2Periph_AFIO" is undefined
Firmware\stm3210c_eval_lcd.c(867): warning:  #223-D: function "RCC_APB1PeriphClockCmd" declared implicitly
Firmware\stm3210c_eval_lcd.c(867): error:  #20: identifier "RCC_APB1Periph_SPI3" is undefined
Target not created
Build target 'Target 1'
compiling stm3210c_eval_lcd.c...
linking...
.\bin\stm3210c-skeleton.axf: Error: L6200E: Symbol ASCII_Table multiply defined (by stm3210c_eval_lcd.o and glcd.o).
Target not created
Build target 'Target 1'
compiling main.c...
main.c(16): error:  #5: cannot open source input file "stm32f10x_lcd.h": No such file or directory
Target not created
Build target 'Target 1'
compiling main.c...
main.c(16): error:  #5: cannot open source input file "stm3210_eval_lcd.h": No such file or directory
Target not created
Build target 'Target 1'
compiling main.c...
main.c(30): warning:  #223-D: function "GLCD_init" declared implicitly
main.c(31): warning:  #223-D: function "GLCD_clear" declared implicitly
main.c(32): warning:  #223-D: function "GLCD_setTextColor" declared implicitly
main.c(33): warning:  #223-D: function "GLCD_displayStringLn" declared implicitly
main.c(44): warning:  #223-D: function "GLCD_setTextColor" declared implicitly
main.c(45): warning:  #223-D: function "GLCD_displayChar" declared implicitly
main.c(70): warning:  #223-D: function "GLCD_setTextColor" declared implicitly
main.c(71): warning:  #223-D: function "GLCD_displayStringLn" declared implicitly
linking...
.\bin\stm3210c-skeleton.axf: Error: L6200E: Symbol ASCII_Table multiply defined (by stm3210c_eval_lcd.o and glcd.o).
Target not created
Build target 'Target 1'
compiling main.c...
main.c(30): warning:  #223-D: function "LCD_init" declared implicitly
main.c(31): warning:  #223-D: function "GLCD_clear" declared implicitly
main.c(32): warning:  #223-D: function "GLCD_setTextColor" declared implicitly
main.c(33): warning:  #223-D: function "GLCD_displayStringLn" declared implicitly
main.c(44): warning:  #223-D: function "GLCD_setTextColor" declared implicitly
main.c(45): warning:  #223-D: function "GLCD_displayChar" declared implicitly
main.c(70): warning:  #223-D: function "GLCD_setTextColor" declared implicitly
main.c(71): warning:  #223-D: function "GLCD_displayStringLn" declared implicitly
linking...
.\bin\stm3210c-skeleton.axf: Error: L6200E: Symbol ASCII_Table multiply defined (by stm3210c_eval_lcd.o and glcd.o).
Target not created
Build target 'Target 1'
compiling main.c...
main.c(31): warning:  #223-D: function "GLCD_clear" declared implicitly
main.c(32): warning:  #223-D: function "GLCD_setTextColor" declared implicitly
main.c(33): warning:  #223-D: function "GLCD_displayStringLn" declared implicitly
main.c(44): warning:  #223-D: function "GLCD_setTextColor" declared implicitly
main.c(45): warning:  #223-D: function "GLCD_displayChar" declared implicitly
main.c(70): warning:  #223-D: function "GLCD_setTextColor" declared implicitly
main.c(71): warning:  #223-D: function "GLCD_displayStringLn" declared implicitly
linking...
.\bin\stm3210c-skeleton.axf: Error: L6200E: Symbol ASCII_Table multiply defined (by stm3210c_eval_lcd.o and glcd.o).
Target not created
Build target 'Target 1'
compiling main.c...
main.c(33): warning:  #223-D: function "LCD_DisplayStringLn" declared implicitly
main.c(44): warning:  #223-D: function "GLCD_setTextColor" declared implicitly
main.c(45): warning:  #223-D: function "GLCD_displayChar" declared implicitly
main.c(70): warning:  #223-D: function "GLCD_setTextColor" declared implicitly
main.c(71): warning:  #223-D: function "GLCD_displayStringLn" declared implicitly
linking...
.\bin\stm3210c-skeleton.axf: Error: L6200E: Symbol ASCII_Table multiply defined (by stm3210c_eval_lcd.o and glcd.o).
Target not created
Build target 'Target 1'
compiling main.c...
main.c(44): warning:  #223-D: function "GLCD_setTextColor" declared implicitly
main.c(45): warning:  #223-D: function "GLCD_displayChar" declared implicitly
main.c(70): warning:  #223-D: function "GLCD_setTextColor" declared implicitly
main.c(71): warning:  #223-D: function "GLCD_displayStringLn" declared implicitly
linking...
.\bin\stm3210c-skeleton.axf: Error: L6200E: Symbol ASCII_Table multiply defined (by stm3210c_eval_lcd.o and glcd.o).
Target not created
Build target 'Target 1'
compiling main.c...
main.c(44): warning:  #223-D: function "GLCD_SetTextColor" declared implicitly
main.c(45): warning:  #223-D: function "GLCD_DisplayChar" declared implicitly
main.c(70): warning:  #223-D: function "GLCD_setTextColor" declared implicitly
main.c(71): warning:  #223-D: function "GLCD_displayStringLn" declared implicitly
linking...
.\bin\stm3210c-skeleton.axf: Error: L6200E: Symbol ASCII_Table multiply defined (by stm3210c_eval_lcd.o and glcd.o).
Target not created
Build target 'Target 1'
compiling main.c...
main.c(70): warning:  #223-D: function "GLCD_setTextColor" declared implicitly
main.c(71): warning:  #223-D: function "GLCD_displayStringLn" declared implicitly
linking...
.\bin\stm3210c-skeleton.axf: Error: L6200E: Symbol ASCII_Table multiply defined (by stm3210c_eval_lcd.o and glcd.o).
Target not created
Build target 'Target 1'
compiling main.c...
main.c(71): warning:  #223-D: function "LCD_DisplayStringLn" declared implicitly
linking...
.\bin\stm3210c-skeleton.axf: Error: L6200E: Symbol ASCII_Table multiply defined (by stm3210c_eval_lcd.o and glcd.o).
Target not created
Build target 'Target 1'
compiling main.c...
linking...
.\bin\stm3210c-skeleton.axf: Error: L6200E: Symbol ASCII_Table multiply defined (by stm3210c_eval_lcd.o and glcd.o).
Target not created
Build target 'Target 1'
linking...
.\bin\stm3210c-skeleton.axf: Error: L6218E: Undefined symbol GPIO_Init (referred from stm3210c_eval_lcd.o).
.\bin\stm3210c-skeleton.axf: Error: L6218E: Undefined symbol GPIO_PinRemapConfig (referred from stm3210c_eval_lcd.o).
.\bin\stm3210c-skeleton.axf: Error: L6218E: Undefined symbol GPIO_WriteBit (referred from stm3210c_eval_lcd.o).
.\bin\stm3210c-skeleton.axf: Error: L6218E: Undefined symbol RCC_APB1PeriphClockCmd (referred from stm3210c_eval_lcd.o).
.\bin\stm3210c-skeleton.axf: Error: L6218E: Undefined symbol RCC_APB2PeriphClockCmd (referred from stm3210c_eval_lcd.o).
.\bin\stm3210c-skeleton.axf: Error: L6218E: Undefined symbol SPI_Cmd (referred from stm3210c_eval_lcd.o).
.\bin\stm3210c-skeleton.axf: Error: L6218E: Undefined symbol SPI_I2S_DeInit (referred from stm3210c_eval_lcd.o).
.\bin\stm3210c-skeleton.axf: Error: L6218E: Undefined symbol SPI_I2S_GetFlagStatus (referred from stm3210c_eval_lcd.o).
.\bin\stm3210c-skeleton.axf: Error: L6218E: Undefined symbol SPI_I2S_ReceiveData (referred from stm3210c_eval_lcd.o).
.\bin\stm3210c-skeleton.axf: Error: L6218E: Undefined symbol SPI_I2S_SendData (referred from stm3210c_eval_lcd.o).
.\bin\stm3210c-skeleton.axf: Error: L6218E: Undefined symbol SPI_Init (referred from stm3210c_eval_lcd.o).
Target not created
Build target 'Target 1'
compiling stm32f10x_gpio.c...
Firmware\src\stm32f10x_gpio.c(110): warning:  #223-D: function "assert_param" declared implicitly
Firmware\src\stm32f10x_gpio.c(177): warning:  #223-D: function "assert_param" declared implicitly
Firmware\src\stm32f10x_gpio.c(285): warning:  #223-D: function "assert_param" declared implicitly
Firmware\src\stm32f10x_gpio.c(307): warning:  #223-D: function "assert_param" declared implicitly
Firmware\src\stm32f10x_gpio.c(323): warning:  #223-D: function "assert_param" declared implicitly
Firmware\src\stm32f10x_gpio.c(345): warning:  #223-D: function "assert_param" declared implicitly
Firmware\src\stm32f10x_gpio.c(360): warning:  #223-D: function "assert_param" declared implicitly
Firmware\src\stm32f10x_gpio.c(376): warning:  #223-D: function "assert_param" declared implicitly
Firmware\src\stm32f10x_gpio.c(396): warning:  #223-D: function "assert_param" declared implicitly
Firmware\src\stm32f10x_gpio.c(419): warning:  #223-D: function "assert_param" declared implicitly
Firmware\src\stm32f10x_gpio.c(436): warning:  #223-D: function "assert_param" declared implicitly
Firmware\src\stm32f10x_gpio.c(465): warning:  #223-D: function "assert_param" declared implicitly
Firmware\src\stm32f10x_gpio.c(485): warning:  #223-D: function "assert_param" declared implicitly
Firmware\src\stm32f10x_gpio.c(535): warning:  #223-D: function "assert_param" declared implicitly
Firmware\src\stm32f10x_gpio.c(580): warning:  #223-D: function "assert_param" declared implicitly
Firmware\src\stm32f10x_gpio.c(599): warning:  #223-D: function "assert_param" declared implicitly
compiling stm32f10x_rcc.c...
Firmware\src\stm32f10x_rcc.c(273): warning:  #223-D: function "assert_param" declared implicitly
Firmware\src\stm32f10x_rcc.c(338): warning:  #223-D: function "assert_param" declared implicitly
Firmware\src\stm32f10x_rcc.c(357): warning:  #223-D: function "assert_param" declared implicitly
Firmware\src\stm32f10x_rcc.c(383): warning:  #223-D: function "assert_param" declared implicitly
Firmware\src\stm32f10x_rcc.c(404): warning:  #223-D: function "assert_param" declared implicitly
Firmware\src\stm32f10x_rcc.c(428): warning:  #223-D: function "assert_param" declared implicitly
Firmware\src\stm32f10x_rcc.c(455): warning:  #223-D: function "assert_param" declared implicitly
Firmware\src\stm32f10x_rcc.c(480): warning:  #223-D: function "assert_param" declared implicitly
Firmware\src\stm32f10x_rcc.c(504): warning:  #223-D: function "assert_param" declared implicitly
Firmware\src\stm32f10x_rcc.c(524): warning:  #223-D: function "assert_param" declared implicitly
Firmware\src\stm32f10x_rcc.c(546): warning:  #223-D: function "assert_param" declared implicitly
Firmware\src\stm32f10x_rcc.c(564): warning:  #223-D: function "assert_param" declared implicitly
Firmware\src\stm32f10x_rcc.c(608): warning:  #223-D: function "assert_param" declared implicitly
Firmware\src\stm32f10x_rcc.c(634): warning:  #223-D: function "assert_param" declared implicitly
Firmware\src\stm32f10x_rcc.c(660): warning:  #223-D: function "assert_param" declared implicitly
Firmware\src\stm32f10x_rcc.c(699): warning:  #223-D: function "assert_param" declared implicitly
Firmware\src\stm32f10x_rcc.c(745): warning:  #223-D: function "assert_param" declared implicitly
Firmware\src\stm32f10x_rcc.c(766): warning:  #223-D: function "assert_param" declared implicitly
Firmware\src\stm32f10x_rcc.c(791): warning:  #223-D: function "assert_param" declared implicitly
Firmware\src\stm32f10x_rcc.c(810): warning:  #223-D: function "assert_param" declared implicitly
Firmware\src\stm32f10x_rcc.c(828): warning:  #223-D: function "assert_param" declared implicitly
Firmware\src\stm32f10x_rcc.c(861): warning:  #223-D: function "assert_param" declared implicitly
Firmware\src\stm32f10x_rcc.c(878): warning:  #223-D: function "assert_param" declared implicitly
Firmware\src\stm32f10x_rcc.c(892): warning:  #223-D: function "assert_param" declared implicitly
Firmware\src\stm32f10x_rcc.c(1050): warning:  #223-D: function "assert_param" declared implicitly
Firmware\src\stm32f10x_rcc.c(1079): warning:  #223-D: function "assert_param" declared implicitly
Firmware\src\stm32f10x_rcc.c(1109): warning:  #223-D: function "assert_param" declared implicitly
Firmware\src\stm32f10x_rcc.c(1136): warning:  #223-D: function "assert_param" declared implicitly
Firmware\src\stm32f10x_rcc.c(1166): warning:  #223-D: function "assert_param" declared implicitly
Firmware\src\stm32f10x_rcc.c(1196): warning:  #223-D: function "assert_param" declared implicitly
Firmware\src\stm32f10x_rcc.c(1217): warning:  #223-D: function "assert_param" declared implicitly
Firmware\src\stm32f10x_rcc.c(1230): warning:  #223-D: function "assert_param" declared implicitly
Firmware\src\stm32f10x_rcc.c(1262): warning:  #223-D: function "assert_param" declared implicitly
Firmware\src\stm32f10x_rcc.c(1309): warning:  #223-D: function "assert_param" declared implicitly
Firmware\src\stm32f10x_rcc.c(1383): warning:  #223-D: function "assert_param" declared implicitly
Firmware\src\stm32f10x_rcc.c(1428): warning:  #223-D: function "assert_param" declared implicitly
compiling stm32f10x_spi.c...
Firmware\src\stm32f10x_spi.c(121): warning:  #223-D: function "assert_param" declared implicitly
Firmware\src\stm32f10x_spi.c(162): warning:  #223-D: function "assert_param" declared implicitly
Firmware\src\stm32f10x_spi.c(226): warning:  #223-D: function "assert_param" declared implicitly
Firmware\src\stm32f10x_spi.c(429): warning:  #223-D: function "assert_param" declared implicitly
Firmware\src\stm32f10x_spi.c(453): warning:  #223-D: function "assert_param" declared implicitly
Firmware\src\stm32f10x_spi.c(485): warning:  #223-D: function "assert_param" declared implicitly
Firmware\src\stm32f10x_spi.c(523): warning:  #223-D: function "assert_param" declared implicitly
Firmware\src\stm32f10x_spi.c(549): warning:  #223-D: function "assert_param" declared implicitly
Firmware\src\stm32f10x_spi.c(565): warning:  #223-D: function "assert_param" declared implicitly
Firmware\src\stm32f10x_spi.c(583): warning:  #223-D: function "assert_param" declared implicitly
Firmware\src\stm32f10x_spi.c(607): warning:  #223-D: function "assert_param" declared implicitly
Firmware\src\stm32f10x_spi.c(633): warning:  #223-D: function "assert_param" declared implicitly
Firmware\src\stm32f10x_spi.c(649): warning:  #223-D: function "assert_param" declared implicitly
Firmware\src\stm32f10x_spi.c(665): warning:  #223-D: function "assert_param" declared implicitly
Firmware\src\stm32f10x_spi.c(692): warning:  #223-D: function "assert_param" declared implicitly
Firmware\src\stm32f10x_spi.c(716): warning:  #223-D: function "assert_param" declared implicitly
Firmware\src\stm32f10x_spi.c(734): warning:  #223-D: function "assert_param" declared implicitly
Firmware\src\stm32f10x_spi.c(769): warning:  #223-D: function "assert_param" declared implicitly
Firmware\src\stm32f10x_spi.c(806): warning:  #223-D: function "assert_param" declared implicitly
Firmware\src\stm32f10x_spi.c(834): warning:  #223-D: function "assert_param" declared implicitly
Firmware\src\stm32f10x_spi.c(886): warning:  #223-D: function "assert_param" declared implicitly
linking...
.\bin\stm3210c-skeleton.axf: Error: L6218E: Undefined symbol assert_param (referred from stm32f10x_gpio.o).
Target not created
Build target 'Target 1'
compiling stm32f10x_gpio.c...
compiling main.c...
linking...
.\bin\stm3210c-skeleton.axf: Error: L6218E: Undefined symbol assert_param (referred from stm32f10x_rcc.o).
Target not created
Clean started: Project: 'stm3210c-skeleton'
   deleting intermediate output files for target 'Target 1'
Build target 'Target 1'
assembling STM32F10x.s...
compiling system_stm32f10x_cl.c...
compiling stm3210c_eval_lcd.c...
compiling stm32f10x_gpio.c...
compiling stm32f10x_rcc.c...
compiling stm32f10x_spi.c...
Firmware\src\stm32f10x_spi.c(121): warning:  #223-D: function "assert_param" declared implicitly
Firmware\src\stm32f10x_spi.c(162): warning:  #223-D: function "assert_param" declared implicitly
Firmware\src\stm32f10x_spi.c(226): warning:  #223-D: function "assert_param" declared implicitly
Firmware\src\stm32f10x_spi.c(429): warning:  #223-D: function "assert_param" declared implicitly
Firmware\src\stm32f10x_spi.c(453): warning:  #223-D: function "assert_param" declared implicitly
Firmware\src\stm32f10x_spi.c(485): warning:  #223-D: function "assert_param" declared implicitly
Firmware\src\stm32f10x_spi.c(523): warning:  #223-D: function "assert_param" declared implicitly
Firmware\src\stm32f10x_spi.c(549): warning:  #223-D: function "assert_param" declared implicitly
Firmware\src\stm32f10x_spi.c(565): warning:  #223-D: function "assert_param" declared implicitly
Firmware\src\stm32f10x_spi.c(583): warning:  #223-D: function "assert_param" declared implicitly
Firmware\src\stm32f10x_spi.c(607): warning:  #223-D: function "assert_param" declared implicitly
Firmware\src\stm32f10x_spi.c(633): warning:  #223-D: function "assert_param" declared implicitly
Firmware\src\stm32f10x_spi.c(649): warning:  #223-D: function "assert_param" declared implicitly
Firmware\src\stm32f10x_spi.c(665): warning:  #223-D: function "assert_param" declared implicitly
Firmware\src\stm32f10x_spi.c(692): warning:  #223-D: function "assert_param" declared implicitly
Firmware\src\stm32f10x_spi.c(716): warning:  #223-D: function "assert_param" declared implicitly
Firmware\src\stm32f10x_spi.c(734): warning:  #223-D: function "assert_param" declared implicitly
Firmware\src\stm32f10x_spi.c(769): warning:  #223-D: function "assert_param" declared implicitly
Firmware\src\stm32f10x_spi.c(806): warning:  #223-D: function "assert_param" declared implicitly
Firmware\src\stm32f10x_spi.c(834): warning:  #223-D: function "assert_param" declared implicitly
Firmware\src\stm32f10x_spi.c(886): warning:  #223-D: function "assert_param" declared implicitly
compiling main.c...
compiling setup.c...
compiling heap_2.c...
compiling list.c...
compiling port.c...
compiling queue.c...
compiling tasks.c...
linking...
.\bin\stm3210c-skeleton.axf: Error: L6218E: Undefined symbol assert_param (referred from stm32f10x_spi.o).
Target not created
Build target 'Target 1'
compiling stm32f10x_spi.c...
linking...
Program Size: Code=19268 RO-data=4828 RW-data=140 ZI-data=57036  
".\bin\stm3210c-skeleton.axf" - 0 Error(s), 0 Warning(s).
Load "C:\\Users\\philipp\\Desktop\\stm3210c-skeleton\\bin\\stm3210c-skeleton.AXF" 
Clean started: Project: 'stm3210c-skeleton'
   deleting intermediate output files for target 'Target 1'
Build target 'Target 1'
assembling STM32F10x.s...
compiling system_stm32f10x_cl.c...
compiling stm3210c_eval_lcd.c...
compiling stm32f10x_gpio.c...
compiling stm32f10x_rcc.c...
compiling stm32f10x_spi.c...
compiling main.c...
compiling setup.c...
compiling heap_2.c...
compiling list.c...
compiling port.c...
compiling queue.c...
compiling tasks.c...
linking...
Program Size: Code=16440 RO-data=4828 RW-data=140 ZI-data=57036  
".\bin\stm3210c-skeleton.axf" - 0 Error(s), 0 Warning(s).
Load "C:\\Users\\philipp\\Desktop\\stm3210c-skeleton\\bin\\stm3210c-skeleton.AXF" 
Clean started: Project: 'stm3210c-skeleton'
   deleting intermediate output files for target 'Target 1'
Build target 'Target 1'
assembling STM32F10x.s...
compiling system_stm32f10x_cl.c...
compiling stm3210c_eval_lcd.c...
compiling stm32f10x_gpio.c...
compiling stm32f10x_rcc.c...
compiling stm32f10x_spi.c...
compiling main.c...
compiling setup.c...
compiling heap_2.c...
compiling list.c...
compiling port.c...
compiling queue.c...
compiling tasks.c...
linking...
Program Size: Code=16440 RO-data=4828 RW-data=140 ZI-data=57036  
".\bin\stm3210c-skeleton.axf" - 0 Error(s), 0 Warning(s).
Build target 'Target 1'
compiling stm3210c_eval_ioe.c...
Firmware\stm3210c_eval_ioe.c(1023): warning:  #223-D: function "I2C_SoftwareResetCmd" declared implicitly
Firmware\stm3210c_eval_ioe.c(1029): warning:  #223-D: function "I2C_Cmd" declared implicitly
Firmware\stm3210c_eval_ioe.c(1035): warning:  #223-D: function "I2C_GenerateSTART" declared implicitly
Firmware\stm3210c_eval_ioe.c(1038): warning:  #223-D: function "I2C_CheckEvent" declared implicitly
Firmware\stm3210c_eval_ioe.c(1038): error:  #20: identifier "I2C_EVENT_MASTER_MODE_SELECT" is undefined
Firmware\stm3210c_eval_ioe.c(1044): warning:  #223-D: function "I2C_Send7bitAddress" declared implicitly
Firmware\stm3210c_eval_ioe.c(1044): error:  #20: identifier "I2C_Direction_Transmitter" is undefined
Firmware\stm3210c_eval_ioe.c(1047): error:  #20: identifier "I2C_EVENT_MASTER_TRANSMITTER_MODE_SELECTED" is undefined
Firmware\stm3210c_eval_ioe.c(1053): warning:  #223-D: function "I2C_SendData" declared implicitly
Firmware\stm3210c_eval_ioe.c(1058): error:  #20: identifier "I2C_EVENT_MASTER_BYTE_TRANSMITTED" is undefined
Firmware\stm3210c_eval_ioe.c(1073): warning:  #223-D: function "I2C_GenerateSTOP" declared implicitly
Firmware\stm3210c_eval_ioe.c(1109): warning:  #223-D: function "I2C_Cmd" declared implicitly
Firmware\stm3210c_eval_ioe.c(1112): warning:  #223-D: function "I2C_SoftwareResetCmd" declared implicitly
Firmware\stm3210c_eval_ioe.c(1119): warning:  #223-D: function "I2C_GenerateSTART" declared implicitly
Firmware\stm3210c_eval_ioe.c(1123): warning:  #223-D: function "I2C_CheckEvent" declared implicitly
Firmware\stm3210c_eval_ioe.c(1123): error:  #20: identifier "I2C_EVENT_MASTER_MODE_SELECT" is undefined
Firmware\stm3210c_eval_ioe.c(1128): warning:  #223-D: function "I2C_AcknowledgeConfig" declared implicitly
Firmware\stm3210c_eval_ioe.c(1131): warning:  #223-D: function "I2C_Send7bitAddress" declared implicitly
Firmware\stm3210c_eval_ioe.c(1131): error:  #20: identifier "I2C_Direction_Transmitter" is undefined
Firmware\stm3210c_eval_ioe.c(1136): error:  #20: identifier "I2C_EVENT_MASTER_TRANSMITTER_MODE_SELECTED" is undefined
Firmware\stm3210c_eval_ioe.c(1142): warning:  #223-D: function "I2C_SendData" declared implicitly
Firmware\stm3210c_eval_ioe.c(1145): error:  #20: identifier "I2C_EVENT_MASTER_BYTE_TRANSMITTED" is undefined
Firmware\stm3210c_eval_ioe.c(1159): error:  #20: identifier "I2C_Direction_Receiver" is undefined
Firmware\stm3210c_eval_ioe.c(1162): error:  #20: identifier "I2C_EVENT_MASTER_RECEIVER_MODE_SELECTED" is undefined
Firmware\stm3210c_eval_ioe.c(1168): error:  #20: identifier "I2C_EVENT_MASTER_BYTE_RECEIVED" is undefined
Firmware\stm3210c_eval_ioe.c(1174): warning:  #223-D: function "I2C_GenerateSTOP" declared implicitly
Firmware\stm3210c_eval_ioe.c(1177): warning:  #223-D: function "I2C_ReceiveData" declared implicitly
Firmware\stm3210c_eval_ioe.c(1205): warning:  #223-D: function "I2C_Cmd" declared implicitly
Firmware\stm3210c_eval_ioe.c(1208): warning:  #223-D: function "I2C_SoftwareResetCmd" declared implicitly
Firmware\stm3210c_eval_ioe.c(1215): warning:  #223-D: function "I2C_GenerateSTART" declared implicitly
Firmware\stm3210c_eval_ioe.c(1220): warning:  #223-D: function "I2C_CheckEvent" declared implicitly
Firmware\stm3210c_eval_ioe.c(1220): error:  #20: identifier "I2C_EVENT_MASTER_MODE_SELECT" is undefined
Firmware\stm3210c_eval_ioe.c(1226): warning:  #223-D: function "I2C_Send7bitAddress" declared implicitly
Firmware\stm3210c_eval_ioe.c(1226): error:  #20: identifier "I2C_Direction_Transmitter" is undefined
Firmware\stm3210c_eval_ioe.c(1229): error:  #20: identifier "I2C_EVENT_MASTER_TRANSMITTER_MODE_SELECTED" is undefined
Firmware\stm3210c_eval_ioe.c(1238): warning:  #223-D: function "I2C_SendData" declared implicitly
Firmware\stm3210c_eval_ioe.c(1241): error:  #20: identifier "I2C_EVENT_MASTER_BYTE_TRANSMITTED" is undefined
Firmware\stm3210c_eval_ioe.c(1256): error:  #20: identifier "I2C_Direction_Receiver" is undefined
Firmware\stm3210c_eval_ioe.c(1259): error:  #20: identifier "I2C_EVENT_MASTER_RECEIVER_MODE_SELECTED" is undefined
Firmware\stm3210c_eval_ioe.c(1270): warning:  #223-D: function "I2C_AcknowledgeConfig" declared implicitly
Firmware\stm3210c_eval_ioe.c(1273): warning:  #223-D: function "I2C_GenerateSTOP" declared implicitly
Firmware\stm3210c_eval_ioe.c(1277): error:  #20: identifier "I2C_EVENT_MASTER_BYTE_RECEIVED" is undefined
Firmware\stm3210c_eval_ioe.c(1280): warning:  #223-D: function "I2C_ReceiveData" declared implicitly
Firmware\stm3210c_eval_ioe.c(1288): warning:  #223-D: function "I2C_AcknowledgeConfig" declared implicitly
Firmware\stm3210c_eval_ioe.c(1373): error:  #20: identifier "GPIO_InitTypeDef" is undefined
Firmware\stm3210c_eval_ioe.c(1376): warning:  #223-D: function "RCC_APB1PeriphClockCmd" declared implicitly
Firmware\stm3210c_eval_ioe.c(1376): error:  #20: identifier "RCC_APB1Periph_I2C1" is undefined
Firmware\stm3210c_eval_ioe.c(1377): warning:  #223-D: function "RCC_APB2PeriphClockCmd" declared implicitly
Firmware\stm3210c_eval_ioe.c(1377): error:  #20: identifier "RCC_APB2Periph_GPIOB" is undefined
Firmware\stm3210c_eval_ioe.c(1377): error:  #20: identifier "RCC_APB2Periph_AFIO" is undefined
Firmware\stm3210c_eval_ioe.c(1380): warning:  #223-D: function "RCC_APB1PeriphResetCmd" declared implicitly
Firmware\stm3210c_eval_ioe.c(1386): error:  #20: identifier "GPIO_Pin_6" is undefined
Firmware\stm3210c_eval_ioe.c(1386): error:  #20: identifier "GPIO_Pin_7" is undefined
Firmware\stm3210c_eval_ioe.c(1387): error:  #20: identifier "GPIO_Speed_10MHz" is undefined
Firmware\stm3210c_eval_ioe.c(1388): error:  #20: identifier "GPIO_Mode_AF_OD" is undefined
Firmware\stm3210c_eval_ioe.c(1389): warning:  #223-D: function "GPIO_Init" declared implicitly
Firmware\stm3210c_eval_ioe.c(1392): error:  #20: identifier "GPIO_Pin_14" is undefined
Firmware\stm3210c_eval_ioe.c(1393): error:  #20: identifier "GPIO_Mode_IPU" is undefined
Firmware\stm3210c_eval_ioe.c(1397): warning:  #223-D: function "GPIO_EXTILineConfig" declared implicitly
Firmware\stm3210c_eval_ioe.c(1397): error:  #20: identifier "GPIO_PortSourceGPIOB" is undefined
Firmware\stm3210c_eval_ioe.c(1397): error:  #20: identifier "GPIO_PinSource14" is undefined
Target not created
Build target 'Target 1'
compiling stm3210c_eval_ioe.c...
Firmware\stm3210c_eval_ioe.c(1375): error:  #20: identifier "GPIO_InitTypeDef" is undefined
Firmware\stm3210c_eval_ioe.c(1378): warning:  #223-D: function "RCC_APB1PeriphClockCmd" declared implicitly
Firmware\stm3210c_eval_ioe.c(1378): error:  #20: identifier "RCC_APB1Periph_I2C1" is undefined
Firmware\stm3210c_eval_ioe.c(1379): warning:  #223-D: function "RCC_APB2PeriphClockCmd" declared implicitly
Firmware\stm3210c_eval_ioe.c(1379): error:  #20: identifier "RCC_APB2Periph_GPIOB" is undefined
Firmware\stm3210c_eval_ioe.c(1379): error:  #20: identifier "RCC_APB2Periph_AFIO" is undefined
Firmware\stm3210c_eval_ioe.c(1382): warning:  #223-D: function "RCC_APB1PeriphResetCmd" declared implicitly
Firmware\stm3210c_eval_ioe.c(1388): error:  #20: identifier "GPIO_Pin_6" is undefined
Firmware\stm3210c_eval_ioe.c(1388): error:  #20: identifier "GPIO_Pin_7" is undefined
Firmware\stm3210c_eval_ioe.c(1389): error:  #20: identifier "GPIO_Speed_10MHz" is undefined
Firmware\stm3210c_eval_ioe.c(1390): error:  #20: identifier "GPIO_Mode_AF_OD" is undefined
Firmware\stm3210c_eval_ioe.c(1391): warning:  #223-D: function "GPIO_Init" declared implicitly
Firmware\stm3210c_eval_ioe.c(1394): error:  #20: identifier "GPIO_Pin_14" is undefined
Firmware\stm3210c_eval_ioe.c(1395): error:  #20: identifier "GPIO_Mode_IPU" is undefined
Firmware\stm3210c_eval_ioe.c(1399): warning:  #223-D: function "GPIO_EXTILineConfig" declared implicitly
Firmware\stm3210c_eval_ioe.c(1399): error:  #20: identifier "GPIO_PortSourceGPIOB" is undefined
Firmware\stm3210c_eval_ioe.c(1399): error:  #20: identifier "GPIO_PinSource14" is undefined
Firmware\stm3210c_eval_ioe.c(1431): error:  #20: identifier "GPIO_InitTypeDef" is undefined
Firmware\stm3210c_eval_ioe.c(1432): error:  #20: identifier "NVIC_InitTypeDef" is undefined
Firmware\stm3210c_eval_ioe.c(1433): error:  #20: identifier "EXTI_InitTypeDef" is undefined
Firmware\stm3210c_eval_ioe.c(1436): warning:  #223-D: function "RCC_APB2PeriphClockCmd" declared implicitly
Firmware\stm3210c_eval_ioe.c(1436): error:  #20: identifier "RCC_APB2Periph_GPIOB" is undefined
Firmware\stm3210c_eval_ioe.c(1436): error:  #20: identifier "RCC_APB2Periph_AFIO" is undefined
Firmware\stm3210c_eval_ioe.c(1439): error:  #20: identifier "GPIO_Pin_14" is undefined
Firmware\stm3210c_eval_ioe.c(1440): error:  #20: identifier "GPIO_Mode_IN_FLOATING" is undefined
Firmware\stm3210c_eval_ioe.c(1441): warning:  #223-D: function "GPIO_Init" declared implicitly
Firmware\stm3210c_eval_ioe.c(1444): warning:  #223-D: function "GPIO_EXTILineConfig" declared implicitly
Firmware\stm3210c_eval_ioe.c(1444): error:  #20: identifier "GPIO_PortSourceGPIOB" is undefined
Firmware\stm3210c_eval_ioe.c(1444): error:  #20: identifier "GPIO_PinSource14" is undefined
Firmware\stm3210c_eval_ioe.c(1447): error:  #20: identifier "EXTI_Line14" is undefined
Firmware\stm3210c_eval_ioe.c(1448): error:  #20: identifier "EXTI_Mode_Interrupt" is undefined
Firmware\stm3210c_eval_ioe.c(1449): error:  #20: identifier "EXTI_Trigger_Rising_Falling" is undefined
Firmware\stm3210c_eval_ioe.c(1451): warning:  #223-D: function "EXTI_Init" declared implicitly
Firmware\stm3210c_eval_ioe.c(1458): warning:  #223-D: function "NVIC_Init" declared implicitly
Target not created
Build target 'Target 1'
compiling stm3210c_eval_ioe.c...
Firmware\stm3210c_eval_ioe.c(1379): warning:  #223-D: function "RCC_APB1PeriphClockCmd" declared implicitly
Firmware\stm3210c_eval_ioe.c(1379): error:  #20: identifier "RCC_APB1Periph_I2C1" is undefined
Firmware\stm3210c_eval_ioe.c(1380): warning:  #223-D: function "RCC_APB2PeriphClockCmd" declared implicitly
Firmware\stm3210c_eval_ioe.c(1380): error:  #20: identifier "RCC_APB2Periph_GPIOB" is undefined
Firmware\stm3210c_eval_ioe.c(1380): error:  #20: identifier "RCC_APB2Periph_AFIO" is undefined
Firmware\stm3210c_eval_ioe.c(1383): warning:  #223-D: function "RCC_APB1PeriphResetCmd" declared implicitly
Firmware\stm3210c_eval_ioe.c(1433): error:  #20: identifier "NVIC_InitTypeDef" is undefined
Firmware\stm3210c_eval_ioe.c(1434): error:  #20: identifier "EXTI_InitTypeDef" is undefined
Firmware\stm3210c_eval_ioe.c(1437): warning:  #223-D: function "RCC_APB2PeriphClockCmd" declared implicitly
Firmware\stm3210c_eval_ioe.c(1437): error:  #20: identifier "RCC_APB2Periph_GPIOB" is undefined
Firmware\stm3210c_eval_ioe.c(1437): error:  #20: identifier "RCC_APB2Periph_AFIO" is undefined
Firmware\stm3210c_eval_ioe.c(1448): error:  #20: identifier "EXTI_Line14" is undefined
Firmware\stm3210c_eval_ioe.c(1449): error:  #20: identifier "EXTI_Mode_Interrupt" is undefined
Firmware\stm3210c_eval_ioe.c(1450): error:  #20: identifier "EXTI_Trigger_Rising_Falling" is undefined
Firmware\stm3210c_eval_ioe.c(1452): warning:  #223-D: function "EXTI_Init" declared implicitly
Firmware\stm3210c_eval_ioe.c(1459): warning:  #223-D: function "NVIC_Init" declared implicitly
Target not created
Build target 'Target 1'
compiling stm3210c_eval_ioe.c...
Firmware\stm3210c_eval_ioe.c(1434): error:  #20: identifier "NVIC_InitTypeDef" is undefined
Firmware\stm3210c_eval_ioe.c(1435): error:  #20: identifier "EXTI_InitTypeDef" is undefined
Firmware\stm3210c_eval_ioe.c(1449): error:  #20: identifier "EXTI_Line14" is undefined
Firmware\stm3210c_eval_ioe.c(1450): error:  #20: identifier "EXTI_Mode_Interrupt" is undefined
Firmware\stm3210c_eval_ioe.c(1451): error:  #20: identifier "EXTI_Trigger_Rising_Falling" is undefined
Firmware\stm3210c_eval_ioe.c(1453): warning:  #223-D: function "EXTI_Init" declared implicitly
Firmware\stm3210c_eval_ioe.c(1460): warning:  #223-D: function "NVIC_Init" declared implicitly
Target not created
Build target 'Target 1'
compiling stm3210c_eval_ioe.c...
Firmware\stm3210c_eval_ioe.c(1435): error:  #20: identifier "NVIC_InitTypeDef" is undefined
Firmware\stm3210c_eval_ioe.c(1461): warning:  #223-D: function "NVIC_Init" declared implicitly
Target not created
Build target 'Target 1'
compiling stm3210c_eval_ioe.c...
C:\Keil\ARM\INC\ST\STM32F10x\stm32f10x_conf.h(21): error:  #5: cannot open source input file "stm32f10x_type.h": No such file or directory
Target not created
Build target 'Target 1'
compiling stm3210c_eval_ioe.c...
C:\Keil\ARM\INC\ST\STM32F10x\stm32f10x_map.h(26): error:  #5: cannot open source input file "stm32f10x_conf.h": No such file or directory
Target not created
Build target 'Target 1'
compiling stm3210c_eval_ioe.c...
C:\Keil\ARM\INC\ST\STM32F10x\stm32f10x_nvic.h(22): error:  #5: cannot open source input file "stm32f10x_map.h": No such file or directory
Target not created
Build target 'Target 1'
compiling stm3210c_eval_ioe.c...
Firmware\stm3210c_eval_ioe.c(1436): error:  #20: identifier "NVIC_InitTypeDef" is undefined
Firmware\stm3210c_eval_ioe.c(1462): warning:  #223-D: function "NVIC_Init" declared implicitly
Target not created
Build target 'Target 1'
compiling stm3210c_eval_ioe.c...
linking...
.\bin\stm3210c-skeleton.axf: Error: L6218E: Undefined symbol EXTI_Init (referred from stm3210c_eval_ioe.o).
.\bin\stm3210c-skeleton.axf: Error: L6218E: Undefined symbol I2C_AcknowledgeConfig (referred from stm3210c_eval_ioe.o).
.\bin\stm3210c-skeleton.axf: Error: L6218E: Undefined symbol I2C_CheckEvent (referred from stm3210c_eval_ioe.o).
.\bin\stm3210c-skeleton.axf: Error: L6218E: Undefined symbol I2C_Cmd (referred from stm3210c_eval_ioe.o).
.\bin\stm3210c-skeleton.axf: Error: L6218E: Undefined symbol I2C_GenerateSTART (referred from stm3210c_eval_ioe.o).
.\bin\stm3210c-skeleton.axf: Error: L6218E: Undefined symbol I2C_GenerateSTOP (referred from stm3210c_eval_ioe.o).
.\bin\stm3210c-skeleton.axf: Error: L6218E: Undefined symbol I2C_Init (referred from stm3210c_eval_ioe.o).
.\bin\stm3210c-skeleton.axf: Error: L6218E: Undefined symbol I2C_ReceiveData (referred from stm3210c_eval_ioe.o).
.\bin\stm3210c-skeleton.axf: Error: L6218E: Undefined symbol I2C_Send7bitAddress (referred from stm3210c_eval_ioe.o).
.\bin\stm3210c-skeleton.axf: Error: L6218E: Undefined symbol I2C_SendData (referred from stm3210c_eval_ioe.o).
.\bin\stm3210c-skeleton.axf: Error: L6218E: Undefined symbol I2C_SoftwareResetCmd (referred from stm3210c_eval_ioe.o).
.\bin\stm3210c-skeleton.axf: Error: L6218E: Undefined symbol NVIC_Init (referred from stm3210c_eval_ioe.o).
Target not created
Build target 'Target 1'
compiling stm32f10x_i2c.c...
Firmware\src\stm32f10x_i2c.c(164): warning:  #223-D: function "assert_param" declared implicitly
Firmware\src\stm32f10x_i2c.c(197): warning:  #223-D: function "assert_param" declared implicitly
Firmware\src\stm32f10x_i2c.c(324): warning:  #223-D: function "assert_param" declared implicitly
Firmware\src\stm32f10x_i2c.c(348): warning:  #223-D: function "assert_param" declared implicitly
Firmware\src\stm32f10x_i2c.c(372): warning:  #223-D: function "assert_param" declared implicitly
Firmware\src\stm32f10x_i2c.c(396): warning:  #223-D: function "assert_param" declared implicitly
Firmware\src\stm32f10x_i2c.c(420): warning:  #223-D: function "assert_param" declared implicitly
Firmware\src\stm32f10x_i2c.c(444): warning:  #223-D: function "assert_param" declared implicitly
Firmware\src\stm32f10x_i2c.c(469): warning:  #223-D: function "assert_param" declared implicitly
Firmware\src\stm32f10x_i2c.c(494): warning:  #223-D: function "assert_param" declared implicitly
Firmware\src\stm32f10x_i2c.c(518): warning:  #223-D: function "assert_param" declared implicitly
Firmware\src\stm32f10x_i2c.c(547): warning:  #223-D: function "assert_param" declared implicitly
Firmware\src\stm32f10x_i2c.c(572): warning:  #223-D: function "assert_param" declared implicitly
Firmware\src\stm32f10x_i2c.c(585): warning:  #223-D: function "assert_param" declared implicitly
Firmware\src\stm32f10x_i2c.c(603): warning:  #223-D: function "assert_param" declared implicitly
Firmware\src\stm32f10x_i2c.c(640): warning:  #223-D: function "assert_param" declared implicitly
Firmware\src\stm32f10x_i2c.c(660): warning:  #223-D: function "assert_param" declared implicitly
Firmware\src\stm32f10x_i2c.c(686): warning:  #223-D: function "assert_param" declared implicitly
Firmware\src\stm32f10x_i2c.c(710): warning:  #223-D: function "assert_param" declared implicitly
Firmware\src\stm32f10x_i2c.c(736): warning:  #223-D: function "assert_param" declared implicitly
Firmware\src\stm32f10x_i2c.c(760): warning:  #223-D: function "assert_param" declared implicitly
Firmware\src\stm32f10x_i2c.c(782): warning:  #223-D: function "assert_param" declared implicitly
Firmware\src\stm32f10x_i2c.c(797): warning:  #223-D: function "assert_param" declared implicitly
Firmware\src\stm32f10x_i2c.c(821): warning:  #223-D: function "assert_param" declared implicitly
Firmware\src\stm32f10x_i2c.c(847): warning:  #223-D: function "assert_param" declared implicitly
Firmware\src\stm32f10x_i2c.c(871): warning:  #223-D: function "assert_param" declared implicitly
Firmware\src\stm32f10x_i2c.c(908): warning:  #223-D: function "assert_param" declared implicitly
Firmware\src\stm32f10x_i2c.c(966): warning:  #223-D: function "assert_param" declared implicitly
Firmware\src\stm32f10x_i2c.c(1041): warning:  #223-D: function "assert_param" declared implicitly
Firmware\src\stm32f10x_i2c.c(1076): warning:  #223-D: function "assert_param" declared implicitly
Firmware\src\stm32f10x_i2c.c(1132): warning:  #223-D: function "assert_param" declared implicitly
compiling stm32f10x_exti.c...
Firmware\src\stm32f10x_exti.c(105): warning:  #223-D: function "assert_param" declared implicitly
Firmware\src\stm32f10x_exti.c(173): warning:  #223-D: function "assert_param" declared implicitly
Firmware\src\stm32f10x_exti.c(189): warning:  #223-D: function "assert_param" declared implicitly
Firmware\src\stm32f10x_exti.c(211): warning:  #223-D: function "assert_param" declared implicitly
Firmware\src\stm32f10x_exti.c(228): warning:  #223-D: function "assert_param" declared implicitly
Firmware\src\stm32f10x_exti.c(251): warning:  #223-D: function "assert_param" declared implicitly
linking...
.\bin\stm3210c-skeleton.axf: Error: L6218E: Undefined symbol NVIC_Init (referred from stm3210c_eval_ioe.o).
.\bin\stm3210c-skeleton.axf: Error: L6218E: Undefined symbol assert_param (referred from stm32f10x_i2c.o).
Target not created
Build target 'Target 1'
compiling stm32f10x_i2c.c...
compiling stm32f10x_exti.c...
linking...
.\bin\stm3210c-skeleton.axf: Error: L6218E: Undefined symbol NVIC_Init (referred from stm3210c_eval_ioe.o).
Target not created
Build target 'Target 1'
compiling misc.c...
Firmware\src\misc.c(98): warning:  #223-D: function "assert_param" declared implicitly
Firmware\src\misc.c(116): warning:  #223-D: function "assert_param" declared implicitly
Firmware\src\misc.c(157): warning:  #223-D: function "assert_param" declared implicitly
Firmware\src\misc.c(176): warning:  #223-D: function "assert_param" declared implicitly
Firmware\src\misc.c(200): warning:  #223-D: function "assert_param" declared implicitly
linking...
.\bin\stm3210c-skeleton.axf: Error: L6218E: Undefined symbol assert_param (referred from misc.o).
Target not created
Build target 'Target 1'
compiling misc.c...
linking...
Program Size: Code=16440 RO-data=4828 RW-data=140 ZI-data=57036  
".\bin\stm3210c-skeleton.axf" - 0 Error(s), 0 Warning(s).
Load "C:\\Users\\philipp\\Desktop\\stm3210c-skeleton\\bin\\stm3210c-skeleton.AXF" 
Build target 'Target 1'
compiling main.c...
linking...
Program Size: Code=23300 RO-data=4828 RW-data=164 ZI-data=57036  
".\bin\stm3210c-skeleton.axf" - 0 Error(s), 0 Warning(s).
Build target 'Target 1'
compiling stm3210c_eval_ioe.c...
compiling main.c...
main.c(106): error:  #20: identifier "TS_State" is undefined
main.c(106): error:  #65: expected a ";"
Target not created
Build target 'Target 1'
compiling main.c...
main.c(106): error:  #65: expected a ";"
main.c(109): warning:  #223-D: function "IOE_TS_GetStatus" declared implicitly
main.c(109): error:  #513: a value of type "int" cannot be assigned to an entity of type "TS_STATE"
main.c(106): warning:  #550-D: variable "ts_state" was set but never used
Target not created
Build target 'Target 1'
compiling main.c...
main.c(109): warning:  #223-D: function "IOE_TS_GetStatus" declared implicitly
main.c(109): error:  #513: a value of type "int" cannot be assigned to an entity of type "TS_STATE *"
main.c(106): warning:  #550-D: variable "ts_state" was set but never used
Target not created
Build target 'Target 1'
compiling main.c...
main.c(106): warning:  #550-D: variable "ts_state" was set but never used
linking...
Program Size: Code=23320 RO-data=4828 RW-data=164 ZI-data=57036  
".\bin\stm3210c-skeleton.axf" - 0 Error(s), 1 Warning(s).
Build target 'Target 1'
compiling main.c...
linking...
Program Size: Code=23348 RO-data=4828 RW-data=164 ZI-data=57036  
".\bin\stm3210c-skeleton.axf" - 0 Error(s), 0 Warning(s).
Load "C:\\Users\\philipp\\Desktop\\stm3210c-skeleton\\bin\\stm3210c-skeleton.AXF" 
Build target 'Target 1'
compiling main.c...
linking...
Program Size: Code=23384 RO-data=4828 RW-data=164 ZI-data=57036  
".\bin\stm3210c-skeleton.axf" - 0 Error(s), 0 Warning(s).
Load "C:\\Users\\philipp\\Desktop\\stm3210c-skeleton\\bin\\stm3210c-skeleton.AXF" 
Build target 'Target 1'
compiling main.c...
linking...
Program Size: Code=23384 RO-data=4828 RW-data=164 ZI-data=57036  
".\bin\stm3210c-skeleton.axf" - 0 Error(s), 0 Warning(s).
Build target 'Target 1'
compiling main.c...
linking...
Program Size: Code=23384 RO-data=4828 RW-data=164 ZI-data=57036  
".\bin\stm3210c-skeleton.axf" - 0 Error(s), 0 Warning(s).
Build target 'Target 1'
compiling main.c...
main.c(109): warning:  #177-D: variable "callbacks" was declared but never referenced
main.c(110): warning:  #177-D: variable "callbackNum" was declared but never referenced
linking...
Program Size: Code=23392 RO-data=4828 RW-data=164 ZI-data=57036  
".\bin\stm3210c-skeleton.axf" - 0 Error(s), 2 Warning(s).
Build target 'Target 1'
compiling main.c...
main.c(109): warning:  #550-D: variable "callbacks" was set but never used
linking...
Program Size: Code=23428 RO-data=4828 RW-data=168 ZI-data=57224  
".\bin\stm3210c-skeleton.axf" - 0 Error(s), 1 Warning(s).
Build target 'Target 1'
compiling main.c...
linking...
Program Size: Code=23532 RO-data=4828 RW-data=168 ZI-data=57224  
".\bin\stm3210c-skeleton.axf" - 0 Error(s), 0 Warning(s).
Build target 'Target 1'
compiling main.c...
main.c(128): warning:  #513-D: a value of type "void (*)(u16, u16, u16)" cannot be assigned to an entity of type "void (*)(u16, u16, u16, void *)"
linking...
[...]
Firmware\font.h(26): warning:  #174-D: expression has no effect
Firmware\font.h(26): warning:  #174-D: expression has no effect
Firmware\font.h(26): warning:  #174-D: expression has no effect
Firmware\font.h(26): warning:  #174-D: expression has no effect
Firmware\font.h(26): warning:  #174-D: expression has no effect
Firmware\font.h(26): warning:  #174-D: expression has no effect
Firmware\font.h(26): warning:  #174-D: expression has no effect
Firmware\font.h(26): warning:  #174-D: expression has no effect
Firmware\font.h(26): warning:  #174-D: expression has no effect
Firmware\font.h(26): warning:  #174-D: expression has no effect
Firmware\font.h(26): warning:  #174-D: expression has no effect
Firmware\font.h(26): warning:  #174-D: expression has no effect
Firmware\font.h(26): warning:  #174-D: expression has no effect
Firmware\font.h(26): warning:  #174-D: expression has no effect
Firmware\font.h(26): warning:  #174-D: expression has no effect
Firmware\font.h(26): warning:  #174-D: expression has no effect
Firmware\font.h(26): warning:  #174-D: expression has no effect
Firmware\font.h(26): warning:  #174-D: expression has no effect
Firmware\font.h(26): warning:  #174-D: expression has no effect
Firmware\font.h(26): warning:  #174-D: expression has no effect
Firmware\font.h(26): warning:  #174-D: expression has no effect
Firmware\font.h(26): warning:  #174-D: expression has no effect
Firmware\font.h(26): warning:  #174-D: expression has no effect
Firmware\font.h(26): warning:  #174-D: expression has no effect
Firmware\font.h(26): warning:  #174-D: expression has no effect
Firmware\font.h(26): warning:  #174-D: expression has no effect
Firmware\font.h(26): warning:  #174-D: expression has no effect
Firmware\font.h(26): warning:  #174-D: expression has no effect
Firmware\font.h(26): warning:  #174-D: expression has no effect
Firmware\font.h(26): warning:  #174-D: expression has no effect
Firmware\font.h(26): warning:  #174-D: expression has no effect
Firmware\font.h(26): warning:  #174-D: expression has no effect
Firmware\font.h(26): warning:  #174-D: expression has no effect
Firmware\font.h(26): warning:  #174-D: expression has no effect
Firmware\font.h(26): warning:  #174-D: expression has no effect
Firmware\font.h(26): warning:  #174-D: expression has no effect
Firmware\font.h(26): warning:  #174-D: expression has no effect
Firmware\font.h(26): warning:  #174-D: expression has no effect
Firmware\font.h(26): warning:  #174-D: expression has no effect
Firmware\font.h(26): warning:  #174-D: expression has no effect
Firmware\font.h(26): warning:  #174-D: expression has no effect
Firmware\font.h(26): warning:  #174-D: expression has no effect
Firmware\font.h(26): warning:  #174-D: expression has no effect
Firmware\font.h(26): warning:  #174-D: expression has no effect
Firmware\font.h(26): warning:  #174-D: expression has no effect
Firmware\font.h(26): warning:  #174-D: expression has no effect
Firmware\font.h(26): warning:  #174-D: expression has no effect
Firmware\font.h(26): warning:  #174-D: expression has no effect
Firmware\font.h(26): warning:  #174-D: expression has no effect
Firmware\font.h(26): warning:  #174-D: expression has no effect
Firmware\font.h(26): warning:  #174-D: expression has no effect
Firmware\font.h(26): warning:  #174-D: expression has no effect
Firmware\font.h(26): warning:  #174-D: expression has no effect
Firmware\font.h(26): warning:  #174-D: expression has no effect
Firmware\font.h(26): warning:  #174-D: expression has no effect
Firmware\font.h(26): warning:  #174-D: expression has no effect
Firmware\font.h(26): warning:  #174-D: expression has no effect
Firmware\font.h(26): warning:  #174-D: expression has no effect
Firmware\font.h(26): warning:  #174-D: expression has no effect
Firmware\font.h(26): warning:  #174-D: expression has no effect
Firmware\font.h(26): warning:  #174-D: expression has no effect
Firmware\font.h(26): warning:  #174-D: expression has no effect
Firmware\font.h(26): warning:  #174-D: expression has no effect
Firmware\font.h(26): warning:  #174-D: expression has no effect
Firmware\font.h(26): warning:  #174-D: expression has no effect
Firmware\font.h(26): warning:  #174-D: expression has no effect
Firmware\font.h(26): warning:  #174-D: expression has no effect
Firmware\font.h(26): warning:  #174-D: expression has no effect
Firmware\font.h(26): warning:  #174-D: expression has no effect
Firmware\font.h(26): warning:  #174-D: expression has no effect
Firmware\font.h(26): warning:  #174-D: expression has no effect
Firmware\font.h(26): warning:  #174-D: expression has no effect
Firmware\font.h(26): warning:  #174-D: expression has no effect
Firmware\font.h(26): warning:  #174-D: expression has no effect
Firmware\font.h(26): warning:  #174-D: expression has no effect
Firmware\font.h(26): warning:  #174-D: expression has no effect
Firmware\font.h(26): warning:  #174-D: expression has no effect
Firmware\font.h(26): warning:  #174-D: expression has no effect
Firmware\font.h(26): warning:  #174-D: expression has no effect
Firmware\font.h(26): warning:  #174-D: expression has no effect
Firmware\font.h(26): warning:  #174-D: expression has no effect
Firmware\font.h(26): warning:  #174-D: expression has no effect
Firmware\font.h(26): warning:  #174-D: expression has no effect
Firmware\font.h(26): warning:  #174-D: expression has no effect
Firmware\font.h(26): warning:  #174-D: expression has no effect
Firmware\font.h(26): warning:  #174-D: expression has no effect
Firmware\font.h(26): warning:  #174-D: expression has no effect
Firmware\font.h(26): warning:  #174-D: expression has no effect
Firmware\font.h(26): warning:  #174-D: expression has no effect
Firmware\font.h(26): warning:  #174-D: expression has no effect
Firmware\font.h(26): warning:  #174-D: expression has no effect
Firmware\font.h(26): warning:  #174-D: expression has no effect
Firmware\font.h(26): warning:  #174-D: expression has no effect
Firmware\font.h(26): warning:  #174-D: expression has no effect
Firmware\font.h(26): warning:  #174-D: expression has no effect
Firmware\font.h(26): warning:  #174-D: expression has no effect
Firmware\font.h(26): warning:  #174-D: expression has no effect
Firmware\font.h(26): warning:  #174-D: expression has no effect
Firmware\font.h(26): warning:  #174-D: expression has no effect
Firmware\font.h(26): warning:  #174-D: expression has no effect
Firmware\font.h(26): warning:  #174-D: expression has no effect
Firmware\font.h(26): warning:  #174-D: expression has no effect
Firmware\font.h(26): warning:  #174-D: expression has no effect
Firmware\font.h(26): warning:  #174-D: expression has no effect
Firmware\font.h(26): warning:  #174-D: expression has no effect
Firmware\font.h(26): warning:  #174-D: expression has no effect
Firmware\font.h(26): warning:  #174-D: expression has no effect
Firmware\font.h(26): warning:  #174-D: expression has no effect
Firmware\font.h(26): warning:  #174-D: expression has no effect
Firmware\font.h(26): warning:  #174-D: expression has no effect
Firmware\font.h(26): warning:  #174-D: expression has no effect
Firmware\font.h(26): warning:  #174-D: expression has no effect
Firmware\font.h(26): warning:  #174-D: expression has no effect
Firmware\font.h(26): warning:  #174-D: expression has no effect
Firmware\font.h(26): warning:  #174-D: expression has no effect
Firmware\font.h(26): warning:  #174-D: expression has no effect
Firmware\font.h(26): warning:  #174-D: expression has no effect
Firmware\font.h(26): warning:  #174-D: expression has no effect
Firmware\font.h(26): warning:  #174-D: expression has no effect
Firmware\font.h(26): warning:  #174-D: expression has no effect
Firmware\font.h(26): warning:  #174-D: expression has no effect
Firmware\font.h(26): warning:  #174-D: expression has no effect
Firmware\font.h(26): warning:  #174-D: expression has no effect
Firmware\font.h(26): warning:  #174-D: expression has no effect
Firmware\font.h(26): warning:  #174-D: expression has no effect
Firmware\font.h(26): warning:  #174-D: expression has no effect
Firmware\font.h(26): warning:  #174-D: expression has no effect
Firmware\font.h(26): warning:  #174-D: expression has no effect
Firmware\font.h(26): warning:  #174-D: expression has no effect
Firmware\font.h(26): warning:  #174-D: expression has no effect
Firmware\font.h(26): warning:  #174-D: expression has no effect
Firmware\font.h(26): warning:  #174-D: expression has no effect
Firmware\font.h(26): warning:  #174-D: expression has no effect
Firmware\font.h(26): warning:  #174-D: expression has no effect
Firmware\font.h(26): warning:  #174-D: expression has no effect
Firmware\font.h(26): warning:  #174-D: expression has no effect
Firmware\font.h(26): warning:  #174-D: expression has no effect
Firmware\font.h(26): warning:  #174-D: expression has no effect
Firmware\font.h(475): error:  #29: expected an expression
Firmware\font.h(26): warning:  #174-D: expression has no effect
Firmware\font.h(475): error:  #65: expected a ";"
Firmware\GLCD.c(312): error:  #247: function "GLCD_drawRect" has already been defined
Firmware\GLCD.c(314): warning:  #223-D: function "LCD_DrawLine" declared implicitly
Firmware\GLCD.c(314): error:  #20: identifier "Horizontal" is undefined
Firmware\GLCD.c(317): error:  #20: identifier "Vertical" is undefined
Firmware\GLCD.c(402): error:  #20: identifier "ASCII_Table" is undefined
compiling main.c...
Firmware\stm3210c_eval_ioe.h(61): error:  #130: expected a "{"
Firmware\stm3210c_eval_ioe.h(63): warning:  #177-D: variable "TouchDetected" was declared but never referenced
Firmware\stm3210c_eval_ioe.h(64): warning:  #177-D: variable "X" was declared but never referenced
Firmware\stm3210c_eval_ioe.h(65): warning:  #177-D: variable "Y" was declared but never referenced
Firmware\stm3210c_eval_ioe.h(66): warning:  #177-D: variable "Z" was declared but never referenced
Firmware\stm3210c_eval_ioe.h(67): error:  #77-D: this declaration has no storage class or type specifier
Firmware\stm3210c_eval_ioe.h(409): error:  #757: variable "TS_STATE" is not a type name
main.c(143): error:  #20: identifier "ts_state" is undefined
main.c(144): error:  #268: declaration may not appear after executable statement in block
main.c(145): error:  #268: declaration may not appear after executable statement in block
Target not created
Build target 'Target 1'
compiling GLCD.c...
Firmware\GLCD.c(314): warning:  #223-D: function "LCD_DrawLine" declared implicitly
Firmware\GLCD.c(314): error:  #20: identifier "Horizontal" is undefined
Firmware\GLCD.c(317): error:  #20: identifier "Vertical" is undefined
compiling main.c...
Target not created
Build target 'Target 1'
compiling GLCD.c...
Firmware\GLCD.c(314): warning:  #223-D: function "LCD_DrawLine" declared implicitly
compiling main.c...
linking...
.\bin\stm3210c-skeleton.axf: Error: L6218E: Undefined symbol LCD_DrawLine (referred from glcd.o).
Target not created
Build target 'Target 1'
compiling GLCD.c...
linking...
Program Size: Code=20360 RO-data=268 RW-data=5548 ZI-data=58060  
".\bin\stm3210c-skeleton.axf" - 0 Error(s), 0 Warning(s).
Build target 'Target 1'
compiling main.c...
linking...
Program Size: Code=20372 RO-data=268 RW-data=5548 ZI-data=58060  
".\bin\stm3210c-skeleton.axf" - 0 Error(s), 0 Warning(s).
Load "C:\\Users\\philipp\\Desktop\\stm3210c-skeleton\\bin\\stm3210c-skeleton.AXF" 
Build target 'Target 1'
compiling GLCD.c...
linking...
Program Size: Code=20388 RO-data=268 RW-data=5548 ZI-data=58060  
".\bin\stm3210c-skeleton.axf" - 0 Error(s), 0 Warning(s).
Load "C:\\Users\\philipp\\Desktop\\stm3210c-skeleton\\bin\\stm3210c-skeleton.AXF" 
Build target 'Target 1'
compiling GLCD.c...
linking...
Program Size: Code=20420 RO-data=268 RW-data=5548 ZI-data=58060  
".\bin\stm3210c-skeleton.axf" - 0 Error(s), 0 Warning(s).
Load "C:\\Users\\philipp\\Desktop\\stm3210c-skeleton\\bin\\stm3210c-skeleton.AXF" 
Build target 'Target 1'
compiling GLCD.c...
linking...
Program Size: Code=20440 RO-data=268 RW-data=5548 ZI-data=58060  
".\bin\stm3210c-skeleton.axf" - 0 Error(s), 0 Warning(s).
Load "C:\\Users\\philipp\\Desktop\\stm3210c-skeleton\\bin\\stm3210c-skeleton.AXF" 
Build target 'Target 1'
compiling GLCD.c...
linking...
Program Size: Code=20440 RO-data=268 RW-data=5548 ZI-data=58060  
".\bin\stm3210c-skeleton.axf" - 0 Error(s), 0 Warning(s).
Load "C:\\Users\\philipp\\Desktop\\stm3210c-skeleton\\bin\\stm3210c-skeleton.AXF" 
Build target 'Target 1'
compiling GLCD.c...
compiling main.c...
linking...
Program Size: Code=20400 RO-data=268 RW-data=5548 ZI-data=58060  
".\bin\stm3210c-skeleton.axf" - 0 Error(s), 0 Warning(s).
Load "C:\\Users\\philipp\\Desktop\\stm3210c-skeleton\\bin\\stm3210c-skeleton.AXF" 
Build target 'Target 1'
compiling main.c...
linking...
Program Size: Code=20408 RO-data=268 RW-data=5548 ZI-data=58060  
".\bin\stm3210c-skeleton.axf" - 0 Error(s), 0 Warning(s).
Load "C:\\Users\\philipp\\Desktop\\stm3210c-skeleton\\bin\\stm3210c-skeleton.AXF" 
Build target 'Target 1'
compiling GLCD.c...
compiling main.c...
linking...
Program Size: Code=20444 RO-data=268 RW-data=5548 ZI-data=58060  
".\bin\stm3210c-skeleton.axf" - 0 Error(s), 0 Warning(s).
Load "C:\\Users\\philipp\\Desktop\\stm3210c-skeleton\\bin\\stm3210c-skeleton.AXF" 
Build target 'Target 1'
compiling GLCD.c...
compiling main.c...
linking...
Program Size: Code=20444 RO-data=268 RW-data=5548 ZI-data=58060  
".\bin\stm3210c-skeleton.axf" - 0 Error(s), 0 Warning(s).
Build target 'Target 1'
compiling GLCD.c...
compiling main.c...
linking...
Program Size: Code=20460 RO-data=268 RW-data=5548 ZI-data=58060  
".\bin\stm3210c-skeleton.axf" - 0 Error(s), 0 Warning(s).
Load "C:\\Users\\philipp\\Desktop\\stm3210c-skeleton\\bin\\stm3210c-skeleton.AXF" 
Build target 'Target 1'
compiling main.c...
main.c(182): error:  #268: declaration may not appear after executable statement in block
main.c(175): warning:  #177-D: function "highlightButton" was declared but never referenced
main.c(180): warning:  #177-D: function "setupButtons" was declared but never referenced
Target not created
Build target 'Target 1'
compiling main.c...
main.c(175): warning:  #177-D: function "highlightButton" was declared but never referenced
main.c(180): warning:  #177-D: function "setupButtons" was declared but never referenced
linking...
Program Size: Code=20424 RO-data=268 RW-data=5548 ZI-data=58060  
".\bin\stm3210c-skeleton.axf" - 0 Error(s), 2 Warning(s).
Build target 'Target 1'
compiling main.c...
main.c(175): warning:  #177-D: function "highlightButton" was declared but never referenced
linking...
Program Size: Code=20484 RO-data=268 RW-data=5552 ZI-data=58056  
".\bin\stm3210c-skeleton.axf" - 0 Error(s), 1 Warning(s).
Build target 'Target 1'
compiling main.c...
main.c(175): warning:  #177-D: function "highlightButton" was declared but never referenced
main.c(188): warning:  #177-D: function "highlightButtonsTask" was declared but never referenced
linking...
Program Size: Code=20484 RO-data=268 RW-data=5552 ZI-data=58056  
".\bin\stm3210c-skeleton.axf" - 0 Error(s), 2 Warning(s).
Build target 'Target 1'
compiling main.c...
main.c(186): error:  #167: argument of type "u16" is incompatible with parameter of type "void (*)(u16, u16, u16, void *)"
main.c(186): error:  #165: too few arguments in function call
main.c(175): warning:  #177-D: function "highlightButton" was declared but never referenced
main.c(190): warning:  #177-D: function "highlightButtonsTask" was declared but never referenced
Target not created
Build target 'Target 1'
compiling main.c...
main.c(187): error:  #167: argument of type "u16" is incompatible with parameter of type "void *"
main.c(191): warning:  #177-D: function "highlightButtonsTask" was declared but never referenced
Target not created
Build target 'Target 1'
compiling main.c...
main.c(191): warning:  #177-D: function "highlightButtonsTask" was declared but never referenced
linking...
Program Size: Code=20544 RO-data=268 RW-data=5552 ZI-data=58056  
".\bin\stm3210c-skeleton.axf" - 0 Error(s), 1 Warning(s).
Build target 'Target 1'
compiling main.c...
main.c(199): error:  #20: identifier "i" is undefined
main.c(191): warning:  #177-D: function "highlightButtonsTask" was declared but never referenced
Target not created
Build target 'Target 1'
compiling main.c...
main.c(198): error:  #20: identifier "i" is undefined
main.c(191): warning:  #177-D: function "highlightButtonsTask" was declared but never referenced
Target not created
Build target 'Target 1'
compiling main.c...
main.c(191): warning:  #177-D: function "highlightButtonsTask" was declared but never referenced
linking...
Program Size: Code=20544 RO-data=268 RW-data=5552 ZI-data=58056  
".\bin\stm3210c-skeleton.axf" - 0 Error(s), 1 Warning(s).
Build target 'Target 1'
compiling main.c...
linking...
Program Size: Code=20724 RO-data=268 RW-data=5552 ZI-data=58056  
".\bin\stm3210c-skeleton.axf" - 0 Error(s), 0 Warning(s).
Load "C:\\Users\\philipp\\Desktop\\stm3210c-skeleton\\bin\\stm3210c-skeleton.AXF" 
Build target 'Target 1'
compiling main.c...
linking...
Program Size: Code=20724 RO-data=268 RW-data=5552 ZI-data=58056  
".\bin\stm3210c-skeleton.axf" - 0 Error(s), 0 Warning(s).
Load "C:\\Users\\philipp\\Desktop\\stm3210c-skeleton\\bin\\stm3210c-skeleton.AXF" 
Build target 'Target 1'
compiling main.c...
main.c(191): warning:  #177-D: function "highlightButtonsTask" was declared but never referenced
linking...
Program Size: Code=20544 RO-data=268 RW-data=5552 ZI-data=58056  
".\bin\stm3210c-skeleton.axf" - 0 Error(s), 1 Warning(s).
Load "C:\\Users\\philipp\\Desktop\\stm3210c-skeleton\\bin\\stm3210c-skeleton.AXF" 
Build target 'Target 1'
compiling main.c...
main.c(191): warning:  #177-D: function "highlightButtonsTask" was declared but never referenced
linking...
Program Size: Code=20544 RO-data=268 RW-data=5552 ZI-data=58056  
".\bin\stm3210c-skeleton.axf" - 0 Error(s), 1 Warning(s).
Load "C:\\Users\\philipp\\Desktop\\stm3210c-skeleton\\bin\\stm3210c-skeleton.AXF" 
Build target 'Target 1'
compiling main.c...
linking...
Program Size: Code=20724 RO-data=268 RW-data=5552 ZI-data=58056  
".\bin\stm3210c-skeleton.axf" - 0 Error(s), 0 Warning(s).
Load "C:\\Users\\philipp\\Desktop\\stm3210c-skeleton\\bin\\stm3210c-skeleton.AXF" 
Build target 'Target 1'
compiling main.c...
linking...
Program Size: Code=20724 RO-data=268 RW-data=5552 ZI-data=58056  
".\bin\stm3210c-skeleton.axf" - 0 Error(s), 0 Warning(s).
Load "C:\\Users\\philipp\\Desktop\\stm3210c-skeleton\\bin\\stm3210c-skeleton.AXF" 
Build target 'Target 1'
compiling main.c...
linking...
Program Size: Code=20724 RO-data=268 RW-data=5552 ZI-data=58056  
".\bin\stm3210c-skeleton.axf" - 0 Error(s), 0 Warning(s).
Load "C:\\Users\\philipp\\Desktop\\stm3210c-skeleton\\bin\\stm3210c-skeleton.AXF" 
Build target 'Target 1'
compiling GLCD.c...
compiling main.c...
linking...
Program Size: Code=20788 RO-data=268 RW-data=5552 ZI-data=58056  
".\bin\stm3210c-skeleton.axf" - 0 Error(s), 0 Warning(s).
Build target 'Target 1'
compiling main.c...
linking...
Program Size: Code=20788 RO-data=268 RW-data=5552 ZI-data=58056  
".\bin\stm3210c-skeleton.axf" - 0 Error(s), 0 Warning(s).
Load "C:\\Users\\philipp\\Desktop\\stm3210c-skeleton\\bin\\stm3210c-skeleton.AXF" 
Build target 'Target 1'
compiling GLCD.c...
linking...
Program Size: Code=20792 RO-data=268 RW-data=5552 ZI-data=58056  
".\bin\stm3210c-skeleton.axf" - 0 Error(s), 0 Warning(s).
Load "C:\\Users\\philipp\\Desktop\\stm3210c-skeleton\\bin\\stm3210c-skeleton.AXF" 
Clean started: Project: 'stm3210c-skeleton'
   deleting intermediate output files for target 'Target 1'
