<html>
<body>
<pre>
<h1>µVision Build Log</h1>
<h2>Project:</h2>
C:\Users\DenDenMushi\Desktop\Microcontroller\stm3210c-skeleton-version1.6\stm3210c-skeleton\stm3210c-skeleton.uvproj
Project File Date:  05/15/2014

<h2>Output:</h2>
Build target 'Target 1'
linking...
Program Size: Code=23228 RO-data=4828 RW-data=228 ZI-data=58516  
FromELF: creating hex file...
".\bin\stm3210c-skeleton.axf" - 0 Error(s), 0 Warning(s).
</pre>
</body>
</html>
Warning(s).
.c: 0 warnings, 1 error
".\bin\stm3210c-skeleton.axf" - 1 Error(s), 0 Warning(s).
Target not created
2 warnings, 0 errors
linking...
Program Size: Code=23108 RO-data=4828 RW-data=228 ZI-data=58516  
FromELF: creating hex file...
".\bin\stm3210c-skeleton.axf" - 0 Error(s), 2 Warning(s).
 list image symbols.
Finished: 1 information, 0 warning and 1 error messages.
".\bin\stm3210c-skeleton.axf" - 1 Error(s), 3 Warning(s).
Target not created
0 warning and 1 error messages.
".\bin\stm3210c-skeleton.axf" - 1 Error(s), 3 Warning(s).
Target not created
g(s).
m Size: Code=22892 RO-data=4828 RW-data=228 ZI-data=58532  
FromELF: creating hex file...
".\bin\stm3210c-skeleton.axf" - 0 Error(s), 1 Warning(s).
