Product: MDK-ARM Lite 5.10
Component: ARM Compiler 5.04 update 1 (build 49)
Tool: armlink [5040049]

==============================================================================

Section Cross References

    stm32f10x.o(RESET) refers to stm32f10x.o(STACK) for __initial_sp
    stm32f10x.o(RESET) refers to stm32f10x.o(.text) for Reset_Handler
    stm32f10x.o(RESET) refers to port.o(.emb_text) for vPortSVCHandler
    stm32f10x.o(RESET) refers to port.o(.text) for xPortSysTickHandler
    stm32f10x.o(RESET) refers to uart.o(.text) for USART2_IRQHandler
    stm32f10x.o(.text) refers to entry.o(.ARM.Collect$$$$00000000) for __main
    system_stm32f10x_cl.o(.text) refers to dflti.o(.text) for __aeabi_i2d
    system_stm32f10x_cl.o(.text) refers to dmul.o(.text) for __aeabi_dmul
    system_stm32f10x_cl.o(.text) refers to dfixui.o(.text) for __aeabi_d2uiz
    system_stm32f10x_cl.o(.text) refers to system_stm32f10x_cl.o(.data) for .data
    stm32f10x_gpio.o(.text) refers to stm32f10x_rcc.o(.text) for RCC_APB2PeriphResetCmd
    stm32f10x_rcc.o(.text) refers to stm32f10x_rcc.o(.data) for .data
    stm3210c_eval_ioe.o(.text) refers to stm32f10x_i2c.o(.text) for I2C_Init
    stm3210c_eval_ioe.o(.text) refers to stm3210c_eval_ioe.o(.data) for .data
    stm3210c_eval_ioe.o(.text) refers to stm32f10x_rcc.o(.text) for RCC_APB1PeriphClockCmd
    stm3210c_eval_ioe.o(.text) refers to stm32f10x_gpio.o(.text) for GPIO_Init
    stm3210c_eval_ioe.o(.text) refers to stm32f10x_exti.o(.text) for EXTI_Init
    stm3210c_eval_ioe.o(.text) refers to misc.o(.text) for NVIC_Init
    stm32f10x_i2c.o(.text) refers to stm32f10x_rcc.o(.text) for RCC_APB1PeriphResetCmd
    stm32f10x_usart.o(.text) refers to stm32f10x_rcc.o(.text) for RCC_APB2PeriphResetCmd
    stm3210c_eval_lcd.o(.text) refers to stm32f10x_gpio.o(.text) for GPIO_WriteBit
    stm3210c_eval_lcd.o(.text) refers to stm32f10x_spi.o(.text) for SPI_I2S_SendData
    stm3210c_eval_lcd.o(.text) refers to stm32f10x_rcc.o(.text) for RCC_APB1PeriphClockCmd
    stm3210c_eval_lcd.o(.text) refers to stm3210c_eval_lcd.o(.data) for .data
    stm3210c_eval_lcd.o(.text) refers to dfltui.o(.text) for __aeabi_ui2d
    stm3210c_eval_lcd.o(.text) refers to dflti.o(.text) for __aeabi_i2d
    stm3210c_eval_lcd.o(.text) refers to cdcmple.o(.text) for __aeabi_cdcmple
    stm3210c_eval_lcd.o(.text) refers to cdrcmple.o(.text) for __aeabi_cdrcmple
    stm3210c_eval_lcd.o(.data) refers to stm3210c_eval_lcd.o(.constdata) for ASCII16x24_Table
    stm3210c_eval_lcd.o(.data) refers to stm3210c_eval_lcd.o(.constdata) for ASCII12x12_Table
    stm3210c_eval_lcd.o(.data) refers to stm3210c_eval_lcd.o(.constdata) for ASCII8x12_Table
    stm3210c_eval_lcd.o(.data) refers to stm3210c_eval_lcd.o(.constdata) for ASCII8x8_Table
    stm32f10x_spi.o(.text) refers to stm32f10x_rcc.o(.text) for RCC_APB2PeriphResetCmd
    setup.o(.text) refers to system_stm32f10x_cl.o(.text) for SystemInit
    setup.o(.text) refers to printf3.o(i.__0printf$3) for __2printf
    setup.o(.text) refers to system_stm32f10x_cl.o(.data) for SystemFrequency
    main.o(.text) refers to uart.o(.text) for getTemperature
    main.o(.text) refers to lcd.o(.text) for getDesired
    main.o(.text) refers to misc.o(.text) for NVIC_Init
    main.o(.text) refers to stm32f10x_usart.o(.text) for USART_Init
    main.o(.text) refers to stm32f10x_gpio.o(.text) for GPIO_Init
    main.o(.text) refers to stm32f10x_rcc.o(.text) for RCC_APB1PeriphClockCmd
    main.o(.text) refers to setup.o(.text) for prvSetupHardware
    main.o(.text) refers to stm3210c_eval_ioe.o(.text) for IOE_Config
    main.o(.text) refers to cu.o(.text) for setupControlTask
    main.o(.text) refers to printf3.o(i.__0printf$3) for __2printf
    main.o(.text) refers to tasks.o(.text) for vTaskStartScheduler
    main.o(.text) refers to main.o(.data) for .data
    main.o(.data) refers to main.o(.data) for room_measurements
    uart.o(.text) refers to stm32f10x_usart.o(.text) for USART_GetITStatus
    uart.o(.text) refers to memcpya.o(.text) for __aeabi_memcpy
    uart.o(.text) refers to queue.o(.text) for xQueueGenericSend
    uart.o(.text) refers to printf3.o(i.__0printf$3) for __2printf
    uart.o(.text) refers to strncmp.o(.text) for strncmp
    uart.o(.text) refers to tasks.o(.text) for xTaskGenericCreate
    uart.o(.text) refers to uart.o(.data) for .data
    uart.o(.text) refers to uart.o(.bss) for .bss
    lcd.o(.text) refers to stm3210c_eval_lcd.o(.text) for LCD_Clear
    lcd.o(.text) refers to memcpya.o(.text) for __aeabi_memcpy4
    lcd.o(.text) refers to tasks.o(.text) for xTaskGetTickCount
    lcd.o(.text) refers to queue.o(.text) for xQueueGenericReceive
    lcd.o(.text) refers to main.o(.text) for getCurrentTemperature
    lcd.o(.text) refers to lcd.o(.data) for .data
    lcd.o(.text) refers to stm3210c_eval_ioe.o(.text) for IOE_TS_GetState
    lcd.o(.text) refers to printf3.o(i.__0printf$3) for __2printf
[...]
    printf5.o(i.__0vsnprintf$5) refers to printf5.o(i._snputc) for _snputc
    printf5.o(i.__0vsprintf$5) refers to printf5.o(i._printf_core) for _printf_core
    printf5.o(i.__0vsprintf$5) refers to printf5.o(i._sputc) for _sputc
    printf5.o(i._printf_core) refers to uldiv.o(.text) for __aeabi_uldivmod
    printf6.o(i.__0fprintf$6) refers to printf6.o(i._printf_core) for _printf_core
    printf6.o(i.__0fprintf$6) refers to lcd.o(.text) for fputc
    printf6.o(i.__0printf$6) refers to printf6.o(i._printf_core) for _printf_core
    printf6.o(i.__0printf$6) refers to lcd.o(.text) for fputc
    printf6.o(i.__0printf$6) refers to stdout.o(.data) for __stdout
    printf6.o(i.__0snprintf$6) refers to printf6.o(i._printf_core) for _printf_core
    printf6.o(i.__0snprintf$6) refers to printf6.o(i._snputc) for _snputc
    printf6.o(i.__0sprintf$6) refers to printf6.o(i._printf_core) for _printf_core
    printf6.o(i.__0sprintf$6) refers to printf6.o(i._sputc) for _sputc
    printf6.o(i.__0vfprintf$6) refers to printf6.o(i._printf_core) for _printf_core
    printf6.o(i.__0vfprintf$6) refers to lcd.o(.text) for fputc
    printf6.o(i.__0vprintf$6) refers to printf6.o(i._printf_core) for _printf_core
    printf6.o(i.__0vprintf$6) refers to lcd.o(.text) for fputc
    printf6.o(i.__0vprintf$6) refers to stdout.o(.data) for __stdout
    printf6.o(i.__0vsnprintf$6) refers to printf6.o(i._printf_core) for _printf_core
    printf6.o(i.__0vsnprintf$6) refers to printf6.o(i._snputc) for _snputc
    printf6.o(i.__0vsprintf$6) refers to printf6.o(i._printf_core) for _printf_core
    printf6.o(i.__0vsprintf$6) refers to printf6.o(i._sputc) for _sputc
    printf6.o(i._printf_core) refers to printf6.o(i._printf_pre_padding) for _printf_pre_padding
    printf6.o(i._printf_core) refers to uidiv.o(.text) for __aeabi_uidivmod
    printf6.o(i._printf_core) refers to printf6.o(i._printf_post_padding) for _printf_post_padding
    printf7.o(i.__0fprintf$7) refers to printf7.o(i._printf_core) for _printf_core
    printf7.o(i.__0fprintf$7) refers to lcd.o(.text) for fputc
    printf7.o(i.__0printf$7) refers to printf7.o(i._printf_core) for _printf_core
    printf7.o(i.__0printf$7) refers to lcd.o(.text) for fputc
    printf7.o(i.__0printf$7) refers to stdout.o(.data) for __stdout
    printf7.o(i.__0snprintf$7) refers to printf7.o(i._printf_core) for _printf_core
    printf7.o(i.__0snprintf$7) refers to printf7.o(i._snputc) for _snputc
    printf7.o(i.__0sprintf$7) refers to printf7.o(i._printf_core) for _printf_core
    printf7.o(i.__0sprintf$7) refers to printf7.o(i._sputc) for _sputc
    printf7.o(i.__0vfprintf$7) refers to printf7.o(i._printf_core) for _printf_core
    printf7.o(i.__0vfprintf$7) refers to lcd.o(.text) for fputc
    printf7.o(i.__0vprintf$7) refers to printf7.o(i._printf_core) for _printf_core
    printf7.o(i.__0vprintf$7) refers to lcd.o(.text) for fputc
    printf7.o(i.__0vprintf$7) refers to stdout.o(.data) for __stdout
    printf7.o(i.__0vsnprintf$7) refers to printf7.o(i._printf_core) for _printf_core
    printf7.o(i.__0vsnprintf$7) refers to printf7.o(i._snputc) for _snputc
    printf7.o(i.__0vsprintf$7) refers to printf7.o(i._printf_core) for _printf_core
    printf7.o(i.__0vsprintf$7) refers to printf7.o(i._sputc) for _sputc
    printf7.o(i._printf_core) refers to printf7.o(i._printf_pre_padding) for _printf_pre_padding
    printf7.o(i._printf_core) refers to uldiv.o(.text) for __aeabi_uldivmod
    printf7.o(i._printf_core) refers to printf7.o(i._printf_post_padding) for _printf_post_padding
    printf8.o(i.__0fprintf$8) refers to printf8.o(i._printf_core) for _printf_core
    printf8.o(i.__0fprintf$8) refers to lcd.o(.text) for fputc
    printf8.o(i.__0printf$8) refers to printf8.o(i._printf_core) for _printf_core
    printf8.o(i.__0printf$8) refers to lcd.o(.text) for fputc
    printf8.o(i.__0printf$8) refers to stdout.o(.data) for __stdout
    printf8.o(i.__0snprintf$8) refers to printf8.o(i._printf_core) for _printf_core
    printf8.o(i.__0snprintf$8) refers to printf8.o(i._snputc) for _snputc
    printf8.o(i.__0sprintf$8) refers to printf8.o(i._printf_core) for _printf_core
    printf8.o(i.__0sprintf$8) refers to printf8.o(i._sputc) for _sputc
    printf8.o(i.__0vfprintf$8) refers to printf8.o(i._printf_core) for _printf_core
    printf8.o(i.__0vfprintf$8) refers to lcd.o(.text) for fputc
    printf8.o(i.__0vprintf$8) refers to printf8.o(i._printf_core) for _printf_core
    printf8.o(i.__0vprintf$8) refers to lcd.o(.text) for fputc
    printf8.o(i.__0vprintf$8) refers to stdout.o(.data) for __stdout
    printf8.o(i.__0vsnprintf$8) refers to printf8.o(i._printf_core) for _printf_core
    printf8.o(i.__0vsnprintf$8) refers to printf8.o(i._snputc) for _snputc
    printf8.o(i.__0vsprintf$8) refers to printf8.o(i._printf_core) for _printf_core
    printf8.o(i.__0vsprintf$8) refers to printf8.o(i._sputc) for _sputc
    printf8.o(i._printf_core) refers to printf8.o(i._printf_pre_padding) for _printf_pre_padding
    printf8.o(i._printf_core) refers to uldiv.o(.text) for __aeabi_uldivmod
    printf8.o(i._printf_core) refers to printf8.o(i._printf_post_padding) for _printf_post_padding
    printfa.o(i.__0fprintf) refers (Special) to iusefp.o(.text) for __I$use$fp
    printfa.o(i.__0fprintf) refers to printfa.o(i._printf_core) for _printf_core
    printfa.o(i.__0fprintf) refers to lcd.o(.text) for fputc
    printfa.o(i.__0printf) refers (Special) to iusefp.o(.text) for __I$use$fp
    printfa.o(i.__0printf) refers to printfa.o(i._printf_core) for _printf_core
    printfa.o(i.__0printf) refers to lcd.o(.text) for fputc
    printfa.o(i.__0printf) refers to stdout.o(.data) for __stdout
    printfa.o(i.__0snprintf) refers (Special) to iusefp.o(.text) for __I$use$fp
    printfa.o(i.__0snprintf) refers to printfa.o(i._printf_core) for _printf_core
    printfa.o(i.__0snprintf) refers to printfa.o(i._snputc) for _snputc
    printfa.o(i.__0sprintf) refers (Special) to iusefp.o(.text) for __I$use$fp
    printfa.o(i.__0sprintf) refers to printfa.o(i._printf_core) for _printf_core
    printfa.o(i.__0sprintf) refers to printfa.o(i._sputc) for _sputc
    printfa.o(i.__0vfprintf) refers (Special) to iusefp.o(.text) for __I$use$fp
    printfa.o(i.__0vfprintf) refers to printfa.o(i._printf_core) for _printf_core
    printfa.o(i.__0vfprintf) refers to lcd.o(.text) for fputc
    printfa.o(i.__0vprintf) refers (Special) to iusefp.o(.text) for __I$use$fp
    printfa.o(i.__0vprintf) refers to printfa.o(i._printf_core) for _printf_core
    printfa.o(i.__0vprintf) refers to lcd.o(.text) for fputc
    printfa.o(i.__0vprintf) refers to stdout.o(.data) for __stdout
    printfa.o(i.__0vsnprintf) refers (Special) to iusefp.o(.text) for __I$use$fp
    printfa.o(i.__0vsnprintf) refers to printfa.o(i._printf_core) for _printf_core
    printfa.o(i.__0vsnprintf) refers to printfa.o(i._snputc) for _snputc
    printfa.o(i.__0vsprintf) refers (Special) to iusefp.o(.text) for __I$use$fp
    printfa.o(i.__0vsprintf) refers to printfa.o(i._printf_core) for _printf_core
    printfa.o(i.__0vsprintf) refers to printfa.o(i._sputc) for _sputc
    printfa.o(i._fp_digits) refers (Special) to iusefp.o(.text) for __I$use$fp
    printfa.o(i._fp_digits) refers to dmul.o(.text) for __aeabi_dmul
    printfa.o(i._fp_digits) refers to ddiv.o(.text) for __aeabi_ddiv
    printfa.o(i._fp_digits) refers to cdrcmple.o(.text) for __aeabi_cdrcmple
    printfa.o(i._fp_digits) refers to dadd.o(.text) for __aeabi_dadd
    printfa.o(i._fp_digits) refers to dfixul.o(.text) for __aeabi_d2ulz
    printfa.o(i._fp_digits) refers to uldiv.o(.text) for __aeabi_uldivmod
    printfa.o(i._printf_core) refers (Special) to iusefp.o(.text) for __I$use$fp
    printfa.o(i._printf_core) refers to printfa.o(i._printf_pre_padding) for _printf_pre_padding
    printfa.o(i._printf_core) refers to uldiv.o(.text) for __aeabi_uldivmod
    printfa.o(i._printf_core) refers to printfa.o(i._printf_post_padding) for _printf_post_padding
    printfa.o(i._printf_core) refers to printfa.o(i._fp_digits) for _fp_digits
    printfa.o(i._printf_core) refers to uidiv.o(.text) for __aeabi_uidivmod
    printfa.o(i._printf_post_padding) refers (Special) to iusefp.o(.text) for __I$use$fp
    printfa.o(i._printf_pre_padding) refers (Special) to iusefp.o(.text) for __I$use$fp
    printfa.o(i._snputc) refers (Special) to iusefp.o(.text) for __I$use$fp
    printfa.o(i._sputc) refers (Special) to iusefp.o(.text) for __I$use$fp
    dmul.o(.text) refers (Special) to iusefp.o(.text) for __I$use$fp
    dmul.o(.text) refers to depilogue.o(.text) for _double_epilogue
    dflti.o(.text) refers (Special) to iusefp.o(.text) for __I$use$fp
    dflti.o(.text) refers to depilogue.o(.text) for _double_epilogue
    dfltui.o(.text) refers (Special) to iusefp.o(.text) for __I$use$fp
    dfltui.o(.text) refers to depilogue.o(.text) for _double_epilogue
    dfixui.o(.text) refers (Special) to iusefp.o(.text) for __I$use$fp
    dfixui.o(.text) refers to llushr.o(.text) for __aeabi_llsr
    cdcmple.o(.text) refers (Special) to iusefp.o(.text) for __I$use$fp
    cdrcmple.o(.text) refers (Special) to iusefp.o(.text) for __I$use$fp
    entry2.o(.ARM.Collect$$$$00000001) refers to entry2.o(.ARM.Collect$$$$00002712) for __lit__00000000
    entry2.o(.ARM.Collect$$$$00002712) refers to stm32f10x.o(STACK) for __initial_sp
    entry2.o(__vectab_stack_and_reset_area) refers to stm32f10x.o(STACK) for __initial_sp
    entry2.o(__vectab_stack_and_reset_area) refers to entry.o(.ARM.Collect$$$$00000000) for __main
    entry5.o(.ARM.Collect$$$$00000004) refers to init.o(.text) for __scatterload
    entry9a.o(.ARM.Collect$$$$0000000B) refers to main.o(.text) for main
    entry9b.o(.ARM.Collect$$$$0000000C) refers to main.o(.text) for main
    uldiv.o(.text) refers to llushr.o(.text) for __aeabi_llsr
    uldiv.o(.text) refers to llshl.o(.text) for __aeabi_llsl
    depilogue.o(.text) refers to llshl.o(.text) for __aeabi_llsl
    depilogue.o(.text) refers to llushr.o(.text) for __aeabi_llsr
    dadd.o(.text) refers to llshl.o(.text) for __aeabi_llsl
    dadd.o(.text) refers to llsshr.o(.text) for __aeabi_lasr
    dadd.o(.text) refers to depilogue.o(.text) for _double_epilogue
    ddiv.o(.text) refers to depilogue.o(.text) for _double_round
    dfixul.o(.text) refers to llushr.o(.text) for __aeabi_llsr
    dfixul.o(.text) refers to llshl.o(.text) for __aeabi_llsl
    init.o(.text) refers to entry5.o(.ARM.Collect$$$$00000004) for __main_after_scatterload


==============================================================================

Removing Unused input sections from the image.

    Removing stm32f10x.o(HEAP), (0 bytes).
    Removing stm32f10x_flash.o(.text), (1188 bytes).
    Removing stm3210c_eval_lcd.o(.constdata), (2304 bytes).
    Removing stm3210c_eval_lcd.o(.constdata), (2304 bytes).
    Removing stm3210c_eval_lcd.o(.constdata), (1536 bytes).
    Removing stm3210c_eval_lcd.o(.data), (8 bytes).
    Removing stm3210c_eval_lcd.o(.data), (8 bytes).
    Removing stm3210c_eval_lcd.o(.data), (8 bytes).
    Removing uart.o(.data), (4 bytes).
    Removing dadd.o(.text), (334 bytes).
    Removing ddiv.o(.text), (222 bytes).
    Removing dfixul.o(.text), (48 bytes).

12 unused section(s) (total 7964 bytes) removed from the image.

==============================================================================

Image Symbol Table

    Local Symbols

    Symbol Name                              Value     Ov Type        Size  Object(Section)

    ../clib/microlib/division.c              0x00000000   Number         0  uidiv.o ABSOLUTE
    ../clib/microlib/division.c              0x00000000   Number         0  uldiv.o ABSOLUTE
    ../clib/microlib/init/entry.s            0x00000000   Number         0  entry7a.o ABSOLUTE
    ../clib/microlib/init/entry.s            0x00000000   Number         0  entry8a.o ABSOLUTE
    ../clib/microlib/init/entry.s            0x00000000   Number         0  entry.o ABSOLUTE
    ../clib/microlib/init/entry.s            0x00000000   Number         0  entry5.o ABSOLUTE
    ../clib/microlib/init/entry.s            0x00000000   Number         0  entry7b.o ABSOLUTE
    ../clib/microlib/init/entry.s            0x00000000   Number         0  entry10b.o ABSOLUTE
    ../clib/microlib/init/entry.s            0x00000000   Number         0  entry2.o ABSOLUTE
    ../clib/microlib/init/entry.s            0x00000000   Number         0  entry11b.o ABSOLUTE
    ../clib/microlib/init/entry.s            0x00000000   Number         0  entry11a.o ABSOLUTE
    ../clib/microlib/init/entry.s            0x00000000   Number         0  entry10a.o ABSOLUTE
    ../clib/microlib/init/entry.s            0x00000000   Number         0  entry9b.o ABSOLUTE
    ../clib/microlib/init/entry.s            0x00000000   Number         0  entry9a.o ABSOLUTE
    ../clib/microlib/init/entry.s            0x00000000   Number         0  entry8b.o ABSOLUTE
    ../clib/microlib/longlong.c              0x00000000   Number         0  llshl.o ABSOLUTE
    ../clib/microlib/longlong.c              0x00000000   Number         0  llsshr.o ABSOLUTE
    ../clib/microlib/longlong.c              0x00000000   Number         0  llushr.o ABSOLUTE
    ../clib/microlib/printf/printf.c         0x00000000   Number         0  printf1.o ABSOLUTE
    ../clib/microlib/printf/printf.c         0x00000000   Number         0  printfa.o ABSOLUTE
    ../clib/microlib/printf/printf.c         0x00000000   Number         0  printfb.o ABSOLUTE
    ../clib/microlib/printf/printf.c         0x00000000   Number         0  printf0.o ABSOLUTE
    ../clib/microlib/printf/printf.c         0x00000000   Number         0  printf4.o ABSOLUTE
    ../clib/microlib/printf/printf.c         0x00000000   Number         0  printf3.o ABSOLUTE
    ../clib/microlib/printf/printf.c         0x00000000   Number         0  printf5.o ABSOLUTE
    ../clib/microlib/printf/printf.c         0x00000000   Number         0  printf6.o ABSOLUTE
    ../clib/microlib/printf/printf.c         0x00000000   Number         0  printf7.o ABSOLUTE
    ../clib/microlib/printf/printf.c         0x00000000   Number         0  printf8.o ABSOLUTE
    ../clib/microlib/printf/printf.c         0x00000000   Number         0  printf2.o ABSOLUTE
    ../clib/microlib/printf/stubs.s          0x00000000   Number         0  stubs.o ABSOLUTE
    ../clib/microlib/stdio/streams.c         0x00000000   Number         0  stdout.o ABSOLUTE
    ../clib/microlib/string/memcpy.c         0x00000000   Number         0  memcpya.o ABSOLUTE
    ../clib/microlib/string/memcpy.c         0x00000000   Number         0  memcpyb.o ABSOLUTE
    ../clib/microlib/string/memset.c         0x00000000   Number         0  memseta.o ABSOLUTE
    ../clib/microlib/string/strncmp.c        0x00000000   Number         0  strncmp.o ABSOLUTE
    ../clib/microlib/string/strncpy.c        0x00000000   Number         0  strncpy.o ABSOLUTE
    ../clib/microlib/stubs.s                 0x00000000   Number         0  iusefp.o ABSOLUTE
    ../fplib/microlib/fpadd.c                0x00000000   Number         0  dadd.o ABSOLUTE
    ../fplib/microlib/fpdiv.c                0x00000000   Number         0  ddiv.o ABSOLUTE
    ../fplib/microlib/fpepilogue.c           0x00000000   Number         0  depilogue.o ABSOLUTE
    ../fplib/microlib/fpfix.c                0x00000000   Number         0  dfixul.o ABSOLUTE
    ../fplib/microlib/fpfix.c                0x00000000   Number         0  dfixui.o ABSOLUTE
    ../fplib/microlib/fpflt.c                0x00000000   Number         0  dflti.o ABSOLUTE
    ../fplib/microlib/fpflt.c                0x00000000   Number         0  dfltui.o ABSOLUTE
    ../fplib/microlib/fpmul.c                0x00000000   Number         0  dmul.o ABSOLUTE
    CU.c                                     0x00000000   Number         0  cu.o ABSOLUTE
    Firmware\STM32F10x.s                     0x00000000   Number         0  stm32f10x.o ABSOLUTE
    Firmware\setup.c                         0x00000000   Number         0  setup.o ABSOLUTE
    Firmware\src\misc.c                      0x00000000   Number         0  misc.o ABSOLUTE
    Firmware\src\stm32f10x_exti.c            0x00000000   Number         0  stm32f10x_exti.o ABSOLUTE
    Firmware\src\stm32f10x_flash.c           0x00000000   Number         0  stm32f10x_flash.o ABSOLUTE
    Firmware\src\stm32f10x_gpio.c            0x00000000   Number         0  stm32f10x_gpio.o ABSOLUTE
    Firmware\src\stm32f10x_i2c.c             0x00000000   Number         0  stm32f10x_i2c.o ABSOLUTE
    Firmware\src\stm32f10x_rcc.c             0x00000000   Number         0  stm32f10x_rcc.o ABSOLUTE
    Firmware\src\stm32f10x_spi.c             0x00000000   Number         0  stm32f10x_spi.o ABSOLUTE
    Firmware\src\stm32f10x_usart.c           0x00000000   Number         0  stm32f10x_usart.o ABSOLUTE
    Firmware\stm3210c_eval_ioe.c             0x00000000   Number         0  stm3210c_eval_ioe.o ABSOLUTE
    Firmware\stm3210c_eval_lcd.c             0x00000000   Number         0  stm3210c_eval_lcd.o ABSOLUTE
    Firmware\system_stm32f10x_cl.c           0x00000000   Number         0  system_stm32f10x_cl.o ABSOLUTE
    FreeRTOS\\src\\port.c                    0x00000000   Number         0  port.o ABSOLUTE
    FreeRTOS\src\heap_2.c                    0x00000000   Number         0  heap_2.o ABSOLUTE
    FreeRTOS\src\list.c                      0x00000000   Number         0  list.o ABSOLUTE
    FreeRTOS\src\port.c                      0x00000000   Number         0  port.o ABSOLUTE
    FreeRTOS\src\queue.c                     0x00000000   Number         0  queue.o ABSOLUTE
    FreeRTOS\src\tasks.c                     0x00000000   Number         0  tasks.o ABSOLUTE
    LCD.c                                    0x00000000   Number         0  lcd.o ABSOLUTE
    STM32F10xFWLib\src\stm32f10x_lib.c       0x00000000   Number         0  stm32f10x_lib.o ABSOLUTE
    UART.c                                   0x00000000   Number         0  uart.o ABSOLUTE
    cdcmple.s                                0x00000000   Number         0  cdcmple.o ABSOLUTE
    cdrcmple.s                               0x00000000   Number         0  cdrcmple.o ABSOLUTE
    dc.s                                     0x00000000   Number         0  dc.o ABSOLUTE
    handlers.s                               0x00000000   Number         0  handlers.o ABSOLUTE
    init.s                                   0x00000000   Number         0  init.o ABSOLUTE
    main.c                                   0x00000000   Number         0  main.o ABSOLUTE
    RESET                                    0x08000000   Section      236  stm32f10x.o(RESET)
    .ARM.Collect$$$$00000000                 0x080000ec   Section        0  entry.o(.ARM.Collect$$$$00000000)
    .ARM.Collect$$$$00000001                 0x080000ec   Section        4  entry2.o(.ARM.Collect$$$$00000001)
    .ARM.Collect$$$$00000004                 0x080000f0   Section        4  entry5.o(.ARM.Collect$$$$00000004)
    .ARM.Collect$$$$00000008                 0x080000f4   Section        0  entry7b.o(.ARM.Collect$$$$00000008)
    .ARM.Collect$$$$0000000A                 0x080000f4   Section        0  entry8b.o(.ARM.Collect$$$$0000000A)
    .ARM.Collect$$$$0000000B                 0x080000f4   Section        8  entry9a.o(.ARM.Collect$$$$0000000B)
    .ARM.Collect$$$$0000000D                 0x080000fc   Section        0  entry10a.o(.ARM.Collect$$$$0000000D)
    .ARM.Collect$$$$0000000F                 0x080000fc   Section        0  entry11a.o(.ARM.Collect$$$$0000000F)
    .ARM.Collect$$$$00002712                 0x080000fc   Section        4  entry2.o(.ARM.Collect$$$$00002712)
    __lit__00000000                          0x080000fc   Data           4  entry2.o(.ARM.Collect$$$$00002712)
    .emb_text                                0x08000100   Section      136  port.o(.emb_text)
    .text                                    0x08000188   Section       28  stm32f10x.o(.text)
    .text                                    0x080001a4   Section        0  system_stm32f10x_cl.o(.text)
    .text                                    0x080002ec   Section        0  stm32f10x_gpio.o(.text)
    .text                                    0x08000584   Section        0  stm32f10x_rcc.o(.text)
    .text                                    0x08000928   Section        0  stm3210c_eval_ioe.o(.text)
    IOE_I2C_Config                           0x08000929   Thumb Code    48  stm3210c_eval_ioe.o(.text)
    delay                                    0x08000cb1   Thumb Code    28  stm3210c_eval_ioe.o(.text)
    IOE_GPIO_Config                          0x08000e01   Thumb Code    96  stm3210c_eval_ioe.o(.text)
    IOE_EXTI_Config                          0x08000f27   Thumb Code    94  stm3210c_eval_ioe.o(.text)
    IOE_TS_Read_Z                            0x080012ab   Thumb Code    14  stm3210c_eval_ioe.o(.text)
    IOE_TS_Read_Y                            0x080012b9   Thumb Code    42  stm3210c_eval_ioe.o(.text)
    IOE_TS_Read_X                            0x080012e3   Thumb Code    38  stm3210c_eval_ioe.o(.text)
    .text                                    0x08001440   Section        0  stm32f10x_i2c.o(.text)
    .text                                    0x080017b4   Section        0  stm32f10x_exti.o(.text)
    .text                                    0x080018a0   Section        0  misc.o(.text)
    .text                                    0x08001958   Section        0  stm32f10x_usart.o(.text)
    .text                                    0x08001cf4   Section        0  stm3210c_eval_lcd.o(.text)
    delay                                    0x08001e0f   Thumb Code    28  stm3210c_eval_lcd.o(.text)
    PutPixel                                 0x080026fb   Thumb Code    26  stm3210c_eval_lcd.o(.text)
    LCD_PolyLineRelativeClosed               0x080027f3   Thumb Code    94  stm3210c_eval_lcd.o(.text)
    .text                                    0x08002ba0   Section        0  stm32f10x_spi.o(.text)
    .text                                    0x08002ea0   Section        0  setup.o(.text)
    .text                                    0x08003024   Section        0  main.o(.text)
    .text                                    0x08003140   Section        0  uart.o(.text)
    UpdateTask                               0x08003277   Thumb Code    76  uart.o(.text)
    SendingTask                              0x080032c3   Thumb Code    38  uart.o(.text)
    .text                                    0x080033e8   Section        0  lcd.o(.text)
    printTask                                0x08003da3   Thumb Code   122  lcd.o(.text)
    DisplayTask                              0x08003e1d   Thumb Code   530  lcd.o(.text)
    touchScreenTask                          0x0800406b   Thumb Code   116  lcd.o(.text)
    highlightButton                          0x080040df   Thumb Code    20  lcd.o(.text)
    NavigateTask                             0x080041f3   Thumb Code   666  lcd.o(.text)
    .text                                    0x08004578   Section        0  cu.o(.text)
    ControlTask                              0x08004579   Thumb Code   324  cu.o(.text)
    .text                                    0x08004704   Section        0  heap_2.o(.text)
    .text                                    0x080047fc   Section        0  list.o(.text)
    .text                                    0x08004888   Section        0  port.o(.text)
    prvSetupTimerInterrupt                   0x0800489d   Thumb Code    14  port.o(.text)
    .text                                    0x08004928   Section        0  queue.o(.text)
    prvUnlockQueue                           0x08004989   Thumb Code   100  queue.o(.text)
    prvIsQueueFull                           0x080049ed   Thumb Code    30  queue.o(.text)
    prvCopyDataToQueue                       0x08004a0b   Thumb Code    92  queue.o(.text)
    prvIsQueueEmpty                          0x08004bc5   Thumb Code    26  queue.o(.text)
    prvCopyDataFromQueue                     0x08004bdf   Thumb Code    40  queue.o(.text)
    .text                                    0x08004da0   Section        0  tasks.o(.text)
    prvInitialiseTaskLists                   0x08004da1   Thumb Code    78  tasks.o(.text)
    prvInitialiseTCBVariables                0x08004def   Thumb Code    58  tasks.o(.text)
    prvAllocateTCBAndStack                   0x08004e29   Thumb Code    56  tasks.o(.text)
    prvDeleteTCB                             0x08005391   Thumb Code    20  tasks.o(.text)
    prvCheckTasksWaitingTermination          0x080053a5   Thumb Code    84  tasks.o(.text)
    prvIdleTask                              0x080053f9   Thumb Code    18  tasks.o(.text)
    .text                                    0x08005648   Section        0  memcpya.o(.text)
    .text                                    0x0800566c   Section        0  memseta.o(.text)
    .text                                    0x08005690   Section        0  strncpy.o(.text)
    .text                                    0x080056a8   Section        0  strncmp.o(.text)
    .text                                    0x080056c6   Section        0  dmul.o(.text)
    .text                                    0x080057aa   Section        0  dflti.o(.text)
    .text                                    0x080057cc   Section        0  dfltui.o(.text)
    .text                                    0x080057e6   Section        0  dfixui.o(.text)
    .text                                    0x08005818   Section       40  cdcmple.o(.text)
    .text                                    0x08005840   Section       40  cdrcmple.o(.text)
    .text                                    0x08005868   Section        0  uidiv.o(.text)
    .text                                    0x08005894   Section        0  llushr.o(.text)
    .text                                    0x080058b4   Section        0  iusefp.o(.text)
    .text                                    0x080058b4   Section        0  depilogue.o(.text)
    .text                                    0x0800596c   Section       36  init.o(.text)
    .text                                    0x08005990   Section        0  llshl.o(.text)
    i.__0printf$3                            0x080059b0   Section        0  printf3.o(i.__0printf$3)
    i.__scatterload_copy                     0x080059d0   Section       14  handlers.o(i.__scatterload_copy)
    i.__scatterload_null                     0x080059de   Section        2  handlers.o(i.__scatterload_null)
    i.__scatterload_zeroinit                 0x080059e0   Section       14  handlers.o(i.__scatterload_zeroinit)
    i._printf_core                           0x080059f0   Section        0  printf3.o(i._printf_core)
    _printf_core                             0x080059f1   Thumb Code   436  printf3.o(i._printf_core)
    .constdata                               0x08005ba8   Section     4560  stm3210c_eval_lcd.o(.constdata)
    .data                                    0x20000000   Section       20  system_stm32f10x_cl.o(.data)
    .data                                    0x20000014   Section       20  stm32f10x_rcc.o(.data)
    ADCPrescTable                            0x20000014   Data           4  stm32f10x_rcc.o(.data)
    APBAHBPrescTable                         0x20000018   Data          16  stm32f10x_rcc.o(.data)
    .data                                    0x20000028   Section       24  stm3210c_eval_ioe.o(.data)
    _x                                       0x2000002c   Data           4  stm3210c_eval_ioe.o(.data)
    _y                                       0x20000030   Data           4  stm3210c_eval_ioe.o(.data)
    tmp                                      0x20000034   Data           4  stm3210c_eval_ioe.o(.data)
    .data                                    0x20000040   Section       16  stm3210c_eval_lcd.o(.data)
    TextColor                                0x20000040   Data           2  stm3210c_eval_lcd.o(.data)
    BackColor                                0x20000042   Data           2  stm3210c_eval_lcd.o(.data)
    LCD_Currentfonts                         0x20000044   Data           4  stm3210c_eval_lcd.o(.data)
    .data                                    0x20000050   Section        8  main.o(.data)
    .data                                    0x20000058   Section       12  main.o(.data)
    .data                                    0x20000064   Section       12  uart.o(.data)
    rx_index                                 0x20000064   Data           4  uart.o(.data)
    .data                                    0x20000070   Section       24  lcd.o(.data)
    callbackNum                              0x20000072   Data           1  lcd.o(.data)
    .data                                    0x20000088   Section        2  cu.o(.data)
    .data                                    0x2000008c   Section       24  heap_2.o(.data)
    xFreeBytesRemaining                      0x2000008c   Data           4  heap_2.o(.data)
    xHeapHasBeenInitialised                  0x20000090   Data           4  heap_2.o(.data)
    xStart                                   0x20000094   Data           8  heap_2.o(.data)
    xEnd                                     0x2000009c   Data           8  heap_2.o(.data)
    .data                                    0x200000a4   Section        4  port.o(.data)
    uxCriticalNesting                        0x200000a4   Data           4  port.o(.data)
    .data                                    0x200000a8   Section       56  tasks.o(.data)
    uxTasksDeleted                           0x200000ac   Data           4  tasks.o(.data)
    uxCurrentNumberOfTasks                   0x200000b0   Data           4  tasks.o(.data)
    xTickCount                               0x200000b4   Data           4  tasks.o(.data)
    uxTopUsedPriority                        0x200000b8   Data           4  tasks.o(.data)
    uxTopReadyPriority                       0x200000bc   Data           4  tasks.o(.data)
    xSchedulerRunning                        0x200000c0   Data           4  tasks.o(.data)
    uxSchedulerSuspended                     0x200000c4   Data           4  tasks.o(.data)
    uxMissedTicks                            0x200000c8   Data           4  tasks.o(.data)
    xMissedYield                             0x200000cc   Data           4  tasks.o(.data)
    xNumOfOverflows                          0x200000d0   Data           4  tasks.o(.data)
    uxTaskNumber                             0x200000d4   Data           4  tasks.o(.data)
    pxDelayedTaskList                        0x200000d8   Data           4  tasks.o(.data)
    pxOverflowDelayedTaskList                0x200000dc   Data           4  tasks.o(.data)
    .data                                    0x200000e0   Section        4  stdout.o(.data)
    .bss                                     0x200000e4   Section      201  uart.o(.bss)
    rx_buffer                                0x200000e4   Data         100  uart.o(.bss)
    .bss                                     0x200001b0   Section     1280  lcd.o(.bss)
    callbacks                                0x200001b0   Data        1280  lcd.o(.bss)
    .bss                                     0x200006b0   Section    56320  heap_2.o(.bss)
    xHeap                                    0x200006b0   Data       56320  heap_2.o(.bss)
    .bss                                     0x2000e2b0   Section      200  tasks.o(.bss)
    pxReadyTasksLists                        0x2000e2b0   Data         100  tasks.o(.bss)
    xDelayedTaskList1                        0x2000e314   Data          20  tasks.o(.bss)
    xDelayedTaskList2                        0x2000e328   Data          20  tasks.o(.bss)
    xPendingReadyList                        0x2000e33c   Data          20  tasks.o(.bss)
    xTasksWaitingTermination                 0x2000e350   Data          20  tasks.o(.bss)
    xSuspendedTaskList                       0x2000e364   Data          20  tasks.o(.bss)
    STACK                                    0x2000e378   Section      512  stm32f10x.o(STACK)

    Global Symbols

    Symbol Name                              Value     Ov Type        Size  Object(Section)

    BuildAttributes$$THM_ISAv4$P$D$K$B$S$PE$A:L22UL41UL21$X:L11$S22US41US21$IEEE1$IW$USESV6$~STKCKD$USESV7$~SHL$OSPACE$ROPI$EBA8$MICROLIB$REQ8$PRES8$EABIv2 0x00000000   Number         0  anon$$obj.o ABSOLUTE
    __ARM_use_no_argv                        0x00000000   Number         0  main.o ABSOLUTE
    _printf_a                                0x00000000   Number         0  stubs.o ABSOLUTE
    _printf_c                                0x00000000   Number         0  stubs.o ABSOLUTE
    _printf_charcount                        0x00000000   Number         0  stubs.o ABSOLUTE
    _printf_d                                0x00000000   Number         0  stubs.o ABSOLUTE
    _printf_e                                0x00000000   Number         0  stubs.o ABSOLUTE
    _printf_f                                0x00000000   Number         0  stubs.o ABSOLUTE
    _printf_flags                            0x00000000   Number         0  stubs.o ABSOLUTE
    _printf_fp_dec                           0x00000000   Number         0  stubs.o ABSOLUTE
    _printf_fp_hex                           0x00000000   Number         0  stubs.o ABSOLUTE
    _printf_g                                0x00000000   Number         0  stubs.o ABSOLUTE
    _printf_i                                0x00000000   Number         0  stubs.o ABSOLUTE
    _printf_int_dec                          0x00000000   Number         0  stubs.o ABSOLUTE
    _printf_l                                0x00000000   Number         0  stubs.o ABSOLUTE
    _printf_lc                               0x00000000   Number         0  stubs.o ABSOLUTE
    _printf_ll                               0x00000000   Number         0  stubs.o ABSOLUTE
    _printf_lld                              0x00000000   Number         0  stubs.o ABSOLUTE
    _printf_lli                              0x00000000   Number         0  stubs.o ABSOLUTE
    _printf_llo                              0x00000000   Number         0  stubs.o ABSOLUTE
    _printf_llu                              0x00000000   Number         0  stubs.o ABSOLUTE
    _printf_llx                              0x00000000   Number         0  stubs.o ABSOLUTE
    _printf_longlong_dec                     0x00000000   Number         0  stubs.o ABSOLUTE
    _printf_longlong_hex                     0x00000000   Number         0  stubs.o ABSOLUTE
    _printf_longlong_oct                     0x00000000   Number         0  stubs.o ABSOLUTE
    _printf_ls                               0x00000000   Number         0  stubs.o ABSOLUTE
    _printf_mbtowc                           0x00000000   Number         0  stubs.o ABSOLUTE
    _printf_n                                0x00000000   Number         0  stubs.o ABSOLUTE
    _printf_o                                0x00000000   Number         0  stubs.o ABSOLUTE
    _printf_p                                0x00000000   Number         0  stubs.o ABSOLUTE
    _printf_percent                          0x00000000   Number         0  stubs.o ABSOLUTE
    _printf_pre_padding                      0x00000000   Number         0  stubs.o ABSOLUTE
    _printf_return_value                     0x00000000   Number         0  stubs.o ABSOLUTE
    _printf_s                                0x00000000   Number         0  stubs.o ABSOLUTE
    _printf_sizespec                         0x00000000   Number         0  stubs.o ABSOLUTE
    _printf_str                              0x00000000   Number         0  stubs.o ABSOLUTE
    _printf_truncate_signed                  0x00000000   Number         0  stubs.o ABSOLUTE
    _printf_truncate_unsigned                0x00000000   Number         0  stubs.o ABSOLUTE
    _printf_u                                0x00000000   Number         0  stubs.o ABSOLUTE
    _printf_wc                               0x00000000   Number         0  stubs.o ABSOLUTE
    _printf_wctomb                           0x00000000   Number         0  stubs.o ABSOLUTE
    _printf_widthprec                        0x00000000   Number         0  stubs.o ABSOLUTE
    _printf_x                                0x00000000   Number         0  stubs.o ABSOLUTE
    __cpp_initialize__aeabi_                  - Undefined Weak Reference
    __cxa_finalize                            - Undefined Weak Reference
    __decompress                              - Undefined Weak Reference
    _clock_init                               - Undefined Weak Reference
    _microlib_exit                            - Undefined Weak Reference
    __Vectors                                0x08000000   Data           4  stm32f10x.o(RESET)
    __main                                   0x080000ed   Thumb Code     0  entry.o(.ARM.Collect$$$$00000000)
    _main_stk                                0x080000ed   Thumb Code     0  entry2.o(.ARM.Collect$$$$00000001)
    _main_scatterload                        0x080000f1   Thumb Code     0  entry5.o(.ARM.Collect$$$$00000004)
    __main_after_scatterload                 0x080000f5   Thumb Code     0  entry5.o(.ARM.Collect$$$$00000004)
    _main_clock                              0x080000f5   Thumb Code     0  entry7b.o(.ARM.Collect$$$$00000008)
    _main_cpp_init                           0x080000f5   Thumb Code     0  entry8b.o(.ARM.Collect$$$$0000000A)
    _main_init                               0x080000f5   Thumb Code     0  entry9a.o(.ARM.Collect$$$$0000000B)
    __rt_final_cpp                           0x080000fd   Thumb Code     0  entry10a.o(.ARM.Collect$$$$0000000D)
    __rt_final_exit                          0x080000fd   Thumb Code     0  entry11a.o(.ARM.Collect$$$$0000000F)
    vPortSVCHandler                          0x08000101   Thumb Code    28  port.o(.emb_text)
    vPortStartFirstTask                      0x08000121   Thumb Code    12  port.o(.emb_text)
    xPortPendSVHandler                       0x08000131   Thumb Code    56  port.o(.emb_text)
    vPortSetInterruptMask                    0x0800016d   Thumb Code    14  port.o(.emb_text)
    vPortClearInterruptMask                  0x0800017b   Thumb Code    14  port.o(.emb_text)
    Reset_Handler                            0x08000189   Thumb Code     4  stm32f10x.o(.text)
    NMI_Handler                              0x0800018d   Thumb Code     2  stm32f10x.o(.text)
    HardFault_Handler                        0x0800018f   Thumb Code     2  stm32f10x.o(.text)
    MemManage_Handler                        0x08000191   Thumb Code     2  stm32f10x.o(.text)
    BusFault_Handler                         0x08000193   Thumb Code     2  stm32f10x.o(.text)
    UsageFault_Handler                       0x08000195   Thumb Code     2  stm32f10x.o(.text)
    SVC_Handler                              0x08000197   Thumb Code     2  stm32f10x.o(.text)
    DebugMon_Handler                         0x08000199   Thumb Code     2  stm32f10x.o(.text)
    PendSV_Handler                           0x0800019b   Thumb Code     2  stm32f10x.o(.text)
    SysTick_Handler                          0x0800019d   Thumb Code     2  stm32f10x.o(.text)
    ADC_IRQHandler                           0x0800019f   Thumb Code     0  stm32f10x.o(.text)
    CAN_RX1_IRQHandler                       0x0800019f   Thumb Code     0  stm32f10x.o(.text)
    CAN_SCE_IRQHandler                       0x0800019f   Thumb Code     0  stm32f10x.o(.text)
    DMAChannel1_IRQHandler                   0x0800019f   Thumb Code     0  stm32f10x.o(.text)
    DMAChannel2_IRQHandler                   0x0800019f   Thumb Code     0  stm32f10x.o(.text)
    DMAChannel3_IRQHandler                   0x0800019f   Thumb Code     0  stm32f10x.o(.text)
    DMAChannel4_IRQHandler                   0x0800019f   Thumb Code     0  stm32f10x.o(.text)
    DMAChannel5_IRQHandler                   0x0800019f   Thumb Code     0  stm32f10x.o(.text)
    DMAChannel6_IRQHandler                   0x0800019f   Thumb Code     0  stm32f10x.o(.text)
    DMAChannel7_IRQHandler                   0x0800019f   Thumb Code     0  stm32f10x.o(.text)
    EXTI0_IRQHandler                         0x0800019f   Thumb Code     0  stm32f10x.o(.text)
    EXTI15_10_IRQHandler                     0x0800019f   Thumb Code     0  stm32f10x.o(.text)
    EXTI1_IRQHandler                         0x0800019f   Thumb Code     0  stm32f10x.o(.text)
    EXTI2_IRQHandler                         0x0800019f   Thumb Code     0  stm32f10x.o(.text)
    EXTI3_IRQHandler                         0x0800019f   Thumb Code     0  stm32f10x.o(.text)
    EXTI4_IRQHandler                         0x0800019f   Thumb Code     0  stm32f10x.o(.text)
    EXTI9_5_IRQHandler                       0x0800019f   Thumb Code     0  stm32f10x.o(.text)
    FLASH_IRQHandler                         0x0800019f   Thumb Code     0  stm32f10x.o(.text)
    I2C1_ER_IRQHandler                       0x0800019f   Thumb Code     0  stm32f10x.o(.text)
    I2C1_EV_IRQHandler                       0x0800019f   Thumb Code     0  stm32f10x.o(.text)
    I2C2_ER_IRQHandler                       0x0800019f   Thumb Code     0  stm32f10x.o(.text)
    I2C2_EV_IRQHandler                       0x0800019f   Thumb Code     0  stm32f10x.o(.text)
    PVD_IRQHandler                           0x0800019f   Thumb Code     0  stm32f10x.o(.text)
    RCC_IRQHandler                           0x0800019f   Thumb Code     0  stm32f10x.o(.text)
    RTCAlarm_IRQHandler                      0x0800019f   Thumb Code     0  stm32f10x.o(.text)
    RTC_IRQHandler                           0x0800019f   Thumb Code     0  stm32f10x.o(.text)
    SPI1_IRQHandler                          0x0800019f   Thumb Code     0  stm32f10x.o(.text)
    SPI2_IRQHandler                          0x0800019f   Thumb Code     0  stm32f10x.o(.text)
    TAMPER_IRQHandler                        0x0800019f   Thumb Code     0  stm32f10x.o(.text)
    TIM1_BRK_IRQHandler                      0x0800019f   Thumb Code     0  stm32f10x.o(.text)
    TIM1_CC_IRQHandler                       0x0800019f   Thumb Code     0  stm32f10x.o(.text)
    TIM1_TRG_COM_IRQHandler                  0x0800019f   Thumb Code     0  stm32f10x.o(.text)
    TIM1_UP_IRQHandler                       0x0800019f   Thumb Code     0  stm32f10x.o(.text)
    TIM2_IRQHandler                          0x0800019f   Thumb Code     0  stm32f10x.o(.text)
    TIM3_IRQHandler                          0x0800019f   Thumb Code     0  stm32f10x.o(.text)
    TIM4_IRQHandler                          0x0800019f   Thumb Code     0  stm32f10x.o(.text)
    USART1_IRQHandler                        0x0800019f   Thumb Code     0  stm32f10x.o(.text)
    USART3_IRQHandler                        0x0800019f   Thumb Code     0  stm32f10x.o(.text)
    USBWakeUp_IRQHandler                     0x0800019f   Thumb Code     0  stm32f10x.o(.text)
    USB_HP_CAN_TX_IRQHandler                 0x0800019f   Thumb Code     0  stm32f10x.o(.text)
    USB_LP_CAN_RX0_IRQHandler                0x0800019f   Thumb Code     0  stm32f10x.o(.text)
    WWDG_IRQHandler                          0x0800019f   Thumb Code     0  stm32f10x.o(.text)
    SystemInit                               0x080001a5   Thumb Code   288  system_stm32f10x_cl.o(.text)
    GPIO_DeInit                              0x080002ed   Thumb Code   188  stm32f10x_gpio.o(.text)
    GPIO_AFIODeInit                          0x080003a9   Thumb Code    22  stm32f10x_gpio.o(.text)
    GPIO_Init                                0x080003bf   Thumb Code   166  stm32f10x_gpio.o(.text)
    GPIO_StructInit                          0x08000465   Thumb Code    16  stm32f10x_gpio.o(.text)
    GPIO_ReadInputDataBit                    0x08000475   Thumb Code    14  stm32f10x_gpio.o(.text)
    GPIO_ReadInputData                       0x08000483   Thumb Code     6  stm32f10x_gpio.o(.text)
    GPIO_ReadOutputDataBit                   0x08000489   Thumb Code    14  stm32f10x_gpio.o(.text)
    GPIO_ReadOutputData                      0x08000497   Thumb Code     6  stm32f10x_gpio.o(.text)
    GPIO_SetBits                             0x0800049d   Thumb Code     4  stm32f10x_gpio.o(.text)
    GPIO_ResetBits                           0x080004a1   Thumb Code     4  stm32f10x_gpio.o(.text)
    GPIO_WriteBit                            0x080004a5   Thumb Code    12  stm32f10x_gpio.o(.text)
    GPIO_Write                               0x080004b1   Thumb Code     4  stm32f10x_gpio.o(.text)
    GPIO_PinLockConfig                       0x080004b5   Thumb Code    16  stm32f10x_gpio.o(.text)
    GPIO_EventOutputConfig                   0x080004c5   Thumb Code    22  stm32f10x_gpio.o(.text)
    GPIO_EventOutputCmd                      0x080004db   Thumb Code     6  stm32f10x_gpio.o(.text)
    GPIO_PinRemapConfig                      0x080004e1   Thumb Code    86  stm32f10x_gpio.o(.text)
    GPIO_EXTILineConfig                      0x08000537   Thumb Code    34  stm32f10x_gpio.o(.text)
    GPIO_ETH_MediaInterfaceConfig            0x08000559   Thumb Code     8  stm32f10x_gpio.o(.text)
    RCC_DeInit                               0x08000585   Thumb Code    62  stm32f10x_rcc.o(.text)
    RCC_HSEConfig                            0x080005c3   Thumb Code    50  stm32f10x_rcc.o(.text)
    RCC_GetFlagStatus                        0x080005f5   Thumb Code    42  stm32f10x_rcc.o(.text)
    RCC_WaitForHSEStartUp                    0x0800061f   Thumb Code    48  stm32f10x_rcc.o(.text)
    RCC_AdjustHSICalibrationValue            0x0800064f   Thumb Code    16  stm32f10x_rcc.o(.text)
    RCC_HSICmd                               0x0800065f   Thumb Code     6  stm32f10x_rcc.o(.text)
    RCC_PLLConfig                            0x08000665   Thumb Code    16  stm32f10x_rcc.o(.text)
    RCC_PLLCmd                               0x08000675   Thumb Code     6  stm32f10x_rcc.o(.text)
    RCC_PREDIV1Config                        0x0800067b   Thumb Code    18  stm32f10x_rcc.o(.text)
    RCC_PREDIV2Config                        0x0800068d   Thumb Code    14  stm32f10x_rcc.o(.text)
    RCC_PLL2Config                           0x0800069b   Thumb Code    14  stm32f10x_rcc.o(.text)
    RCC_PLL2Cmd                              0x080006a9   Thumb Code     6  stm32f10x_rcc.o(.text)
    RCC_PLL3Config                           0x080006af   Thumb Code    14  stm32f10x_rcc.o(.text)
    RCC_PLL3Cmd                              0x080006bd   Thumb Code     6  stm32f10x_rcc.o(.text)
    RCC_SYSCLKConfig                         0x080006c3   Thumb Code    14  stm32f10x_rcc.o(.text)
    RCC_GetSYSCLKSource                      0x080006d1   Thumb Code    10  stm32f10x_rcc.o(.text)
    RCC_HCLKConfig                           0x080006db   Thumb Code    14  stm32f10x_rcc.o(.text)
    RCC_PCLK1Config                          0x080006e9   Thumb Code    14  stm32f10x_rcc.o(.text)
    RCC_PCLK2Config                          0x080006f7   Thumb Code    16  stm32f10x_rcc.o(.text)
    RCC_ITConfig                             0x08000707   Thumb Code    22  stm32f10x_rcc.o(.text)
    RCC_OTGFSCLKConfig                       0x0800071d   Thumb Code     8  stm32f10x_rcc.o(.text)
    RCC_ADCCLKConfig                         0x08000725   Thumb Code    14  stm32f10x_rcc.o(.text)
    RCC_I2S2CLKConfig                        0x08000733   Thumb Code     6  stm32f10x_rcc.o(.text)
    RCC_I2S3CLKConfig                        0x08000739   Thumb Code     8  stm32f10x_rcc.o(.text)
    RCC_LSEConfig                            0x08000741   Thumb Code    36  stm32f10x_rcc.o(.text)
    RCC_LSICmd                               0x08000765   Thumb Code     6  stm32f10x_rcc.o(.text)
    RCC_RTCCLKConfig                         0x0800076b   Thumb Code    10  stm32f10x_rcc.o(.text)
    RCC_RTCCLKCmd                            0x08000775   Thumb Code     8  stm32f10x_rcc.o(.text)
    RCC_GetClocksFreq                        0x0800077d   Thumb Code   198  stm32f10x_rcc.o(.text)
    RCC_AHBPeriphClockCmd                    0x08000843   Thumb Code    22  stm32f10x_rcc.o(.text)
    RCC_APB2PeriphClockCmd                   0x08000859   Thumb Code    22  stm32f10x_rcc.o(.text)
    RCC_APB1PeriphClockCmd                   0x0800086f   Thumb Code    22  stm32f10x_rcc.o(.text)
    RCC_AHBPeriphResetCmd                    0x08000885   Thumb Code    22  stm32f10x_rcc.o(.text)
    RCC_APB2PeriphResetCmd                   0x0800089b   Thumb Code    22  stm32f10x_rcc.o(.text)
    RCC_APB1PeriphResetCmd                   0x080008b1   Thumb Code    22  stm32f10x_rcc.o(.text)
    RCC_BackupResetCmd                       0x080008c7   Thumb Code     8  stm32f10x_rcc.o(.text)
    RCC_ClockSecuritySystemCmd               0x080008cf   Thumb Code     6  stm32f10x_rcc.o(.text)
    RCC_MCOConfig                            0x080008d5   Thumb Code     6  stm32f10x_rcc.o(.text)
    RCC_ClearFlag                            0x080008db   Thumb Code    12  stm32f10x_rcc.o(.text)
    RCC_GetITStatus                          0x080008e7   Thumb Code    16  stm32f10x_rcc.o(.text)
    RCC_ClearITPendingBit                    0x080008f7   Thumb Code     6  stm32f10x_rcc.o(.text)
    I2C_WriteDeviceRegister                  0x08000959   Thumb Code   224  stm3210c_eval_ioe.o(.text)
    I2C_ReadDeviceRegister                   0x08000a39   Thumb Code   328  stm3210c_eval_ioe.o(.text)
    IOE_TempSens_Config                      0x08000b81   Thumb Code    62  stm3210c_eval_ioe.o(.text)
    IOE_IOEdgeConfig                         0x08000bbf   Thumb Code    72  stm3210c_eval_ioe.o(.text)
    IOE_IOAFConfig                           0x08000c07   Thumb Code    40  stm3210c_eval_ioe.o(.text)
    IOE_IOPinConfig                          0x08000c2f   Thumb Code    40  stm3210c_eval_ioe.o(.text)
    IOE_WriteIOPin                           0x08000c57   Thumb Code    50  stm3210c_eval_ioe.o(.text)
    IOE_FnctCmd                              0x08000c89   Thumb Code    40  stm3210c_eval_ioe.o(.text)
    IOE_TS_Config                            0x08000ccd   Thumb Code   208  stm3210c_eval_ioe.o(.text)
    IOE_Reset                                0x08000d9d   Thumb Code    34  stm3210c_eval_ioe.o(.text)
    IOE_ReadID                               0x08000dbf   Thumb Code    32  stm3210c_eval_ioe.o(.text)
    IOE_IsOperational                        0x08000ddf   Thumb Code    34  stm3210c_eval_ioe.o(.text)
    IOE_Config                               0x08000e61   Thumb Code   198  stm3210c_eval_ioe.o(.text)
    IOE_GITConfig                            0x08000f85   Thumb Code    40  stm3210c_eval_ioe.o(.text)
    IOE_GITCmd                               0x08000fad   Thumb Code    34  stm3210c_eval_ioe.o(.text)
    IOE_IOITConfig                           0x08000fcf   Thumb Code    40  stm3210c_eval_ioe.o(.text)
    IOE_ITOutConfig                          0x08000ff7   Thumb Code    60  stm3210c_eval_ioe.o(.text)
    IOE_ITConfig                             0x08001033   Thumb Code   166  stm3210c_eval_ioe.o(.text)
    IOE_ReadIOPin                            0x080010d9   Thumb Code    44  stm3210c_eval_ioe.o(.text)
    IOE_JoyStickGetState                     0x08001105   Thumb Code    66  stm3210c_eval_ioe.o(.text)
    I2C_ReadDataBuffer                       0x08001147   Thumb Code   356  stm3210c_eval_ioe.o(.text)
    IOE_TS_GetState                          0x08001309   Thumb Code   106  stm3210c_eval_ioe.o(.text)
    IOE_TempSens_GetData                     0x08001373   Thumb Code    78  stm3210c_eval_ioe.o(.text)
    IOE_GetGITStatus                         0x080013c1   Thumb Code    32  stm3210c_eval_ioe.o(.text)
    IOE_ClearGITPending                      0x080013e1   Thumb Code    14  stm3210c_eval_ioe.o(.text)
    IOE_GetIOITStatus                        0x080013ef   Thumb Code    22  stm3210c_eval_ioe.o(.text)
    IOE_ClearIOITPending                     0x08001405   Thumb Code    46  stm3210c_eval_ioe.o(.text)
    I2C_DeInit                               0x08001441   Thumb Code    52  stm32f10x_i2c.o(.text)
    I2C_Init                                 0x08001475   Thumb Code   182  stm32f10x_i2c.o(.text)
    I2C_StructInit                           0x0800152b   Thumb Code    28  stm32f10x_i2c.o(.text)
    I2C_Cmd                                  0x08001547   Thumb Code    24  stm32f10x_i2c.o(.text)
    I2C_DMACmd                               0x0800155f   Thumb Code    24  stm32f10x_i2c.o(.text)
    I2C_DMALastTransferCmd                   0x08001577   Thumb Code    24  stm32f10x_i2c.o(.text)
    I2C_GenerateSTART                        0x0800158f   Thumb Code    24  stm32f10x_i2c.o(.text)
    I2C_GenerateSTOP                         0x080015a7   Thumb Code    24  stm32f10x_i2c.o(.text)
    I2C_AcknowledgeConfig                    0x080015bf   Thumb Code    24  stm32f10x_i2c.o(.text)
    I2C_OwnAddress2Config                    0x080015d7   Thumb Code    16  stm32f10x_i2c.o(.text)
    I2C_DualAddressCmd                       0x080015e7   Thumb Code    24  stm32f10x_i2c.o(.text)
    I2C_GeneralCallCmd                       0x080015ff   Thumb Code    24  stm32f10x_i2c.o(.text)
    I2C_ITConfig                             0x08001617   Thumb Code    20  stm32f10x_i2c.o(.text)
    I2C_SendData                             0x0800162b   Thumb Code     4  stm32f10x_i2c.o(.text)
    I2C_ReceiveData                          0x0800162f   Thumb Code     6  stm32f10x_i2c.o(.text)
    I2C_Send7bitAddress                      0x08001635   Thumb Code    18  stm32f10x_i2c.o(.text)
    I2C_ReadRegister                         0x08001647   Thumb Code    16  stm32f10x_i2c.o(.text)
    I2C_SoftwareResetCmd                     0x08001657   Thumb Code    24  stm32f10x_i2c.o(.text)
    I2C_SMBusAlertConfig                     0x0800166f   Thumb Code    26  stm32f10x_i2c.o(.text)
    I2C_TransmitPEC                          0x08001689   Thumb Code    24  stm32f10x_i2c.o(.text)
    I2C_PECPositionConfig                    0x080016a1   Thumb Code    26  stm32f10x_i2c.o(.text)
    I2C_CalculatePEC                         0x080016bb   Thumb Code    24  stm32f10x_i2c.o(.text)
    I2C_GetPEC                               0x080016d3   Thumb Code     6  stm32f10x_i2c.o(.text)
    I2C_ARPCmd                               0x080016d9   Thumb Code    24  stm32f10x_i2c.o(.text)
    I2C_StretchClockCmd                      0x080016f1   Thumb Code    24  stm32f10x_i2c.o(.text)
    I2C_FastModeDutyCycleConfig              0x08001709   Thumb Code    26  stm32f10x_i2c.o(.text)
    I2C_CheckEvent                           0x08001723   Thumb Code    24  stm32f10x_i2c.o(.text)
    I2C_GetLastEvent                         0x0800173b   Thumb Code    14  stm32f10x_i2c.o(.text)
    I2C_GetFlagStatus                        0x08001749   Thumb Code    50  stm32f10x_i2c.o(.text)
    I2C_ClearFlag                            0x0800177b   Thumb Code     6  stm32f10x_i2c.o(.text)
    I2C_GetITStatus                          0x08001781   Thumb Code    34  stm32f10x_i2c.o(.text)
    I2C_ClearITPendingBit                    0x080017a3   Thumb Code     6  stm32f10x_i2c.o(.text)
    EXTI_DeInit                              0x080017b5   Thumb Code    28  stm32f10x_exti.o(.text)
    EXTI_Init                                0x080017d1   Thumb Code   110  stm32f10x_exti.o(.text)
    EXTI_StructInit                          0x0800183f   Thumb Code    14  stm32f10x_exti.o(.text)
    EXTI_GenerateSWInterrupt                 0x0800184d   Thumb Code    12  stm32f10x_exti.o(.text)
    EXTI_GetFlagStatus                       0x08001859   Thumb Code    18  stm32f10x_exti.o(.text)
    EXTI_ClearFlag                           0x0800186b   Thumb Code     8  stm32f10x_exti.o(.text)
    EXTI_GetITStatus                         0x08001873   Thumb Code    28  stm32f10x_exti.o(.text)
    EXTI_ClearITPendingBit                   0x0800188f   Thumb Code     8  stm32f10x_exti.o(.text)
    NVIC_PriorityGroupConfig                 0x080018a1   Thumb Code    10  misc.o(.text)
    NVIC_Init                                0x080018ab   Thumb Code    96  misc.o(.text)
    NVIC_SetVectorTable                      0x0800190b   Thumb Code    14  misc.o(.text)
    NVIC_SystemLPConfig                      0x08001919   Thumb Code    24  misc.o(.text)
    SysTick_CLKSourceConfig                  0x08001931   Thumb Code    28  misc.o(.text)
    USART_DeInit                             0x08001959   Thumb Code   144  stm32f10x_usart.o(.text)
    USART_Init                               0x080019e9   Thumb Code   182  stm32f10x_usart.o(.text)
    USART_StructInit                         0x08001a9f   Thumb Code    22  stm32f10x_usart.o(.text)
    USART_ClockInit                          0x08001ab5   Thumb Code    30  stm32f10x_usart.o(.text)
    USART_ClockStructInit                    0x08001ad3   Thumb Code    12  stm32f10x_usart.o(.text)
    USART_Cmd                                0x08001adf   Thumb Code    24  stm32f10x_usart.o(.text)
    USART_ITConfig                           0x08001af7   Thumb Code    54  stm32f10x_usart.o(.text)
    USART_DMACmd                             0x08001b2d   Thumb Code    20  stm32f10x_usart.o(.text)
    USART_SetAddress                         0x08001b41   Thumb Code    16  stm32f10x_usart.o(.text)
    USART_WakeUpConfig                       0x08001b51   Thumb Code    16  stm32f10x_usart.o(.text)
    USART_ReceiverWakeUpCmd                  0x08001b61   Thumb Code    24  stm32f10x_usart.o(.text)
    USART_LINBreakDetectLengthConfig         0x08001b79   Thumb Code    16  stm32f10x_usart.o(.text)
    USART_LINCmd                             0x08001b89   Thumb Code    24  stm32f10x_usart.o(.text)
    USART_SendData                           0x08001ba1   Thumb Code     8  stm32f10x_usart.o(.text)
    USART_ReceiveData                        0x08001ba9   Thumb Code     8  stm32f10x_usart.o(.text)
    USART_SendBreak                          0x08001bb1   Thumb Code    10  stm32f10x_usart.o(.text)
    USART_SetGuardTime                       0x08001bbb   Thumb Code    16  stm32f10x_usart.o(.text)
    USART_SetPrescaler                       0x08001bcb   Thumb Code    16  stm32f10x_usart.o(.text)
    USART_SmartCardCmd                       0x08001bdb   Thumb Code    24  stm32f10x_usart.o(.text)
    USART_SmartCardNACKCmd                   0x08001bf3   Thumb Code    24  stm32f10x_usart.o(.text)
    USART_HalfDuplexCmd                      0x08001c0b   Thumb Code    24  stm32f10x_usart.o(.text)
    USART_OverSampling8Cmd                   0x08001c23   Thumb Code    24  stm32f10x_usart.o(.text)
    USART_OneBitMethodCmd                    0x08001c3b   Thumb Code    24  stm32f10x_usart.o(.text)
    USART_IrDAConfig                         0x08001c53   Thumb Code    16  stm32f10x_usart.o(.text)
    USART_IrDACmd                            0x08001c63   Thumb Code    24  stm32f10x_usart.o(.text)
    USART_GetFlagStatus                      0x08001c7b   Thumb Code    14  stm32f10x_usart.o(.text)
    USART_ClearFlag                          0x08001c89   Thumb Code     8  stm32f10x_usart.o(.text)
    USART_GetITStatus                        0x08001c91   Thumb Code    64  stm32f10x_usart.o(.text)
    USART_ClearITPendingBit                  0x08001cd1   Thumb Code    16  stm32f10x_usart.o(.text)
    LCD_CtrlLinesWrite                       0x08001cf5   Thumb Code     4  stm3210c_eval_lcd.o(.text)
    LCD_nCS_StartByte                        0x08001cf9   Thumb Code    38  stm3210c_eval_lcd.o(.text)
    LCD_WriteRegIndex                        0x08001d1f   Thumb Code    64  stm3210c_eval_lcd.o(.text)
    LCD_WriteReg                             0x08001d5f   Thumb Code    68  stm3210c_eval_lcd.o(.text)
    LCD_DisplayOff                           0x08001da3   Thumb Code     6  stm3210c_eval_lcd.o(.text)
    LCD_DeInit                               0x08001da9   Thumb Code   102  stm3210c_eval_lcd.o(.text)
    LCD_SPIConfig                            0x08001e2b   Thumb Code   158  stm3210c_eval_lcd.o(.text)
    LCD_CtrlLinesConfig                      0x08001ec9   Thumb Code    38  stm3210c_eval_lcd.o(.text)
    LCD_Setup                                0x08001eef   Thumb Code   538  stm3210c_eval_lcd.o(.text)
    LCD_SetFont                              0x08002109   Thumb Code     6  stm3210c_eval_lcd.o(.text)
    STM3210C_LCD_Init                        0x0800210f   Thumb Code    16  stm3210c_eval_lcd.o(.text)
    LCD_SetColors                            0x0800211f   Thumb Code    18  stm3210c_eval_lcd.o(.text)
    LCD_GetColors                            0x08002131   Thumb Code    12  stm3210c_eval_lcd.o(.text)
    LCD_SetTextColor                         0x0800213d   Thumb Code    12  stm3210c_eval_lcd.o(.text)
    LCD_SetBackColor                         0x08002149   Thumb Code    12  stm3210c_eval_lcd.o(.text)
    LCD_GetFont                              0x08002155   Thumb Code     6  stm3210c_eval_lcd.o(.text)
    LCD_SetCursor                            0x0800215b   Thumb Code    22  stm3210c_eval_lcd.o(.text)
    LCD_WriteRAM                             0x08002171   Thumb Code    48  stm3210c_eval_lcd.o(.text)
    LCD_WriteRAM_Prepare                     0x080021a1   Thumb Code    16  stm3210c_eval_lcd.o(.text)
    LCD_DrawChar                             0x080021b1   Thumb Code   140  stm3210c_eval_lcd.o(.text)
    LCD_DisplayChar                          0x0800223d   Thumb Code    24  stm3210c_eval_lcd.o(.text)
    LCD_ClearLine                            0x08002255   Thumb Code    44  stm3210c_eval_lcd.o(.text)
    LCD_Clear                                0x08002281   Thumb Code    48  stm3210c_eval_lcd.o(.text)
    LCD_DisplayStringLine                    0x080022b1   Thumb Code    56  stm3210c_eval_lcd.o(.text)
    LCD_SetDisplayWindow                     0x080022e9   Thumb Code    86  stm3210c_eval_lcd.o(.text)
    LCD_WindowModeDisable                    0x0800233f   Thumb Code    28  stm3210c_eval_lcd.o(.text)
    LCD_WriteRAMWord                         0x0800235b   Thumb Code    26  stm3210c_eval_lcd.o(.text)
    LCD_DrawLine                             0x08002375   Thumb Code    86  stm3210c_eval_lcd.o(.text)
    LCD_DrawRect                             0x080023cb   Thumb Code    68  stm3210c_eval_lcd.o(.text)
    LCD_DrawCircle                           0x0800240f   Thumb Code   242  stm3210c_eval_lcd.o(.text)
    LCD_DrawMonoPict                         0x08002501   Thumb Code    84  stm3210c_eval_lcd.o(.text)
    LCD_DrawBMP                              0x08002555   Thumb Code    84  stm3210c_eval_lcd.o(.text)
    LCD_DrawFullRect                         0x080025a9   Thumb Code   130  stm3210c_eval_lcd.o(.text)
    LCD_fillRect                             0x0800262b   Thumb Code    40  stm3210c_eval_lcd.o(.text)
    LCD_DrawFullCircle                       0x08002653   Thumb Code   168  stm3210c_eval_lcd.o(.text)
    LCD_DrawUniLine                          0x08002715   Thumb Code   182  stm3210c_eval_lcd.o(.text)
    LCD_PolyLine                             0x080027cb   Thumb Code    40  stm3210c_eval_lcd.o(.text)
    LCD_ClosedPolyLine                       0x08002851   Thumb Code    34  stm3210c_eval_lcd.o(.text)
    LCD_PolyLineRelative                     0x08002873   Thumb Code     4  stm3210c_eval_lcd.o(.text)
    LCD_ClosedPolyLineRelative               0x08002877   Thumb Code     4  stm3210c_eval_lcd.o(.text)
    LCD_FillPolyLine                         0x0800287b   Thumb Code   478  stm3210c_eval_lcd.o(.text)
    LCD_ReadReg                              0x08002a59   Thumb Code   184  stm3210c_eval_lcd.o(.text)
    LCD_PowerOn                              0x08002b11   Thumb Code   120  stm3210c_eval_lcd.o(.text)
    LCD_DisplayOn                            0x08002b89   Thumb Code    10  stm3210c_eval_lcd.o(.text)
    SPI_I2S_DeInit                           0x08002ba1   Thumb Code    88  stm32f10x_spi.o(.text)
    SPI_Init                                 0x08002bf9   Thumb Code    56  stm32f10x_spi.o(.text)
    I2S_Init                                 0x08002c31   Thumb Code   234  stm32f10x_spi.o(.text)
    SPI_StructInit                           0x08002d1b   Thumb Code    24  stm32f10x_spi.o(.text)
    I2S_StructInit                           0x08002d33   Thumb Code    18  stm32f10x_spi.o(.text)
    SPI_Cmd                                  0x08002d45   Thumb Code    24  stm32f10x_spi.o(.text)
    I2S_Cmd                                  0x08002d5d   Thumb Code    24  stm32f10x_spi.o(.text)
    SPI_I2S_ITConfig                         0x08002d75   Thumb Code    28  stm32f10x_spi.o(.text)
    SPI_I2S_DMACmd                           0x08002d91   Thumb Code    20  stm32f10x_spi.o(.text)
    SPI_I2S_SendData                         0x08002da5   Thumb Code     4  stm32f10x_spi.o(.text)
    SPI_I2S_ReceiveData                      0x08002da9   Thumb Code     4  stm32f10x_spi.o(.text)
    SPI_NSSInternalSoftwareConfig            0x08002dad   Thumb Code    28  stm32f10x_spi.o(.text)
    SPI_SSOutputCmd                          0x08002dc9   Thumb Code    24  stm32f10x_spi.o(.text)
    SPI_DataSizeConfig                       0x08002de1   Thumb Code    16  stm32f10x_spi.o(.text)
    SPI_TransmitCRC                          0x08002df1   Thumb Code    10  stm32f10x_spi.o(.text)
    SPI_CalculateCRC                         0x08002dfb   Thumb Code    24  stm32f10x_spi.o(.text)
    SPI_GetCRC                               0x08002e13   Thumb Code    12  stm32f10x_spi.o(.text)
    SPI_GetCRCPolynomial                     0x08002e1f   Thumb Code     4  stm32f10x_spi.o(.text)
    SPI_BiDirectionalLineConfig              0x08002e23   Thumb Code    26  stm32f10x_spi.o(.text)
    SPI_I2S_GetFlagStatus                    0x08002e3d   Thumb Code    14  stm32f10x_spi.o(.text)
    SPI_I2S_ClearFlag                        0x08002e4b   Thumb Code     6  stm32f10x_spi.o(.text)
    SPI_I2S_GetITStatus                      0x08002e51   Thumb Code    44  stm32f10x_spi.o(.text)
    SPI_I2S_ClearITPendingBit                0x08002e7d   Thumb Code    14  stm32f10x_spi.o(.text)
    prvSetupHardware                         0x08002ea1   Thumb Code   244  setup.o(.text)
    LED_out                                  0x08002f95   Thumb Code    70  setup.o(.text)
    assert_failed                            0x08002fdb   Thumb Code    10  setup.o(.text)
    getCurrentTemperature                    0x08003025   Thumb Code     8  main.o(.text)
    getCurrentHumidity                       0x0800302d   Thumb Code     8  main.o(.text)
    getDesiredTemperature                    0x08003035   Thumb Code     4  main.o(.text)
    NVIC_Configuration                       0x08003039   Thumb Code    32  main.o(.text)
    USART2_Configuration                     0x08003059   Thumb Code    64  main.o(.text)
    GPIO_Configuration                       0x08003099   Thumb Code    60  main.o(.text)
    RCC_Configuration                        0x080030d5   Thumb Code    22  main.o(.text)
    main                                     0x080030eb   Thumb Code    58  main.o(.text)
    USART2_IRQHandler                        0x08003141   Thumb Code   214  uart.o(.text)
    UpdateHumidity                           0x08003217   Thumb Code    48  uart.o(.text)
    UpdateTemperature                        0x08003247   Thumb Code    48  uart.o(.text)
    setupComTasks                            0x080032e9   Thumb Code   102  uart.o(.text)
    getTemperature                           0x0800334f   Thumb Code    40  uart.o(.text)
    getHumidity                              0x08003377   Thumb Code    40  uart.o(.text)
    Boot_screen                              0x080033e9   Thumb Code    88  lcd.o(.text)
    DrawFilledCircle                         0x08003441   Thumb Code   144  lcd.o(.text)
    Create_Info_button                       0x080034d1   Thumb Code    88  lcd.o(.text)
    Create_Fan_button                        0x08003529   Thumb Code   384  lcd.o(.text)
    Temp_button                              0x080036a9   Thumb Code   220  lcd.o(.text)
    Home_screen                              0x08003785   Thumb Code   188  lcd.o(.text)
    Create_Home_button                       0x08003841   Thumb Code   352  lcd.o(.text)
    Create_Minus_button                      0x080039a1   Thumb Code    46  lcd.o(.text)
    Create_Plus_button                       0x080039cf   Thumb Code    66  lcd.o(.text)
    Create_Confirm_button                    0x08003a11   Thumb Code   170  lcd.o(.text)
    Set_Temp_screen                          0x08003abb   Thumb Code   110  lcd.o(.text)
    Fan_screen                               0x08003b29   Thumb Code   106  lcd.o(.text)
    Info_screen                              0x08003b93   Thumb Code   148  lcd.o(.text)
    On_button                                0x08003c27   Thumb Code   196  lcd.o(.text)
    Off_button                               0x08003ceb   Thumb Code   184  lcd.o(.text)
    registerTSCallback                       0x0800402f   Thumb Code    60  lcd.o(.text)
    setupButtons                             0x080040f3   Thumb Code   256  lcd.o(.text)
    initDisplay                              0x0800448d   Thumb Code   130  lcd.o(.text)
    getDesired                               0x0800450f   Thumb Code    12  lcd.o(.text)
    fputc                                    0x0800451b   Thumb Code    24  lcd.o(.text)
    setupControlTask                         0x080046bd   Thumb Code    28  cu.o(.text)
    pvPortMalloc                             0x08004705   Thumb Code   172  heap_2.o(.text)
    vPortFree                                0x080047b1   Thumb Code    58  heap_2.o(.text)
    xPortGetFreeHeapSize                     0x080047eb   Thumb Code     6  heap_2.o(.text)
    vPortInitialiseBlocks                    0x080047f1   Thumb Code     2  heap_2.o(.text)
    vListInitialise                          0x080047fd   Thumb Code    22  list.o(.text)
    vListInitialiseItem                      0x08004813   Thumb Code     6  list.o(.text)
    vListInsertEnd                           0x08004819   Thumb Code    28  list.o(.text)
    vListInsert                              0x08004835   Thumb Code    48  list.o(.text)
    vListRemove                              0x08004865   Thumb Code    36  list.o(.text)
    pxPortInitialiseStack                    0x08004889   Thumb Code    20  port.o(.text)
    xPortStartScheduler                      0x080048ab   Thumb Code    38  port.o(.text)
    vPortEndScheduler                        0x080048d1   Thumb Code     2  port.o(.text)
    vPortYieldFromISR                        0x080048d3   Thumb Code    12  port.o(.text)
    vPortEnterCritical                       0x080048df   Thumb Code    16  port.o(.text)
    vPortExitCritical                        0x080048ef   Thumb Code    18  port.o(.text)
    xPortSysTickHandler                      0x08004901   Thumb Code    28  port.o(.text)
    xQueueCreate                             0x08004929   Thumb Code    96  queue.o(.text)
    xQueueGenericSend                        0x08004a67   Thumb Code   200  queue.o(.text)
    xQueueCreateMutex                        0x08004b2f   Thumb Code    68  queue.o(.text)
    xQueueGenericSendFromISR                 0x08004b73   Thumb Code    82  queue.o(.text)
    xQueueGenericReceive                     0x08004c07   Thumb Code   260  queue.o(.text)
    xQueueReceiveFromISR                     0x08004d0b   Thumb Code    78  queue.o(.text)
    uxQueueMessagesWaiting                   0x08004d59   Thumb Code    18  queue.o(.text)
    uxQueueMessagesWaitingFromISR            0x08004d6b   Thumb Code     4  queue.o(.text)
    vQueueDelete                             0x08004d6f   Thumb Code    20  queue.o(.text)
    xQueueIsQueueEmptyFromISR                0x08004d83   Thumb Code    14  queue.o(.text)
    xQueueIsQueueFullFromISR                 0x08004d91   Thumb Code    16  queue.o(.text)
    xTaskGenericCreate                       0x08004e61   Thumb Code   206  tasks.o(.text)
    vTaskDelete                              0x08004f2f   Thumb Code    90  tasks.o(.text)
    vTaskIncrementTick                       0x08004f89   Thumb Code   118  tasks.o(.text)
    xTaskResumeAll                           0x08004fff   Thumb Code   166  tasks.o(.text)
    vTaskSuspendAll                          0x080050a5   Thumb Code    10  tasks.o(.text)
    vTaskDelayUntil                          0x080050af   Thumb Code   112  tasks.o(.text)
    vTaskDelay                               0x0800511f   Thumb Code    78  tasks.o(.text)
    uxTaskPriorityGet                        0x0800516d   Thumb Code    32  tasks.o(.text)
    vTaskPrioritySet                         0x0800518d   Thumb Code   146  tasks.o(.text)
    vTaskSwitchContext                       0x0800521f   Thumb Code    74  tasks.o(.text)
    vTaskSuspend                             0x08005269   Thumb Code    92  tasks.o(.text)
    xTaskIsTaskSuspended                     0x080052c5   Thumb Code    30  tasks.o(.text)
    vTaskResume                              0x080052e3   Thumb Code    86  tasks.o(.text)
    xTaskResumeFromISR                       0x08005339   Thumb Code    88  tasks.o(.text)
    vTaskStartScheduler                      0x0800540b   Thumb Code    50  tasks.o(.text)
    vTaskEndScheduler                        0x0800543d   Thumb Code    20  tasks.o(.text)
    xTaskGetTickCount                        0x08005451   Thumb Code    18  tasks.o(.text)
    xTaskGetTickCountFromISR                 0x08005463   Thumb Code     6  tasks.o(.text)
    uxTaskGetNumberOfTasks                   0x08005469   Thumb Code     6  tasks.o(.text)
    vTaskPlaceOnEventList                    0x0800546f   Thumb Code    84  tasks.o(.text)
    xTaskRemoveFromEventList                 0x080054c3   Thumb Code    94  tasks.o(.text)
    vTaskSetTimeOutState                     0x08005521   Thumb Code    12  tasks.o(.text)
    xTaskCheckForTimeOut                     0x0800552d   Thumb Code    80  tasks.o(.text)
    vTaskMissedYield                         0x0800557d   Thumb Code     8  tasks.o(.text)
    xTaskGetCurrentTaskHandle                0x08005585   Thumb Code     6  tasks.o(.text)
    vTaskPriorityInherit                     0x0800558b   Thumb Code   114  tasks.o(.text)
    vTaskPriorityDisinherit                  0x080055fd   Thumb Code    66  tasks.o(.text)
    __aeabi_memcpy                           0x08005649   Thumb Code    36  memcpya.o(.text)
    __aeabi_memcpy4                          0x08005649   Thumb Code     0  memcpya.o(.text)
    __aeabi_memcpy8                          0x08005649   Thumb Code     0  memcpya.o(.text)
    __aeabi_memset                           0x0800566d   Thumb Code    14  memseta.o(.text)
    __aeabi_memset4                          0x0800566d   Thumb Code     0  memseta.o(.text)
    __aeabi_memset8                          0x0800566d   Thumb Code     0  memseta.o(.text)
    __aeabi_memclr                           0x0800567b   Thumb Code     4  memseta.o(.text)
    __aeabi_memclr4                          0x0800567b   Thumb Code     0  memseta.o(.text)
    __aeabi_memclr8                          0x0800567b   Thumb Code     0  memseta.o(.text)
    _memset$wrapper                          0x0800567f   Thumb Code    18  memseta.o(.text)
    strncpy                                  0x08005691   Thumb Code    24  strncpy.o(.text)
    strncmp                                  0x080056a9   Thumb Code    30  strncmp.o(.text)
    __aeabi_dmul                             0x080056c7   Thumb Code   228  dmul.o(.text)
    __aeabi_i2d                              0x080057ab   Thumb Code    34  dflti.o(.text)
    __aeabi_ui2d                             0x080057cd   Thumb Code    26  dfltui.o(.text)
    __aeabi_d2uiz                            0x080057e7   Thumb Code    50  dfixui.o(.text)
    __aeabi_cdcmpeq                          0x08005819   Thumb Code     0  cdcmple.o(.text)
    __aeabi_cdcmple                          0x08005819   Thumb Code    38  cdcmple.o(.text)
    __aeabi_cdrcmple                         0x08005841   Thumb Code    38  cdrcmple.o(.text)
    __aeabi_uidiv                            0x08005869   Thumb Code     0  uidiv.o(.text)
    __aeabi_uidivmod                         0x08005869   Thumb Code    44  uidiv.o(.text)
    __aeabi_llsr                             0x08005895   Thumb Code    32  llushr.o(.text)
    _ll_ushift_r                             0x08005895   Thumb Code     0  llushr.o(.text)
    __I$use$fp                               0x080058b5   Thumb Code     0  iusefp.o(.text)
    _double_round                            0x080058b5   Thumb Code    26  depilogue.o(.text)
    _double_epilogue                         0x080058cf   Thumb Code   156  depilogue.o(.text)
    __scatterload                            0x0800596d   Thumb Code    28  init.o(.text)
    __scatterload_rt2                        0x0800596d   Thumb Code     0  init.o(.text)
    __aeabi_llsl                             0x08005991   Thumb Code    30  llshl.o(.text)
    _ll_shift_l                              0x08005991   Thumb Code     0  llshl.o(.text)
    __0printf$3                              0x080059b1   Thumb Code    22  printf3.o(i.__0printf$3)
    __1printf$3                              0x080059b1   Thumb Code     0  printf3.o(i.__0printf$3)
    __2printf                                0x080059b1   Thumb Code     0  printf3.o(i.__0printf$3)
    __scatterload_copy                       0x080059d1   Thumb Code    14  handlers.o(i.__scatterload_copy)
    __scatterload_null                       0x080059df   Thumb Code     2  handlers.o(i.__scatterload_null)
    __scatterload_zeroinit                   0x080059e1   Thumb Code    14  handlers.o(i.__scatterload_zeroinit)
    ASCII16x24_Table                         0x08005ba8   Data        4560  stm3210c_eval_lcd.o(.constdata)
    Region$$Table$$Base                      0x08006d78   Number         0  anon$$obj.o(Region$$Table)
    Region$$Table$$Limit                     0x08006d98   Number         0  anon$$obj.o(Region$$Table)
    SystemFrequency                          0x20000000   Data           4  system_stm32f10x_cl.o(.data)
    SystemFrequency_SysClk                   0x20000004   Data           4  system_stm32f10x_cl.o(.data)
    SystemFrequency_AHBClk                   0x20000008   Data           4  system_stm32f10x_cl.o(.data)
    SystemFrequency_APB1Clk                  0x2000000c   Data           4  system_stm32f10x_cl.o(.data)
    SystemFrequency_APB2Clk                  0x20000010   Data           4  system_stm32f10x_cl.o(.data)
    TimeOut                                  0x20000028   Data           4  stm3210c_eval_ioe.o(.data)
    TS_State                                 0x20000038   Data           8  stm3210c_eval_ioe.o(.data)
    Font16x24                                0x20000048   Data           8  stm3210c_eval_lcd.o(.data)
    room_measurements                        0x20000050   Data           8  main.o(.data)
    Floor                                    0x20000058   Data          12  main.o(.data)
    ComToken                                 0x20000068   Data           4  uart.o(.data)
    TxQueue                                  0x2000006c   Data           4  uart.o(.data)
    Desired_Temp1                            0x20000070   Data           1  lcd.o(.data)
    Desired_Temp2                            0x20000071   Data           1  lcd.o(.data)
    Current_Screen                           0x20000073   Data           1  lcd.o(.data)
    buffer_b                                 0x20000074   Data           1  lcd.o(.data)
    printQueue                               0x20000078   Data           4  lcd.o(.data)
    lcdLock                                  0x2000007c   Data           4  lcd.o(.data)
    buttonQueue                              0x20000080   Data           4  lcd.o(.data)
    EventQueue                               0x20000084   Data           4  lcd.o(.data)
    state                                    0x20000088   Data           1  cu.o(.data)
    Buffer                                   0x20000089   Data           1  cu.o(.data)
    pxCurrentTCB                             0x200000a8   Data           4  tasks.o(.data)
    __stdout                                 0x200000e0   Data           4  stdout.o(.data)
    line_buffer                              0x20000148   Data         101  uart.o(.bss)
    __initial_sp                             0x2000e578   Data           0  stm32f10x.o(STACK)



==============================================================================

Memory Map of the image

  Image Entry point : 0x080000ed

  Load Region LR_IROM1 (Base: 0x08000000, Size: 0x00006e7c, Max: 0x00040000, ABSOLUTE)

    Execution Region ER_IROM1 (Base: 0x08000000, Size: 0x00006d98, Max: 0x00040000, ABSOLUTE)

    Base Addr    Size         Type   Attr      Idx    E Section Name        Object

    0x08000000   0x000000ec   Data   RO            3    RESET               stm32f10x.o
    0x080000ec   0x00000000   Code   RO          525  * .ARM.Collect$$$$00000000  mc_w.l(entry.o)
    0x080000ec   0x00000004   Code   RO          811    .ARM.Collect$$$$00000001  mc_w.l(entry2.o)
    0x080000f0   0x00000004   Code   RO          814    .ARM.Collect$$$$00000004  mc_w.l(entry5.o)
    0x080000f4   0x00000000   Code   RO          816    .ARM.Collect$$$$00000008  mc_w.l(entry7b.o)
    0x080000f4   0x00000000   Code   RO          818    .ARM.Collect$$$$0000000A  mc_w.l(entry8b.o)
    0x080000f4   0x00000008   Code   RO          819    .ARM.Collect$$$$0000000B  mc_w.l(entry9a.o)
    0x080000fc   0x00000000   Code   RO          821    .ARM.Collect$$$$0000000D  mc_w.l(entry10a.o)
    0x080000fc   0x00000000   Code   RO          823    .ARM.Collect$$$$0000000F  mc_w.l(entry11a.o)
    0x080000fc   0x00000004   Code   RO          812    .ARM.Collect$$$$00002712  mc_w.l(entry2.o)
    0x08000100   0x00000088   Code   RO          461    .emb_text           port.o
    0x08000188   0x0000001c   Code   RO            4    .text               stm32f10x.o
    0x080001a4   0x00000148   Code   RO           10    .text               system_stm32f10x_cl.o
    0x080002ec   0x00000298   Code   RO           40    .text               stm32f10x_gpio.o
    0x08000584   0x000003a4   Code   RO           76    .text               stm32f10x_rcc.o
    0x08000928   0x00000b18   Code   RO           96    .text               stm3210c_eval_ioe.o
    0x08001440   0x00000374   Code   RO          129    .text               stm32f10x_i2c.o
    0x080017b4   0x000000ec   Code   RO          144    .text               stm32f10x_exti.o
    0x080018a0   0x000000b8   Code   RO          159    .text               misc.o
    0x08001958   0x0000039c   Code   RO          183    .text               stm32f10x_usart.o
    0x08001cf4   0x00000eac   Code   RO          213    .text               stm3210c_eval_lcd.o
    0x08002ba0   0x00000300   Code   RO          250    .text               stm32f10x_spi.o
    0x08002ea0   0x00000184   Code   RO          265    .text               setup.o
    0x08003024   0x0000011c   Code   RO          321    .text               main.o
    0x08003140   0x000002a8   Code   RO          368    .text               uart.o
    0x080033e8   0x00001190   Code   RO          389    .text               lcd.o
    0x08004578   0x0000018c   Code   RO          413    .text               cu.o
    0x08004704   0x000000f8   Code   RO          428    .text               heap_2.o
    0x080047fc   0x0000008c   Code   RO          449    .text               list.o
    0x08004888   0x000000a0   Code   RO          462    .text               port.o
    0x08004928   0x00000478   Code   RO          482    .text               queue.o
    0x08004da0   0x000008a8   Code   RO          500    .text               tasks.o
    0x08005648   0x00000024   Code   RO          528    .text               mc_w.l(memcpya.o)
    0x0800566c   0x00000024   Code   RO          530    .text               mc_w.l(memseta.o)
    0x08005690   0x00000018   Code   RO          532    .text               mc_w.l(strncpy.o)
    0x080056a8   0x0000001e   Code   RO          534    .text               mc_w.l(strncmp.o)
    0x080056c6   0x000000e4   Code   RO          799    .text               mf_w.l(dmul.o)
    0x080057aa   0x00000022   Code   RO          801    .text               mf_w.l(dflti.o)
    0x080057cc   0x0000001a   Code   RO          803    .text               mf_w.l(dfltui.o)
    0x080057e6   0x00000032   Code   RO          805    .text               mf_w.l(dfixui.o)
    0x08005818   0x00000028   Code   RO          807    .text               mf_w.l(cdcmple.o)
    0x08005840   0x00000028   Code   RO          809    .text               mf_w.l(cdrcmple.o)
    0x08005868   0x0000002c   Code   RO          826    .text               mc_w.l(uidiv.o)
    0x08005894   0x00000020   Code   RO          830    .text               mc_w.l(llushr.o)
    0x080058b4   0x00000000   Code   RO          832    .text               mc_w.l(iusefp.o)
    0x080058b4   0x000000b6   Code   RO          833    .text               mf_w.l(depilogue.o)
    0x0800596a   0x00000002   PAD
    0x0800596c   0x00000024   Code   RO          841    .text               mc_w.l(init.o)
    0x08005990   0x0000001e   Code   RO          843    .text               mc_w.l(llshl.o)
    0x080059ae   0x00000002   PAD
    0x080059b0   0x00000020   Code   RO          627    i.__0printf$3       mc_w.l(printf3.o)
    0x080059d0   0x0000000e   Code   RO          849    i.__scatterload_copy  mc_w.l(handlers.o)
    0x080059de   0x00000002   Code   RO          850    i.__scatterload_null  mc_w.l(handlers.o)
    0x080059e0   0x0000000e   Code   RO          851    i.__scatterload_zeroinit  mc_w.l(handlers.o)
    0x080059ee   0x00000002   PAD
    0x080059f0   0x000001b8   Code   RO          634    i._printf_core      mc_w.l(printf3.o)
    0x08005ba8   0x000011d0   Data   RO          214    .constdata          stm3210c_eval_lcd.o
    0x08006d78   0x00000020   Data   RO          847    Region$$Table       anon$$obj.o


    Execution Region RW_IRAM1 (Base: 0x20000000, Size: 0x0000e578, Max: 0x00010000, ABSOLUTE)

    Base Addr    Size         Type   Attr      Idx    E Section Name        Object

    0x20000000   0x00000014   Data   RW           11    .data               system_stm32f10x_cl.o
    0x20000014   0x00000014   Data   RW           77    .data               stm32f10x_rcc.o
    0x20000028   0x00000018   Data   RW           97    .data               stm3210c_eval_ioe.o
    0x20000040   0x00000010   Data   RW          218    .data               stm3210c_eval_lcd.o
    0x20000050   0x00000008   Data   RW          322    .data               main.o
    0x20000058   0x0000000c   Data   RW          323    .data               main.o
    0x20000064   0x0000000c   Data   RW          371    .data               uart.o
    0x20000070   0x00000018   Data   RW          391    .data               lcd.o
    0x20000088   0x00000002   Data   RW          414    .data               cu.o
    0x2000008a   0x00000002   PAD
    0x2000008c   0x00000018   Data   RW          430    .data               heap_2.o
    0x200000a4   0x00000004   Data   RW          463    .data               port.o
    0x200000a8   0x00000038   Data   RW          502    .data               tasks.o
    0x200000e0   0x00000004   Data   RW          825    .data               mc_w.l(stdout.o)
    0x200000e4   0x000000c9   Zero   RW          369    .bss                uart.o
    0x200001ad   0x00000003   PAD
    0x200001b0   0x00000500   Zero   RW          390    .bss                lcd.o
    0x200006b0   0x0000dc00   Zero   RW          429    .bss                heap_2.o
    0x2000e2b0   0x000000c8   Zero   RW          501    .bss                tasks.o
    0x2000e378   0x00000200   Zero   RW            1    STACK               stm32f10x.o


==============================================================================

Image component sizes


      Code (inc. data)   RO Data    RW Data    ZI Data      Debug   Object Name

       396         52          0          2          0       1802   cu.o
       248         10          0         24      56320       4948   heap_2.o
      4496        458          0         24       1280       8687   lcd.o
       140          0          0          0          0       1849   list.o
       284         28          0         20          0       7702   main.o
       184         12          0          0          0       3701   misc.o
       296         24          0          4          0       2529   port.o
      1144          0          0          0          0       7475   queue.o
       388         64          0          0          0      14321   setup.o
      2840         56          0         24          0      36047   stm3210c_eval_ioe.o
      3756         58       4560         16          0      27273   stm3210c_eval_lcd.o
        28          4        236          0        512        832   stm32f10x.o
       236         10          0          0          0       4671   stm32f10x_exti.o
       664         36          0          0          0      27985   stm32f10x_gpio.o
       884         12          0          0          0      17484   stm32f10x_i2c.o
       932         44          0         20          0      25230   stm32f10x_rcc.o
       768         22          0          0          0      14190   stm32f10x_spi.o
       924         20          0          0          0      15292   stm32f10x_usart.o
       328         40          0         20          0     225221   system_stm32f10x_cl.o
      2216         40          0         56        200      12913   tasks.o
       680         74          0         12        201       3585   uart.o

    ----------------------------------------------------------------------
     21832       1064       4828        224      58516     463737   Object Totals
         0          0         32          0          0          0   (incl. Generated)
         0          0          0          2          3          0   (incl. Padding)

    ----------------------------------------------------------------------

      Code (inc. data)   RO Data    RW Data    ZI Data      Debug   Library Member Name

         0          0          0          0          0          0   entry.o
         0          0          0          0          0          0   entry10a.o
         0          0          0          0          0          0   entry11a.o
         8          4          0          0          0          0   entry2.o
         4          0          0          0          0          0   entry5.o
         0          0          0          0          0          0   entry7b.o
         0          0          0          0          0          0   entry8b.o
         8          4          0          0          0          0   entry9a.o
        30          0          0          0          0          0   handlers.o
        36          8          0          0          0         68   init.o
         0          0          0          0          0          0   iusefp.o
        30          0          0          0          0         68   llshl.o
        32          0          0          0          0         68   llushr.o
        36          0          0          0          0         68   memcpya.o
        36          0          0          0          0        108   memseta.o
       472         14          0          0          0        184   printf3.o
         0          0          0          4          0          0   stdout.o
        30          0          0          0          0         80   strncmp.o
        24          0          0          0          0         76   strncpy.o
        44          0          0          0          0         80   uidiv.o
        40          2          0          0          0         68   cdcmple.o
        40          2          0          0          0         68   cdrcmple.o
       182          0          0          0          0        176   depilogue.o
        50          0          0          0          0         76   dfixui.o
        34          0          0          0          0         76   dflti.o
        26          0          0          0          0         76   dfltui.o
       228          0          0          0          0         96   dmul.o

    ----------------------------------------------------------------------
      1396         34          0          4          0       1436   Library Totals
         6          0          0          0          0          0   (incl. Padding)

    ----------------------------------------------------------------------

      Code (inc. data)   RO Data    RW Data    ZI Data      Debug   Library Name

       790         30          0          4          0        800   mc_w.l
       600          4          0          0          0        636   mf_w.l

    ----------------------------------------------------------------------
      1396         34          0          4          0       1436   Library Totals

    ----------------------------------------------------------------------

==============================================================================


      Code (inc. data)   RO Data    RW Data    ZI Data      Debug   

     23228       1098       4828        228      58516     461841   Grand Totals
     23228       1098       4828        228      58516     461841   ELF Image Totals
     23228       1098       4828        228          0          0   ROM Totals

==============================================================================

    Total RO  Size (Code + RO Data)                28056 (  27.40kB)
    Total RW  Size (RW Data + ZI Data)             58744 (  57.37kB)
    Total ROM Size (Code + RO Data + RW Data)      28284 (  27.62kB)

==============================================================================

